Component: ARM Compiler 5.06 update 7 (build 960) Tool: armlink [4d3601]

==============================================================================

Section Cross References

    startup_stm32g431xx.o(RESET) refers to startup_stm32g431xx.o(STACK) for __initial_sp
    startup_stm32g431xx.o(RESET) refers to startup_stm32g431xx.o(.text) for Reset_Handler
    startup_stm32g431xx.o(RESET) refers to stm32g4xx_it.o(i.NMI_Handler) for NMI_Handler
    startup_stm32g431xx.o(RESET) refers to stm32g4xx_it.o(i.HardFault_Handler) for HardFault_Handler
    startup_stm32g431xx.o(RESET) refers to stm32g4xx_it.o(i.MemManage_Handler) for MemManage_Handler
    startup_stm32g431xx.o(RESET) refers to stm32g4xx_it.o(i.BusFault_Handler) for BusFault_Handler
    startup_stm32g431xx.o(RESET) refers to stm32g4xx_it.o(i.UsageFault_Handler) for UsageFault_Handler
    startup_stm32g431xx.o(RESET) refers to stm32g4xx_it.o(i.SVC_Handler) for SVC_Handler
    startup_stm32g431xx.o(RESET) refers to stm32g4xx_it.o(i.DebugMon_Handler) for DebugMon_Handler
    startup_stm32g431xx.o(RESET) refers to stm32g4xx_it.o(i.PendSV_Handler) for PendSV_Handler
    startup_stm32g431xx.o(RESET) refers to stm32g4xx_it.o(i.SysTick_Handler) for SysTick_Handler
    startup_stm32g431xx.o(RESET) refers to stm32g4xx_it.o(i.EXTI4_IRQHandler) for EXTI4_IRQHandler
    startup_stm32g431xx.o(RESET) refers to stm32g4xx_it.o(i.DMA1_Channel1_IRQHandler) for DMA1_Channel1_IRQHandler
    startup_stm32g431xx.o(RESET) refers to stm32g4xx_it.o(i.DMA1_Channel2_IRQHandler) for DMA1_Channel2_IRQHandler
    startup_stm32g431xx.o(RESET) refers to stm32g4xx_it.o(i.TIM1_UP_TIM16_IRQHandler) for TIM1_UP_TIM16_IRQHandler
    startup_stm32g431xx.o(RESET) refers to stm32g4xx_it.o(i.USART1_IRQHandler) for USART1_IRQHandler
    startup_stm32g431xx.o(.text) refers to system_stm32g4xx.o(i.SystemInit) for SystemInit
    startup_stm32g431xx.o(.text) refers to entry.o(.ARM.Collect$$$$00000000) for __main
    main.o(i.SystemClock_Config) refers to memseta.o(.text) for __aeabi_memclr4
    main.o(i.SystemClock_Config) refers to stm32g4xx_hal_pwr_ex.o(i.HAL_PWREx_ControlVoltageScaling) for HAL_PWREx_ControlVoltageScaling
    main.o(i.SystemClock_Config) refers to stm32g4xx_hal_rcc.o(i.HAL_RCC_OscConfig) for HAL_RCC_OscConfig
    main.o(i.SystemClock_Config) refers to main.o(i.Error_Handler) for Error_Handler
    main.o(i.SystemClock_Config) refers to stm32g4xx_hal_rcc.o(i.HAL_RCC_ClockConfig) for HAL_RCC_ClockConfig
    main.o(i.flash_param_read) refers to stmflash.o(i.stmflash_read) for stmflash_read
    main.o(i.flash_param_read) refers to usart.o(.bss) for my_at_cmd
    main.o(i.main) refers to stm32g4xx_hal.o(i.HAL_Init) for HAL_Init
    main.o(i.main) refers to main.o(i.SystemClock_Config) for SystemClock_Config
    main.o(i.main) refers to delay.o(i.delay_init) for delay_init
    main.o(i.main) refers to gpio.o(i.MX_GPIO_Init) for MX_GPIO_Init
    main.o(i.main) refers to dma.o(i.MX_DMA_Init) for MX_DMA_Init
    main.o(i.main) refers to spi.o(i.MX_SPI1_Init) for MX_SPI1_Init
    main.o(i.main) refers to spi.o(i.MX_SPI3_Init) for MX_SPI3_Init
    main.o(i.main) refers to usart.o(i.MX_USART1_UART_Init) for MX_USART1_UART_Init
    main.o(i.main) refers to tim.o(i.MX_TIM1_Init) for MX_TIM1_Init
    main.o(i.main) refers to i2c.o(i.MX_I2C2_Init) for MX_I2C2_Init
    main.o(i.main) refers to stm32g4xx_hal_gpio.o(i.HAL_GPIO_WritePin) for HAL_GPIO_WritePin
    main.o(i.main) refers to icm45686_task.o(i.imu_init) for imu_init
    main.o(i.main) refers to stm32g4xx_hal_gpio.o(i.HAL_GPIO_TogglePin) for HAL_GPIO_TogglePin
    main.o(i.main) refers to delay.o(i.delay_ms) for delay_ms
    main.o(i.main) refers to angle.o(i.IMU_Calibration) for IMU_Calibration
    main.o(i.main) refers to main.o(i.flash_param_read) for flash_param_read
    main.o(i.main) refers to stm32g4xx_hal_tim.o(i.HAL_TIM_Base_Start_IT) for HAL_TIM_Base_Start_IT
    main.o(i.main) refers to stm32g4xx_hal_uart_ex.o(i.HAL_UARTEx_ReceiveToIdle_DMA) for HAL_UARTEx_ReceiveToIdle_DMA
    main.o(i.main) refers to icm45686_task.o(.bss) for myIMU1
    main.o(i.main) refers to tim.o(.bss) for htim1
    main.o(i.main) refers to usart.o(.bss) for USART1_RX_BUF
    gpio.o(i.HAL_GPIO_EXTI_Callback) refers to angle.o(i.IMU_DataUpdate) for IMU_DataUpdate
    gpio.o(i.HAL_GPIO_EXTI_Callback) refers to icm45686_task.o(.bss) for myIMU1
    gpio.o(i.MX_GPIO_Init) refers to memseta.o(.text) for __aeabi_memclr4
    gpio.o(i.MX_GPIO_Init) refers to stm32g4xx_hal_gpio.o(i.HAL_GPIO_WritePin) for HAL_GPIO_WritePin
    gpio.o(i.MX_GPIO_Init) refers to stm32g4xx_hal_gpio.o(i.HAL_GPIO_Init) for HAL_GPIO_Init
    gpio.o(i.MX_GPIO_Init) refers to stm32g4xx_hal_cortex.o(i.HAL_NVIC_SetPriority) for HAL_NVIC_SetPriority
    gpio.o(i.MX_GPIO_Init) refers to stm32g4xx_hal_cortex.o(i.HAL_NVIC_EnableIRQ) for HAL_NVIC_EnableIRQ
    dma.o(i.MX_DMA_Init) refers to stm32g4xx_hal_cortex.o(i.HAL_NVIC_SetPriority) for HAL_NVIC_SetPriority
[...]
    i.TIM1_UP_TIM16_IRQHandler               0x08004498   Section        0  stm32g4xx_it.o(i.TIM1_UP_TIM16_IRQHandler)
    i.TIM_Base_SetConfig                     0x080044a4   Section        0  stm32g4xx_hal_tim.o(i.TIM_Base_SetConfig)
    i.TIM_ETR_SetConfig                      0x08004564   Section        0  stm32g4xx_hal_tim.o(i.TIM_ETR_SetConfig)
    i.TIM_ITRx_SetConfig                     0x08004578   Section        0  stm32g4xx_hal_tim.o(i.TIM_ITRx_SetConfig)
    TIM_ITRx_SetConfig                       0x08004579   Thumb Code    16  stm32g4xx_hal_tim.o(i.TIM_ITRx_SetConfig)
    i.TIM_TI1_ConfigInputStage               0x0800458c   Section        0  stm32g4xx_hal_tim.o(i.TIM_TI1_ConfigInputStage)
    TIM_TI1_ConfigInputStage                 0x0800458d   Thumb Code    34  stm32g4xx_hal_tim.o(i.TIM_TI1_ConfigInputStage)
    i.TIM_TI2_ConfigInputStage               0x080045ae   Section        0  stm32g4xx_hal_tim.o(i.TIM_TI2_ConfigInputStage)
    TIM_TI2_ConfigInputStage                 0x080045af   Thumb Code    36  stm32g4xx_hal_tim.o(i.TIM_TI2_ConfigInputStage)
    i.UARTEx_SetNbDataToProcess              0x080045d4   Section        0  stm32g4xx_hal_uart_ex.o(i.UARTEx_SetNbDataToProcess)
    UARTEx_SetNbDataToProcess                0x080045d5   Thumb Code    66  stm32g4xx_hal_uart_ex.o(i.UARTEx_SetNbDataToProcess)
    i.UART_AdvFeatureConfig                  0x0800461c   Section        0  stm32g4xx_hal_uart.o(i.UART_AdvFeatureConfig)
    i.UART_CheckIdleState                    0x080046e4   Section        0  stm32g4xx_hal_uart.o(i.UART_CheckIdleState)
    i.UART_DMAAbortOnError                   0x0800478e   Section        0  stm32g4xx_hal_uart.o(i.UART_DMAAbortOnError)
    UART_DMAAbortOnError                     0x0800478f   Thumb Code    16  stm32g4xx_hal_uart.o(i.UART_DMAAbortOnError)
    i.UART_DMAError                          0x0800479e   Section        0  stm32g4xx_hal_uart.o(i.UART_DMAError)
    UART_DMAError                            0x0800479f   Thumb Code    80  stm32g4xx_hal_uart.o(i.UART_DMAError)
    i.UART_DMAReceiveCplt                    0x080047ee   Section        0  stm32g4xx_hal_uart.o(i.UART_DMAReceiveCplt)
    UART_DMAReceiveCplt                      0x080047ef   Thumb Code   134  stm32g4xx_hal_uart.o(i.UART_DMAReceiveCplt)
    i.UART_DMARxHalfCplt                     0x08004874   Section        0  stm32g4xx_hal_uart.o(i.UART_DMARxHalfCplt)
    UART_DMARxHalfCplt                       0x08004875   Thumb Code    32  stm32g4xx_hal_uart.o(i.UART_DMARxHalfCplt)
    i.UART_DMATransmitCplt                   0x08004894   Section        0  stm32g4xx_hal_uart.o(i.UART_DMATransmitCplt)
    UART_DMATransmitCplt                     0x08004895   Thumb Code    66  stm32g4xx_hal_uart.o(i.UART_DMATransmitCplt)
    i.UART_DMATxHalfCplt                     0x080048d6   Section        0  stm32g4xx_hal_uart.o(i.UART_DMATxHalfCplt)
    UART_DMATxHalfCplt                       0x080048d7   Thumb Code    10  stm32g4xx_hal_uart.o(i.UART_DMATxHalfCplt)
    i.UART_EndRxTransfer                     0x080048e0   Section        0  stm32g4xx_hal_uart.o(i.UART_EndRxTransfer)
    UART_EndRxTransfer                       0x080048e1   Thumb Code    78  stm32g4xx_hal_uart.o(i.UART_EndRxTransfer)
    i.UART_EndTransmit_IT                    0x08004934   Section        0  stm32g4xx_hal_uart.o(i.UART_EndTransmit_IT)
    UART_EndTransmit_IT                      0x08004935   Thumb Code    36  stm32g4xx_hal_uart.o(i.UART_EndTransmit_IT)
    i.UART_EndTxTransfer                     0x08004958   Section        0  stm32g4xx_hal_uart.o(i.UART_EndTxTransfer)
    UART_EndTxTransfer                       0x08004959   Thumb Code    46  stm32g4xx_hal_uart.o(i.UART_EndTxTransfer)
    i.UART_SetConfig                         0x08004988   Section        0  stm32g4xx_hal_uart.o(i.UART_SetConfig)
    i.UART_Start_Receive_DMA                 0x08004c5c   Section        0  stm32g4xx_hal_uart.o(i.UART_Start_Receive_DMA)
    i.UART_WaitOnFlagUntilTimeout            0x08004d00   Section        0  stm32g4xx_hal_uart.o(i.UART_WaitOnFlagUntilTimeout)
    i.USART1_IRQHandler                      0x08004d98   Section        0  stm32g4xx_it.o(i.USART1_IRQHandler)
    i.UsageFault_Handler                     0x08004db8   Section        0  stm32g4xx_it.o(i.UsageFault_Handler)
    i.__0printf                              0x08004dbc   Section        0  printfa.o(i.__0printf)
    i.__0vsnprintf                           0x08004ddc   Section        0  printfa.o(i.__0vsnprintf)
    i.__ARM_fpclassifyf                      0x08004e10   Section        0  fpclassifyf.o(i.__ARM_fpclassifyf)
    i.__NVIC_SetPriority                     0x08004e36   Section        0  stm32g4xx_hal_cortex.o(i.__NVIC_SetPriority)
    __NVIC_SetPriority                       0x08004e37   Thumb Code    32  stm32g4xx_hal_cortex.o(i.__NVIC_SetPriority)
    i.__hardfp_atan2f                        0x08004e58   Section        0  atan2f.o(i.__hardfp_atan2f)
    i.__hardfp_expf                          0x08005104   Section        0  expf.o(i.__hardfp_expf)
    i.__hardfp_fabs                          0x080052ec   Section        0  fabs.o(i.__hardfp_fabs)
    i.__hardfp_sqrtf                         0x08005300   Section        0  sqrtf.o(i.__hardfp_sqrtf)
    i.__mathlib_flt_infnan                   0x0800533a   Section        0  funder.o(i.__mathlib_flt_infnan)
    i.__mathlib_flt_infnan2                  0x08005340   Section        0  funder.o(i.__mathlib_flt_infnan2)
    i.__mathlib_flt_overflow                 0x08005348   Section        0  funder.o(i.__mathlib_flt_overflow)
    i.__mathlib_flt_underflow                0x08005358   Section        0  funder.o(i.__mathlib_flt_underflow)
    i.__scatterload_copy                     0x08005368   Section       14  handlers.o(i.__scatterload_copy)
    i.__scatterload_null                     0x08005376   Section        2  handlers.o(i.__scatterload_null)
    i.__scatterload_zeroinit                 0x08005378   Section       14  handlers.o(i.__scatterload_zeroinit)
    i.__set_errno                            0x08005388   Section        0  errno.o(i.__set_errno)
    i._fp_digits                             0x08005394   Section        0  printfa.o(i._fp_digits)
    _fp_digits                               0x08005395   Thumb Code   366  printfa.o(i._fp_digits)
    i._printf_core                           0x08005518   Section        0  printfa.o(i._printf_core)
    _printf_core                             0x08005519   Thumb Code  1704  printfa.o(i._printf_core)
    i._printf_post_padding                   0x08005bcc   Section        0  printfa.o(i._printf_post_padding)
    _printf_post_padding                     0x08005bcd   Thumb Code    36  printfa.o(i._printf_post_padding)
    i._printf_pre_padding                    0x08005bf0   Section        0  printfa.o(i._printf_pre_padding)
    _printf_pre_padding                      0x08005bf1   Thumb Code    46  printfa.o(i._printf_pre_padding)
    i._snputc                                0x08005c1e   Section        0  printfa.o(i._snputc)
    _snputc                                  0x08005c1f   Thumb Code    22  printfa.o(i._snputc)
    i.check_out_of_bounds_mreg               0x08005c34   Section        0  inv_imu_transport.o(i.check_out_of_bounds_mreg)
    check_out_of_bounds_mreg                 0x08005c35   Thumb Code    92  inv_imu_transport.o(i.check_out_of_bounds_mreg)
    i.delay_init                             0x08005c90   Section        0  delay.o(i.delay_init)
    i.delay_ms                               0x08005ca4   Section        0  delay.o(i.delay_ms)
    i.delay_us                               0x08005cdc   Section        0  delay.o(i.delay_us)
    i.flash_param_read                       0x08005d14   Section        0  main.o(i.flash_param_read)
    i.fputc                                  0x08005d28   Section        0  usart.o(i.fputc)
    i.icm45686_data_update                   0x08005d40   Section        0  icm45686_task.o(i.icm45686_data_update)
    i.imu_init                               0x08005f88   Section        0  icm45686_task.o(i.imu_init)
    i.invSqrt                                0x08006380   Section        0  hana_math.o(i.invSqrt)
    i.inv_imu_get_endianness                 0x080063ac   Section        0  inv_imu_driver.o(i.inv_imu_get_endianness)
    i.inv_imu_get_register_data              0x080063ce   Section        0  inv_imu_driver.o(i.inv_imu_get_register_data)
    i.inv_imu_get_who_am_i                   0x0800649c   Section        0  inv_imu_driver.o(i.inv_imu_get_who_am_i)
    i.inv_imu_read_reg                       0x080064ca   Section        0  inv_imu_transport.o(i.inv_imu_read_reg)
    i.inv_imu_select_accel_lp_clk            0x080064da   Section        0  inv_imu_driver.o(i.inv_imu_select_accel_lp_clk)
    i.inv_imu_set_accel_frequency            0x0800650c   Section        0  inv_imu_driver.o(i.inv_imu_set_accel_frequency)
    i.inv_imu_set_accel_fsr                  0x0800653a   Section        0  inv_imu_driver.o(i.inv_imu_set_accel_fsr)
    i.inv_imu_set_accel_ln_bw                0x08006568   Section        0  inv_imu_driver.o(i.inv_imu_set_accel_ln_bw)
    i.inv_imu_set_accel_mode                 0x0800659a   Section        0  inv_imu_driver.o(i.inv_imu_set_accel_mode)
    i.inv_imu_set_config_int                 0x080065d2   Section        0  inv_imu_driver.o(i.inv_imu_set_config_int)
    i.inv_imu_set_gyro_frequency             0x08006672   Section        0  inv_imu_driver.o(i.inv_imu_set_gyro_frequency)
    i.inv_imu_set_gyro_fsr                   0x080066a0   Section        0  inv_imu_driver.o(i.inv_imu_set_gyro_fsr)
    i.inv_imu_set_gyro_ln_bw                 0x080066ce   Section        0  inv_imu_driver.o(i.inv_imu_set_gyro_ln_bw)
    i.inv_imu_set_gyro_mode                  0x08006700   Section        0  inv_imu_driver.o(i.inv_imu_set_gyro_mode)
    i.inv_imu_set_pin_config_int             0x08006738   Section        0  inv_imu_driver.o(i.inv_imu_set_pin_config_int)
    i.inv_imu_sleep_us                       0x08006788   Section        0  inv_imu_driver.o(i.inv_imu_sleep_us)
    i.inv_imu_soft_reset                     0x08006794   Section        0  inv_imu_driver.o(i.inv_imu_soft_reset)
    i.inv_imu_write_reg                      0x0800681c   Section        0  inv_imu_transport.o(i.inv_imu_write_reg)
    i.kalman1_filter                         0x0800682a   Section        0  filter.o(i.kalman1_filter)
    i.main                                   0x08006884   Section        0  main.o(i.main)
    i.read_dreg                              0x0800691c   Section        0  inv_imu_transport.o(i.read_dreg)
    read_dreg                                0x0800691d   Thumb Code    24  inv_imu_transport.o(i.read_dreg)
    i.read_mreg                              0x08006934   Section        0  inv_imu_transport.o(i.read_mreg)
    read_mreg                                0x08006935   Thumb Code    98  inv_imu_transport.o(i.read_mreg)
    i.si_io_imu1_read_reg                    0x08006998   Section        0  icm45686_task.o(i.si_io_imu1_read_reg)
    i.si_io_imu1_write_reg                   0x080069f4   Section        0  icm45686_task.o(i.si_io_imu1_write_reg)
    i.si_io_imu2_read_reg                    0x08006a4c   Section        0  icm45686_task.o(i.si_io_imu2_read_reg)
    i.si_io_imu2_write_reg                   0x08006aac   Section        0  icm45686_task.o(i.si_io_imu2_write_reg)
    i.si_sleep_us                            0x08006b08   Section        0  icm45686_task.o(i.si_sleep_us)
    i.sq                                     0x08006b0c   Section        0  hana_math.o(i.sq)
    i.stmflash_erase_page                    0x08006b12   Section        0  stmflash.o(i.stmflash_erase_page)
    i.stmflash_read                          0x08006b44   Section        0  stmflash.o(i.stmflash_read)
    i.stmflash_write                         0x08006b64   Section        0  stmflash.o(i.stmflash_write)
    i.stmflash_write_without_check           0x08006d68   Section        0  stmflash.o(i.stmflash_write_without_check)
    stmflash_write_without_check             0x08006d69   Thumb Code    86  stmflash.o(i.stmflash_write_without_check)
    i.uart_AT_cmd_decoder                    0x08006dc0   Section        0  usart.o(i.uart_AT_cmd_decoder)
    i.uart_printf                            0x08006e1c   Section        0  usart.o(i.uart_printf)
    i.uart_send_IMU_data                     0x08006e50   Section        0  usart.o(i.uart_send_IMU_data)
    i.write_dreg                             0x08006fdc   Section        0  inv_imu_transport.o(i.write_dreg)
    write_dreg                               0x08006fdd   Thumb Code    24  inv_imu_transport.o(i.write_dreg)
    i.write_mreg                             0x08006ff4   Section        0  inv_imu_transport.o(i.write_mreg)
    write_mreg                               0x08006ff5   Thumb Code   108  inv_imu_transport.o(i.write_mreg)
    .constdata                               0x08007060   Section       24  stm32g4xx_hal_uart.o(.constdata)
    .constdata                               0x08007078   Section       16  stm32g4xx_hal_uart_ex.o(.constdata)
    numerator                                0x08007078   Data           8  stm32g4xx_hal_uart_ex.o(.constdata)
    denominator                              0x08007080   Data           8  stm32g4xx_hal_uart_ex.o(.constdata)
    .constdata                               0x08007088   Section       16  system_stm32g4xx.o(.constdata)
    .constdata                               0x08007098   Section        8  system_stm32g4xx.o(.constdata)
    .constdata                               0x080070a0   Section       48  expf.o(.constdata)
    twotokover4top                           0x080070a0   Data          16  expf.o(.constdata)
    twotokover4bot                           0x080070b0   Data          16  expf.o(.constdata)
    twotokover4all                           0x080070c0   Data          16  expf.o(.constdata)
    .data                                    0x20000000   Section       12  tim.o(.data)
    .data                                    0x2000000c   Section       12  stm32g4xx_hal.o(.data)
    .data                                    0x20000018   Section       32  stm32g4xx_hal_flash.o(.data)
    .data                                    0x20000038   Section        4  system_stm32g4xx.o(.data)
    .data                                    0x2000003c   Section        4  delay.o(.data)
    g_fac_us                                 0x2000003c   Data           4  delay.o(.data)
    .data                                    0x20000040   Section       84  angle.o(.data)
    ekf                                      0x20000040   Data          84  angle.o(.data)
    .data                                    0x20000094   Section        4  stdout.o(.data)
    .data                                    0x20000098   Section        4  errno.o(.data)
    _errno                                   0x20000098   Data           4  errno.o(.data)
    .bss                                     0x2000009c   Section       84  i2c.o(.bss)
    .bss                                     0x200000f0   Section      200  spi.o(.bss)
    .bss                                     0x200001b8   Section       76  tim.o(.bss)
    .bss                                     0x20000204   Section     1428  usart.o(.bss)
    .bss                                     0x20000798   Section      302  icm45686_task.o(.bss)
    .bss                                     0x200008c8   Section      228  bmm350_task.o(.bss)
    .bss                                     0x200009b0   Section     2048  stmflash.o(.bss)
    page_buf                                 0x200009b0   Data        2048  stmflash.o(.bss)
    .bss                                     0x200011b0   Section      184  angle.o(.bss)
    last_out                                 0x200011b0   Data          12  angle.o(.bss)
    lastlast_out                             0x200011bc   Data          12  angle.o(.bss)
    GyroIntegError                           0x200011c8   Data          12  angle.o(.bss)
    STACK                                    0x20001268   Section    16384  startup_stm32g431xx.o(STACK)

    Global Symbols

    Symbol Name                              Value     Ov Type        Size  Object(Section)

    BuildAttributes$$THM_ISAv4$E$P$D$K$B$S$7EM$VFPi3$EXTD16$VFPS$VFMA$PE$A:L22UL41UL21$X:L11$S22US41US21$IEEE1$IW$USESV6$~STKCKD$USESV7$~SHL$OTIME$ROPI$IEEEX$EBA8$MICROLIB$REQ8$PRES8$EABIv2 0x00000000   Number         0  anon$$obj.o ABSOLUTE
    __ARM_use_no_argv                        0x00000000   Number         0  main.o ABSOLUTE
    _printf_a                                0x00000000   Number         0  stubs.o ABSOLUTE
    _printf_c                                0x00000000   Number         0  stubs.o ABSOLUTE
    _printf_charcount                        0x00000000   Number         0  stubs.o ABSOLUTE
    _printf_d                                0x00000000   Number         0  stubs.o ABSOLUTE
    _printf_e                                0x00000000   Number         0  stubs.o ABSOLUTE
    _printf_f                                0x00000000   Number         0  stubs.o ABSOLUTE
    _printf_flags                            0x00000000   Number         0  stubs.o ABSOLUTE
    _printf_fp_dec                           0x00000000   Number         0  stubs.o ABSOLUTE
    _printf_fp_hex                           0x00000000   Number         0  stubs.o ABSOLUTE
    _printf_g                                0x00000000   Number         0  stubs.o ABSOLUTE
    _printf_i                                0x00000000   Number         0  stubs.o ABSOLUTE
    _printf_int_dec                          0x00000000   Number         0  stubs.o ABSOLUTE
    _printf_l                                0x00000000   Number         0  stubs.o ABSOLUTE
    _printf_lc                               0x00000000   Number         0  stubs.o ABSOLUTE
    _printf_ll                               0x00000000   Number         0  stubs.o ABSOLUTE
    _printf_lld                              0x00000000   Number         0  stubs.o ABSOLUTE
    _printf_lli                              0x00000000   Number         0  stubs.o ABSOLUTE
    _printf_llo                              0x00000000   Number         0  stubs.o ABSOLUTE
    _printf_llu                              0x00000000   Number         0  stubs.o ABSOLUTE
    _printf_llx                              0x00000000   Number         0  stubs.o ABSOLUTE
    _printf_longlong_dec                     0x00000000   Number         0  stubs.o ABSOLUTE
    _printf_longlong_hex                     0x00000000   Number         0  stubs.o ABSOLUTE
    _printf_longlong_oct                     0x00000000   Number         0  stubs.o ABSOLUTE
    _printf_ls                               0x00000000   Number         0  stubs.o ABSOLUTE
    _printf_mbtowc                           0x00000000   Number         0  stubs.o ABSOLUTE
    _printf_n                                0x00000000   Number         0  stubs.o ABSOLUTE
    _printf_o                                0x00000000   Number         0  stubs.o ABSOLUTE
    _printf_p                                0x00000000   Number         0  stubs.o ABSOLUTE
    _printf_percent                          0x00000000   Number         0  stubs.o ABSOLUTE
    _printf_pre_padding                      0x00000000   Number         0  stubs.o ABSOLUTE
    _printf_return_value                     0x00000000   Number         0  stubs.o ABSOLUTE
    _printf_s                                0x00000000   Number         0  stubs.o ABSOLUTE
    _printf_sizespec                         0x00000000   Number         0  stubs.o ABSOLUTE
    _printf_str                              0x00000000   Number         0  stubs.o ABSOLUTE
    _printf_truncate_signed                  0x00000000   Number         0  stubs.o ABSOLUTE
    _printf_truncate_unsigned                0x00000000   Number         0  stubs.o ABSOLUTE
    _printf_u                                0x00000000   Number         0  stubs.o ABSOLUTE
    _printf_wc                               0x00000000   Number         0  stubs.o ABSOLUTE
    _printf_wctomb                           0x00000000   Number         0  stubs.o ABSOLUTE
    _printf_widthprec                        0x00000000   Number         0  stubs.o ABSOLUTE
    _printf_x                                0x00000000   Number         0  stubs.o ABSOLUTE
    __arm_fini_                               - Undefined Weak Reference
    __cpp_initialize__aeabi_                  - Undefined Weak Reference
    __cxa_finalize                            - Undefined Weak Reference
    __decompress                              - Undefined Weak Reference
    _clock_init                               - Undefined Weak Reference
    _microlib_exit                            - Undefined Weak Reference
    __Vectors_Size                           0x000001d8   Number         0  startup_stm32g431xx.o ABSOLUTE
    __Vectors                                0x08000000   Data           4  startup_stm32g431xx.o(RESET)
    __Vectors_End                            0x080001d8   Data           0  startup_stm32g431xx.o(RESET)
    __main                                   0x080001d9   Thumb Code     0  entry.o(.ARM.Collect$$$$00000000)
    _main_stk                                0x080001d9   Thumb Code     0  entry2.o(.ARM.Collect$$$$00000001)
    _main_scatterload                        0x080001dd   Thumb Code     0  entry5.o(.ARM.Collect$$$$00000004)
    __main_after_scatterload                 0x080001e1   Thumb Code     0  entry5.o(.ARM.Collect$$$$00000004)
    _main_clock                              0x080001e1   Thumb Code     0  entry7b.o(.ARM.Collect$$$$00000008)
    _main_cpp_init                           0x080001e1   Thumb Code     0  entry8b.o(.ARM.Collect$$$$0000000A)
    _main_init                               0x080001e1   Thumb Code     0  entry9a.o(.ARM.Collect$$$$0000000B)
    __rt_lib_shutdown_fini                   0x080001e9   Thumb Code     0  entry12b.o(.ARM.Collect$$$$0000000E)
    __rt_final_cpp                           0x080001ed   Thumb Code     0  entry10a.o(.ARM.Collect$$$$0000000F)
    __rt_final_exit                          0x080001ed   Thumb Code     0  entry11a.o(.ARM.Collect$$$$00000011)
    Reset_Handler                            0x080001f1   Thumb Code     8  startup_stm32g431xx.o(.text)
    ADC1_2_IRQHandler                        0x0800020b   Thumb Code     0  startup_stm32g431xx.o(.text)
    COMP1_2_3_IRQHandler                     0x0800020b   Thumb Code     0  startup_stm32g431xx.o(.text)
    COMP4_IRQHandler                         0x0800020b   Thumb Code     0  startup_stm32g431xx.o(.text)
    CORDIC_IRQHandler                        0x0800020b   Thumb Code     0  startup_stm32g431xx.o(.text)
    CRS_IRQHandler                           0x0800020b   Thumb Code     0  startup_stm32g431xx.o(.text)
    DMA1_Channel3_IRQHandler                 0x0800020b   Thumb Code     0  startup_stm32g431xx.o(.text)
    DMA1_Channel4_IRQHandler                 0x0800020b   Thumb Code     0  startup_stm32g431xx.o(.text)
    DMA1_Channel5_IRQHandler                 0x0800020b   Thumb Code     0  startup_stm32g431xx.o(.text)
    DMA1_Channel6_IRQHandler                 0x0800020b   Thumb Code     0  startup_stm32g431xx.o(.text)
    DMA2_Channel1_IRQHandler                 0x0800020b   Thumb Code     0  startup_stm32g431xx.o(.text)
    DMA2_Channel2_IRQHandler                 0x0800020b   Thumb Code     0  startup_stm32g431xx.o(.text)
    DMA2_Channel3_IRQHandler                 0x0800020b   Thumb Code     0  startup_stm32g431xx.o(.text)
    DMA2_Channel4_IRQHandler                 0x0800020b   Thumb Code     0  startup_stm32g431xx.o(.text)
    DMA2_Channel5_IRQHandler                 0x0800020b   Thumb Code     0  startup_stm32g431xx.o(.text)
    DMA2_Channel6_IRQHandler                 0x0800020b   Thumb Code     0  startup_stm32g431xx.o(.text)
    DMAMUX_OVR_IRQHandler                    0x0800020b   Thumb Code     0  startup_stm32g431xx.o(.text)
    EXTI0_IRQHandler                         0x0800020b   Thumb Code     0  startup_stm32g431xx.o(.text)
    EXTI15_10_IRQHandler                     0x0800020b   Thumb Code     0  startup_stm32g431xx.o(.text)
    EXTI1_IRQHandler                         0x0800020b   Thumb Code     0  startup_stm32g431xx.o(.text)
    EXTI2_IRQHandler                         0x0800020b   Thumb Code     0  startup_stm32g431xx.o(.text)
    EXTI3_IRQHandler                         0x0800020b   Thumb Code     0  startup_stm32g431xx.o(.text)
    EXTI9_5_IRQHandler                       0x0800020b   Thumb Code     0  startup_stm32g431xx.o(.text)
    FDCAN1_IT0_IRQHandler                    0x0800020b   Thumb Code     0  startup_stm32g431xx.o(.text)
    FDCAN1_IT1_IRQHandler                    0x0800020b   Thumb Code     0  startup_stm32g431xx.o(.text)
    FLASH_IRQHandler                         0x0800020b   Thumb Code     0  startup_stm32g431xx.o(.text)
    FMAC_IRQHandler                          0x0800020b   Thumb Code     0  startup_stm32g431xx.o(.text)
    FPU_IRQHandler                           0x0800020b   Thumb Code     0  startup_stm32g431xx.o(.text)
    I2C1_ER_IRQHandler                       0x0800020b   Thumb Code     0  startup_stm32g431xx.o(.text)
    I2C1_EV_IRQHandler                       0x0800020b   Thumb Code     0  startup_stm32g431xx.o(.text)
    I2C2_ER_IRQHandler                       0x0800020b   Thumb Code     0  startup_stm32g431xx.o(.text)
    I2C2_EV_IRQHandler                       0x0800020b   Thumb Code     0  startup_stm32g431xx.o(.text)
    I2C3_ER_IRQHandler                       0x0800020b   Thumb Code     0  startup_stm32g431xx.o(.text)
    I2C3_EV_IRQHandler                       0x0800020b   Thumb Code     0  startup_stm32g431xx.o(.text)
    LPTIM1_IRQHandler                        0x0800020b   Thumb Code     0  startup_stm32g431xx.o(.text)
    LPUART1_IRQHandler                       0x0800020b   Thumb Code     0  startup_stm32g431xx.o(.text)
    PVD_PVM_IRQHandler                       0x0800020b   Thumb Code     0  startup_stm32g431xx.o(.text)
    RCC_IRQHandler                           0x0800020b   Thumb Code     0  startup_stm32g431xx.o(.text)
    RNG_IRQHandler                           0x0800020b   Thumb Code     0  startup_stm32g431xx.o(.text)
    RTC_Alarm_IRQHandler                     0x0800020b   Thumb Code     0  startup_stm32g431xx.o(.text)
    RTC_TAMP_LSECSS_IRQHandler               0x0800020b   Thumb Code     0  startup_stm32g431xx.o(.text)
    RTC_WKUP_IRQHandler                      0x0800020b   Thumb Code     0  startup_stm32g431xx.o(.text)
    SAI1_IRQHandler                          0x0800020b   Thumb Code     0  startup_stm32g431xx.o(.text)
    SPI1_IRQHandler                          0x0800020b   Thumb Code     0  startup_stm32g431xx.o(.text)
    SPI2_IRQHandler                          0x0800020b   Thumb Code     0  startup_stm32g431xx.o(.text)
    SPI3_IRQHandler                          0x0800020b   Thumb Code     0  startup_stm32g431xx.o(.text)
    TIM1_BRK_TIM15_IRQHandler                0x0800020b   Thumb Code     0  startup_stm32g431xx.o(.text)
    TIM1_CC_IRQHandler                       0x0800020b   Thumb Code     0  startup_stm32g431xx.o(.text)
    TIM1_TRG_COM_TIM17_IRQHandler            0x0800020b   Thumb Code     0  startup_stm32g431xx.o(.text)
    TIM2_IRQHandler                          0x0800020b   Thumb Code     0  startup_stm32g431xx.o(.text)
    TIM3_IRQHandler                          0x0800020b   Thumb Code     0  startup_stm32g431xx.o(.text)
    TIM4_IRQHandler                          0x0800020b   Thumb Code     0  startup_stm32g431xx.o(.text)
    TIM6_DAC_IRQHandler                      0x0800020b   Thumb Code     0  startup_stm32g431xx.o(.text)
    TIM7_IRQHandler                          0x0800020b   Thumb Code     0  startup_stm32g431xx.o(.text)
    TIM8_BRK_IRQHandler                      0x0800020b   Thumb Code     0  startup_stm32g431xx.o(.text)
    TIM8_CC_IRQHandler                       0x0800020b   Thumb Code     0  startup_stm32g431xx.o(.text)
    TIM8_TRG_COM_IRQHandler                  0x0800020b   Thumb Code     0  startup_stm32g431xx.o(.text)
    TIM8_UP_IRQHandler                       0x0800020b   Thumb Code     0  startup_stm32g431xx.o(.text)
    UART4_IRQHandler                         0x0800020b   Thumb Code     0  startup_stm32g431xx.o(.text)
    UCPD1_IRQHandler                         0x0800020b   Thumb Code     0  startup_stm32g431xx.o(.text)
    USART2_IRQHandler                        0x0800020b   Thumb Code     0  startup_stm32g431xx.o(.text)
    USART3_IRQHandler                        0x0800020b   Thumb Code     0  startup_stm32g431xx.o(.text)
    USBWakeUp_IRQHandler                     0x0800020b   Thumb Code     0  startup_stm32g431xx.o(.text)
    USB_HP_IRQHandler                        0x0800020b   Thumb Code     0  startup_stm32g431xx.o(.text)
    USB_LP_IRQHandler                        0x0800020b   Thumb Code     0  startup_stm32g431xx.o(.text)
    WWDG_IRQHandler                          0x0800020b   Thumb Code     0  startup_stm32g431xx.o(.text)
    __aeabi_uldivmod                         0x08000215   Thumb Code    98  uldiv.o(.text)
    __aeabi_memcpy                           0x08000277   Thumb Code    36  memcpya.o(.text)
    __aeabi_memcpy4                          0x08000277   Thumb Code     0  memcpya.o(.text)
    __aeabi_memcpy8                          0x08000277   Thumb Code     0  memcpya.o(.text)
    __aeabi_memset                           0x0800029b   Thumb Code    14  memseta.o(.text)
    __aeabi_memset4                          0x0800029b   Thumb Code     0  memseta.o(.text)
    __aeabi_memset8                          0x0800029b   Thumb Code     0  memseta.o(.text)
    __aeabi_memclr                           0x080002a9   Thumb Code     4  memseta.o(.text)
    __aeabi_memclr4                          0x080002a9   Thumb Code     0  memseta.o(.text)
    __aeabi_memclr8                          0x080002a9   Thumb Code     0  memseta.o(.text)
    _memset$wrapper                          0x080002ad   Thumb Code    18  memseta.o(.text)
    __aeabi_dadd                             0x080002bf   Thumb Code   322  dadd.o(.text)
    __aeabi_dsub                             0x08000401   Thumb Code     6  dadd.o(.text)
    __aeabi_drsub                            0x08000407   Thumb Code     6  dadd.o(.text)
    __aeabi_ddiv                             0x0800040d   Thumb Code   222  ddiv.o(.text)
    __aeabi_f2d                              0x080004eb   Thumb Code    38  f2d.o(.text)
    __aeabi_cdrcmple                         0x08000511   Thumb Code    48  cdrcmple.o(.text)
    __aeabi_d2f                              0x08000541   Thumb Code    56  d2f.o(.text)
    __aeabi_uidiv                            0x08000579   Thumb Code     0  uidiv.o(.text)
    __aeabi_uidivmod                         0x08000579   Thumb Code    44  uidiv.o(.text)
    __aeabi_llsl                             0x080005a5   Thumb Code    30  llshl.o(.text)
    _ll_shift_l                              0x080005a5   Thumb Code     0  llshl.o(.text)
    __aeabi_llsr                             0x080005c3   Thumb Code    32  llushr.o(.text)
    _ll_ushift_r                             0x080005c3   Thumb Code     0  llushr.o(.text)
    __aeabi_lasr                             0x080005e3   Thumb Code    36  llsshr.o(.text)
    _ll_sshift_r                             0x080005e3   Thumb Code     0  llsshr.o(.text)
    __I$use$fp                               0x08000607   Thumb Code     0  iusefp.o(.text)
    _float_round                             0x08000607   Thumb Code    18  fepilogue.o(.text)
    _float_epilogue                          0x08000619   Thumb Code    92  fepilogue.o(.text)
    _double_round                            0x08000675   Thumb Code    30  depilogue.o(.text)
    _double_epilogue                         0x08000693   Thumb Code   156  depilogue.o(.text)
    __aeabi_dmul                             0x0800072f   Thumb Code   228  dmul.o(.text)
    __aeabi_d2ulz                            0x08000813   Thumb Code    48  dfixul.o(.text)
    __scatterload                            0x08000845   Thumb Code    28  init.o(.text)
    __scatterload_rt2                        0x08000845   Thumb Code     0  init.o(.text)
    BusFault_Handler                         0x08000869   Thumb Code     2  stm32g4xx_it.o(i.BusFault_Handler)
    DMA1_Channel1_IRQHandler                 0x0800086d   Thumb Code     6  stm32g4xx_it.o(i.DMA1_Channel1_IRQHandler)
    DMA1_Channel2_IRQHandler                 0x08000879   Thumb Code     6  stm32g4xx_it.o(i.DMA1_Channel2_IRQHandler)
    DebugMon_Handler                         0x0800092b   Thumb Code     2  stm32g4xx_it.o(i.DebugMon_Handler)
    EXTI4_IRQHandler                         0x0800092d   Thumb Code     6  stm32g4xx_it.o(i.EXTI4_IRQHandler)
    Error_Handler                            0x08000933   Thumb Code     4  main.o(i.Error_Handler)
    FLASH_FlushCaches                        0x08000939   Thumb Code    84  stm32g4xx_hal_flash_ex.o(i.FLASH_FlushCaches)
    FLASH_PageErase                          0x080009b1   Thumb Code    34  stm32g4xx_hal_flash_ex.o(i.FLASH_PageErase)
    FLASH_WaitForLastOperation               0x08000a21   Thumb Code    94  stm32g4xx_hal_flash.o(i.FLASH_WaitForLastOperation)
    HAL_DMA_Abort                            0x08000a89   Thumb Code   104  stm32g4xx_hal_dma.o(i.HAL_DMA_Abort)
    HAL_DMA_Abort_IT                         0x08000af1   Thumb Code   118  stm32g4xx_hal_dma.o(i.HAL_DMA_Abort_IT)
    HAL_DMA_GetState                         0x08000b67   Thumb Code     6  stm32g4xx_hal_dma.o(i.HAL_DMA_GetState)
    HAL_DMA_IRQHandler                       0x08000b6d   Thumb Code   204  stm32g4xx_hal_dma.o(i.HAL_DMA_IRQHandler)
    HAL_DMA_Init                             0x08000c39   Thumb Code   180  stm32g4xx_hal_dma.o(i.HAL_DMA_Init)
    HAL_DMA_Start_IT                         0x08000cf9   Thumb Code   144  stm32g4xx_hal_dma.o(i.HAL_DMA_Start_IT)
    HAL_FLASHEx_Erase                        0x08000d89   Thumb Code   230  stm32g4xx_hal_flash_ex.o(i.HAL_FLASHEx_Erase)
    HAL_FLASH_Lock                           0x08000e79   Thumb Code    22  stm32g4xx_hal_flash.o(i.HAL_FLASH_Lock)
    HAL_FLASH_Program                        0x08000e95   Thumb Code   172  stm32g4xx_hal_flash.o(i.HAL_FLASH_Program)
    HAL_FLASH_Unlock                         0x08000f49   Thumb Code    28  stm32g4xx_hal_flash.o(i.HAL_FLASH_Unlock)
    HAL_GPIO_EXTI_Callback                   0x08000f71   Thumb Code    30  gpio.o(i.HAL_GPIO_EXTI_Callback)
    HAL_GPIO_EXTI_IRQHandler                 0x08000f99   Thumb Code    18  stm32g4xx_hal_gpio.o(i.HAL_GPIO_EXTI_IRQHandler)
    HAL_GPIO_Init                            0x08000fb1   Thumb Code   400  stm32g4xx_hal_gpio.o(i.HAL_GPIO_Init)
    HAL_GPIO_TogglePin                       0x08001161   Thumb Code    16  stm32g4xx_hal_gpio.o(i.HAL_GPIO_TogglePin)
    HAL_GPIO_WritePin                        0x08001171   Thumb Code    12  stm32g4xx_hal_gpio.o(i.HAL_GPIO_WritePin)
    HAL_GetTick                              0x0800117d   Thumb Code     6  stm32g4xx_hal.o(i.HAL_GetTick)
    HAL_I2CEx_ConfigAnalogFilter             0x08001189   Thumb Code    90  stm32g4xx_hal_i2c_ex.o(i.HAL_I2CEx_ConfigAnalogFilter)
    HAL_I2CEx_ConfigDigitalFilter            0x080011e3   Thumb Code    86  stm32g4xx_hal_i2c_ex.o(i.HAL_I2CEx_ConfigDigitalFilter)
    HAL_I2CEx_EnableFastModePlus             0x08001239   Thumb Code    30  stm32g4xx_hal_i2c_ex.o(i.HAL_I2CEx_EnableFastModePlus)
    HAL_I2C_Init                             0x08001261   Thumb Code   198  stm32g4xx_hal_i2c.o(i.HAL_I2C_Init)
    HAL_I2C_MspInit                          0x0800132d   Thumb Code   120  i2c.o(i.HAL_I2C_MspInit)
    HAL_IncTick                              0x080013ad   Thumb Code    12  stm32g4xx_hal.o(i.HAL_IncTick)
    HAL_Init                                 0x080013bd   Thumb Code    30  stm32g4xx_hal.o(i.HAL_Init)
    HAL_InitTick                             0x080013dd   Thumb Code    68  stm32g4xx_hal.o(i.HAL_InitTick)
    HAL_MspInit                              0x08001429   Thumb Code   116  stm32g4xx_hal_msp.o(i.HAL_MspInit)
    HAL_NVIC_EnableIRQ                       0x080014a1   Thumb Code    26  stm32g4xx_hal_cortex.o(i.HAL_NVIC_EnableIRQ)
    HAL_NVIC_SetPriority                     0x080014bd   Thumb Code    60  stm32g4xx_hal_cortex.o(i.HAL_NVIC_SetPriority)
    HAL_NVIC_SetPriorityGrouping             0x080014fd   Thumb Code    26  stm32g4xx_hal_cortex.o(i.HAL_NVIC_SetPriorityGrouping)
    HAL_PWREx_ControlVoltageScaling          0x08001521   Thumb Code   190  stm32g4xx_hal_pwr_ex.o(i.HAL_PWREx_ControlVoltageScaling)
    HAL_PWREx_DisableUCPDDeadBattery         0x080015ed   Thumb Code    12  stm32g4xx_hal_pwr_ex.o(i.HAL_PWREx_DisableUCPDDeadBattery)
    HAL_RCCEx_PeriphCLKConfig                0x080015fd   Thumb Code   656  stm32g4xx_hal_rcc_ex.o(i.HAL_RCCEx_PeriphCLKConfig)
    HAL_RCC_ClockConfig                      0x08001895   Thumb Code   432  stm32g4xx_hal_rcc.o(i.HAL_RCC_ClockConfig)
    HAL_RCC_GetHCLKFreq                      0x08001a5d   Thumb Code     6  stm32g4xx_hal_rcc.o(i.HAL_RCC_GetHCLKFreq)
    HAL_RCC_GetPCLK1Freq                     0x08001a69   Thumb Code    26  stm32g4xx_hal_rcc.o(i.HAL_RCC_GetPCLK1Freq)
    HAL_RCC_GetPCLK2Freq                     0x08001a8d   Thumb Code    26  stm32g4xx_hal_rcc.o(i.HAL_RCC_GetPCLK2Freq)
    HAL_RCC_GetSysClockFreq                  0x08001ab1   Thumb Code    98  stm32g4xx_hal_rcc.o(i.HAL_RCC_GetSysClockFreq)
    HAL_RCC_OscConfig                        0x08001b1d   Thumb Code  1104  stm32g4xx_hal_rcc.o(i.HAL_RCC_OscConfig)
    HAL_SPI_Init                             0x08001f6d   Thumb Code   236  stm32g4xx_hal_spi.o(i.HAL_SPI_Init)
    HAL_SPI_MspInit                          0x08002059   Thumb Code   152  spi.o(i.HAL_SPI_MspInit)
    HAL_SPI_Receive                          0x08002101   Thumb Code   392  stm32g4xx_hal_spi.o(i.HAL_SPI_Receive)
    HAL_SPI_Transmit                         0x08002289   Thumb Code   452  stm32g4xx_hal_spi.o(i.HAL_SPI_Transmit)
    HAL_SPI_TransmitReceive                  0x0800244d   Thumb Code   642  stm32g4xx_hal_spi.o(i.HAL_SPI_TransmitReceive)
    HAL_SYSTICK_CLKSourceConfig              0x080026cf   Thumb Code    28  stm32g4xx_hal_cortex.o(i.HAL_SYSTICK_CLKSourceConfig)
    HAL_SYSTICK_Config                       0x080026eb   Thumb Code    40  stm32g4xx_hal_cortex.o(i.HAL_SYSTICK_Config)
    HAL_TIMEx_Break2Callback                 0x08002713   Thumb Code     2  stm32g4xx_hal_tim_ex.o(i.HAL_TIMEx_Break2Callback)
    HAL_TIMEx_BreakCallback                  0x08002715   Thumb Code     2  stm32g4xx_hal_tim_ex.o(i.HAL_TIMEx_BreakCallback)
    HAL_TIMEx_CommutCallback                 0x08002717   Thumb Code     2  stm32g4xx_hal_tim_ex.o(i.HAL_TIMEx_CommutCallback)
    HAL_TIMEx_DirectionChangeCallback        0x08002719   Thumb Code     2  stm32g4xx_hal_tim_ex.o(i.HAL_TIMEx_DirectionChangeCallback)
    HAL_TIMEx_EncoderIndexCallback           0x0800271b   Thumb Code     2  stm32g4xx_hal_tim_ex.o(i.HAL_TIMEx_EncoderIndexCallback)
    HAL_TIMEx_IndexErrorCallback             0x0800271d   Thumb Code     2  stm32g4xx_hal_tim_ex.o(i.HAL_TIMEx_IndexErrorCallback)
    HAL_TIMEx_MasterConfigSynchronization    0x08002721   Thumb Code   120  stm32g4xx_hal_tim_ex.o(i.HAL_TIMEx_MasterConfigSynchronization)
    HAL_TIMEx_TransitionErrorCallback        0x080027b1   Thumb Code     2  stm32g4xx_hal_tim_ex.o(i.HAL_TIMEx_TransitionErrorCallback)
    HAL_TIM_Base_Init                        0x080027b3   Thumb Code    78  stm32g4xx_hal_tim.o(i.HAL_TIM_Base_Init)
    HAL_TIM_Base_MspInit                     0x08002801   Thumb Code    50  tim.o(i.HAL_TIM_Base_MspInit)
    HAL_TIM_Base_Start_IT                    0x0800283d   Thumb Code   104  stm32g4xx_hal_tim.o(i.HAL_TIM_Base_Start_IT)
    HAL_TIM_ConfigClockSource                0x080028bd   Thumb Code   258  stm32g4xx_hal_tim.o(i.HAL_TIM_ConfigClockSource)
    HAL_TIM_IC_CaptureCallback               0x080029c9   Thumb Code     2  stm32g4xx_hal_tim.o(i.HAL_TIM_IC_CaptureCallback)
    HAL_TIM_IRQHandler                       0x080029cb   Thumb Code   426  stm32g4xx_hal_tim.o(i.HAL_TIM_IRQHandler)
    HAL_TIM_OC_DelayElapsedCallback          0x08002b75   Thumb Code     2  stm32g4xx_hal_tim.o(i.HAL_TIM_OC_DelayElapsedCallback)
    HAL_TIM_PWM_PulseFinishedCallback        0x08002b77   Thumb Code     2  stm32g4xx_hal_tim.o(i.HAL_TIM_PWM_PulseFinishedCallback)
    HAL_TIM_PeriodElapsedCallback            0x08002b79   Thumb Code   118  tim.o(i.HAL_TIM_PeriodElapsedCallback)
    HAL_TIM_TriggerCallback                  0x08002c01   Thumb Code     2  stm32g4xx_hal_tim.o(i.HAL_TIM_TriggerCallback)
    HAL_UARTEx_DisableFifoMode               0x08002c03   Thumb Code    62  stm32g4xx_hal_uart_ex.o(i.HAL_UARTEx_DisableFifoMode)
    HAL_UARTEx_ReceiveToIdle_DMA             0x08002c41   Thumb Code    82  stm32g4xx_hal_uart_ex.o(i.HAL_UARTEx_ReceiveToIdle_DMA)
    HAL_UARTEx_RxEventCallback               0x08002c95   Thumb Code    46  usart.o(i.HAL_UARTEx_RxEventCallback)
    HAL_UARTEx_RxFifoFullCallback            0x08002ccd   Thumb Code     2  stm32g4xx_hal_uart_ex.o(i.HAL_UARTEx_RxFifoFullCallback)
    HAL_UARTEx_SetRxFifoThreshold            0x08002ccf   Thumb Code    76  stm32g4xx_hal_uart_ex.o(i.HAL_UARTEx_SetRxFifoThreshold)
    HAL_UARTEx_SetTxFifoThreshold            0x08002d1b   Thumb Code    76  stm32g4xx_hal_uart_ex.o(i.HAL_UARTEx_SetTxFifoThreshold)
    HAL_UARTEx_TxFifoEmptyCallback           0x08002d67   Thumb Code     2  stm32g4xx_hal_uart_ex.o(i.HAL_UARTEx_TxFifoEmptyCallback)
    HAL_UARTEx_WakeupCallback                0x08002d69   Thumb Code     2  stm32g4xx_hal_uart_ex.o(i.HAL_UARTEx_WakeupCallback)
    HAL_UART_ErrorCallback                   0x08002d6b   Thumb Code     2  stm32g4xx_hal_uart.o(i.HAL_UART_ErrorCallback)
    HAL_UART_IRQHandler                      0x08002d6d   Thumb Code   790  stm32g4xx_hal_uart.o(i.HAL_UART_IRQHandler)
    HAL_UART_Init                            0x08003091   Thumb Code   112  stm32g4xx_hal_uart.o(i.HAL_UART_Init)
    HAL_UART_MspInit                         0x08003101   Thumb Code   222  usart.o(i.HAL_UART_MspInit)
    HAL_UART_RxCpltCallback                  0x080031f5   Thumb Code     2  stm32g4xx_hal_uart.o(i.HAL_UART_RxCpltCallback)
    HAL_UART_RxHalfCpltCallback              0x080031f7   Thumb Code     2  stm32g4xx_hal_uart.o(i.HAL_UART_RxHalfCpltCallback)
    HAL_UART_Transmit                        0x080031f9   Thumb Code   184  stm32g4xx_hal_uart.o(i.HAL_UART_Transmit)
    HAL_UART_Transmit_DMA                    0x080032b1   Thumb Code   130  stm32g4xx_hal_uart.o(i.HAL_UART_Transmit_DMA)
    HAL_UART_TxCpltCallback                  0x08003341   Thumb Code     2  stm32g4xx_hal_uart.o(i.HAL_UART_TxCpltCallback)
    HAL_UART_TxHalfCpltCallback              0x08003343   Thumb Code     2  stm32g4xx_hal_uart.o(i.HAL_UART_TxHalfCpltCallback)
    HardFault_Handler                        0x08003345   Thumb Code     2  stm32g4xx_it.o(i.HardFault_Handler)
    IMU_Calibration                          0x08003349   Thumb Code  1262  angle.o(i.IMU_Calibration)
    IMU_DataUpdate                           0x08003845   Thumb Code   400  angle.o(i.IMU_DataUpdate)
    IMU_GetAngle                             0x080039ed   Thumb Code  1106  angle.o(i.IMU_GetAngle)
    MX_DMA_Init                              0x08003e41   Thumb Code    72  dma.o(i.MX_DMA_Init)
    MX_GPIO_Init                             0x08003e8d   Thumb Code   228  gpio.o(i.MX_GPIO_Init)
    MX_I2C2_Init                             0x08003f79   Thumb Code    82  i2c.o(i.MX_I2C2_Init)
    MX_SPI1_Init                             0x08003fd9   Thumb Code    70  spi.o(i.MX_SPI1_Init)
    MX_SPI3_Init                             0x08004029   Thumb Code    70  spi.o(i.MX_SPI3_Init)
    MX_TIM1_Init                             0x08004079   Thumb Code   100  tim.o(i.MX_TIM1_Init)
    MX_USART1_UART_Init                      0x080040e5   Thumb Code    94  usart.o(i.MX_USART1_UART_Init)
    MemManage_Handler                        0x0800414d   Thumb Code     2  stm32g4xx_it.o(i.MemManage_Handler)
    NMI_Handler                              0x0800414f   Thumb Code     2  stm32g4xx_it.o(i.NMI_Handler)
    PendSV_Handler                           0x08004151   Thumb Code     2  stm32g4xx_it.o(i.PendSV_Handler)
    SVC_Handler                              0x0800441d   Thumb Code     2  stm32g4xx_it.o(i.SVC_Handler)
    SysTick_Handler                          0x0800441f   Thumb Code     4  stm32g4xx_it.o(i.SysTick_Handler)
    SystemClock_Config                       0x08004423   Thumb Code   102  main.o(i.SystemClock_Config)
    SystemInit                               0x08004489   Thumb Code    12  system_stm32g4xx.o(i.SystemInit)
    TIM1_UP_TIM16_IRQHandler                 0x08004499   Thumb Code     6  stm32g4xx_it.o(i.TIM1_UP_TIM16_IRQHandler)
    TIM_Base_SetConfig                       0x080044a5   Thumb Code   162  stm32g4xx_hal_tim.o(i.TIM_Base_SetConfig)
    TIM_ETR_SetConfig                        0x08004565   Thumb Code    20  stm32g4xx_hal_tim.o(i.TIM_ETR_SetConfig)
    UART_AdvFeatureConfig                    0x0800461d   Thumb Code   200  stm32g4xx_hal_uart.o(i.UART_AdvFeatureConfig)
    UART_CheckIdleState                      0x080046e5   Thumb Code   170  stm32g4xx_hal_uart.o(i.UART_CheckIdleState)
    UART_SetConfig                           0x08004989   Thumb Code   680  stm32g4xx_hal_uart.o(i.UART_SetConfig)
    UART_Start_Receive_DMA                   0x08004c5d   Thumb Code   152  stm32g4xx_hal_uart.o(i.UART_Start_Receive_DMA)
    UART_WaitOnFlagUntilTimeout              0x08004d01   Thumb Code   152  stm32g4xx_hal_uart.o(i.UART_WaitOnFlagUntilTimeout)
    USART1_IRQHandler                        0x08004d99   Thumb Code    24  stm32g4xx_it.o(i.USART1_IRQHandler)
    UsageFault_Handler                       0x08004db9   Thumb Code     2  stm32g4xx_it.o(i.UsageFault_Handler)
    __0printf                                0x08004dbd   Thumb Code    22  printfa.o(i.__0printf)
    __1printf                                0x08004dbd   Thumb Code     0  printfa.o(i.__0printf)
    __2printf                                0x08004dbd   Thumb Code     0  printfa.o(i.__0printf)
    __c89printf                              0x08004dbd   Thumb Code     0  printfa.o(i.__0printf)
    printf                                   0x08004dbd   Thumb Code     0  printfa.o(i.__0printf)
    __0vsnprintf                             0x08004ddd   Thumb Code    46  printfa.o(i.__0vsnprintf)
    __1vsnprintf                             0x08004ddd   Thumb Code     0  printfa.o(i.__0vsnprintf)
    __2vsnprintf                             0x08004ddd   Thumb Code     0  printfa.o(i.__0vsnprintf)
    __c89vsnprintf                           0x08004ddd   Thumb Code     0  printfa.o(i.__0vsnprintf)
    vsnprintf                                0x08004ddd   Thumb Code     0  printfa.o(i.__0vsnprintf)
    __ARM_fpclassifyf                        0x08004e11   Thumb Code    38  fpclassifyf.o(i.__ARM_fpclassifyf)
    __hardfp_atan2f                          0x08004e59   Thumb Code   594  atan2f.o(i.__hardfp_atan2f)
    __hardfp_expf                            0x08005105   Thumb Code   426  expf.o(i.__hardfp_expf)
    __mathlib_expf                           0x08005105   Thumb Code     0  expf.o(i.__hardfp_expf)
    __hardfp_fabs                            0x080052ed   Thumb Code    20  fabs.o(i.__hardfp_fabs)
    __hardfp_sqrtf                           0x08005301   Thumb Code    58  sqrtf.o(i.__hardfp_sqrtf)
    __mathlib_flt_infnan                     0x0800533b   Thumb Code     6  funder.o(i.__mathlib_flt_infnan)
    __mathlib_flt_infnan2                    0x08005341   Thumb Code     6  funder.o(i.__mathlib_flt_infnan2)
    __mathlib_flt_overflow                   0x08005349   Thumb Code    10  funder.o(i.__mathlib_flt_overflow)
    __mathlib_flt_underflow                  0x08005359   Thumb Code    10  funder.o(i.__mathlib_flt_underflow)
    __scatterload_copy                       0x08005369   Thumb Code    14  handlers.o(i.__scatterload_copy)
    __scatterload_null                       0x08005377   Thumb Code     2  handlers.o(i.__scatterload_null)
    __scatterload_zeroinit                   0x08005379   Thumb Code    14  handlers.o(i.__scatterload_zeroinit)
    __set_errno                              0x08005389   Thumb Code     6  errno.o(i.__set_errno)
    delay_init                               0x08005c91   Thumb Code    16  delay.o(i.delay_init)
    delay_ms                                 0x08005ca5   Thumb Code    54  delay.o(i.delay_ms)
    delay_us                                 0x08005cdd   Thumb Code    50  delay.o(i.delay_us)
    flash_param_read                         0x08005d15   Thumb Code    10  main.o(i.flash_param_read)
    fputc                                    0x08005d29   Thumb Code    20  usart.o(i.fputc)
    icm45686_data_update                     0x08005d41   Thumb Code   580  icm45686_task.o(i.icm45686_data_update)
    imu_init                                 0x08005f89   Thumb Code   970  icm45686_task.o(i.imu_init)
    invSqrt                                  0x08006381   Thumb Code    40  hana_math.o(i.invSqrt)
    inv_imu_get_endianness                   0x080063ad   Thumb Code    34  inv_imu_driver.o(i.inv_imu_get_endianness)
    inv_imu_get_register_data                0x080063cf   Thumb Code   206  inv_imu_driver.o(i.inv_imu_get_register_data)
    inv_imu_get_who_am_i                     0x0800649d   Thumb Code    46  inv_imu_driver.o(i.inv_imu_get_who_am_i)
    inv_imu_read_reg                         0x080064cb   Thumb Code    16  inv_imu_transport.o(i.inv_imu_read_reg)
    inv_imu_select_accel_lp_clk              0x080064db   Thumb Code    50  inv_imu_driver.o(i.inv_imu_select_accel_lp_clk)
    inv_imu_set_accel_frequency              0x0800650d   Thumb Code    46  inv_imu_driver.o(i.inv_imu_set_accel_frequency)
    inv_imu_set_accel_fsr                    0x0800653b   Thumb Code    46  inv_imu_driver.o(i.inv_imu_set_accel_fsr)
    inv_imu_set_accel_ln_bw                  0x08006569   Thumb Code    50  inv_imu_driver.o(i.inv_imu_set_accel_ln_bw)
    inv_imu_set_accel_mode                   0x0800659b   Thumb Code    56  inv_imu_driver.o(i.inv_imu_set_accel_mode)
    inv_imu_set_config_int                   0x080065d3   Thumb Code   160  inv_imu_driver.o(i.inv_imu_set_config_int)
    inv_imu_set_gyro_frequency               0x08006673   Thumb Code    46  inv_imu_driver.o(i.inv_imu_set_gyro_frequency)
    inv_imu_set_gyro_fsr                     0x080066a1   Thumb Code    46  inv_imu_driver.o(i.inv_imu_set_gyro_fsr)
    inv_imu_set_gyro_ln_bw                   0x080066cf   Thumb Code    50  inv_imu_driver.o(i.inv_imu_set_gyro_ln_bw)
    inv_imu_set_gyro_mode                    0x08006701   Thumb Code    56  inv_imu_driver.o(i.inv_imu_set_gyro_mode)
    inv_imu_set_pin_config_int               0x08006739   Thumb Code    80  inv_imu_driver.o(i.inv_imu_set_pin_config_int)
    inv_imu_sleep_us                         0x08006789   Thumb Code    12  inv_imu_driver.o(i.inv_imu_sleep_us)
    inv_imu_soft_reset                       0x08006795   Thumb Code   136  inv_imu_driver.o(i.inv_imu_soft_reset)
    inv_imu_write_reg                        0x0800681d   Thumb Code    14  inv_imu_transport.o(i.inv_imu_write_reg)
    kalman1_filter                           0x0800682b   Thumb Code    90  filter.o(i.kalman1_filter)
    main                                     0x08006885   Thumb Code   132  main.o(i.main)
    si_io_imu1_read_reg                      0x08006999   Thumb Code    82  icm45686_task.o(i.si_io_imu1_read_reg)
    si_io_imu1_write_reg                     0x080069f5   Thumb Code    78  icm45686_task.o(i.si_io_imu1_write_reg)
    si_io_imu2_read_reg                      0x08006a4d   Thumb Code    90  icm45686_task.o(i.si_io_imu2_read_reg)
    si_io_imu2_write_reg                     0x08006aad   Thumb Code    86  icm45686_task.o(i.si_io_imu2_write_reg)
    si_sleep_us                              0x08006b09   Thumb Code     4  icm45686_task.o(i.si_sleep_us)
    sq                                       0x08006b0d   Thumb Code     6  hana_math.o(i.sq)
    stmflash_erase_page                      0x08006b13   Thumb Code    50  stmflash.o(i.stmflash_erase_page)
    stmflash_read                            0x08006b45   Thumb Code    30  stmflash.o(i.stmflash_read)
    stmflash_write                           0x08006b65   Thumb Code   508  stmflash.o(i.stmflash_write)
    uart_AT_cmd_decoder                      0x08006dc1   Thumb Code    74  usart.o(i.uart_AT_cmd_decoder)
    uart_printf                              0x08006e1d   Thumb Code    48  usart.o(i.uart_printf)
    uart_send_IMU_data                       0x08006e51   Thumb Code   324  usart.o(i.uart_send_IMU_data)
    UARTPrescTable                           0x08007060   Data          24  stm32g4xx_hal_uart.o(.constdata)
    AHBPrescTable                            0x08007088   Data          16  system_stm32g4xx.o(.constdata)
    APBPrescTable                            0x08007098   Data           8  system_stm32g4xx.o(.constdata)
    Region$$Table$$Base                      0x080070d0   Number         0  anon$$obj.o(Region$$Table)
    Region$$Table$$Limit                     0x080070f0   Number         0  anon$$obj.o(Region$$Table)
    tim1_cnt_2ms                             0x20000000   Data           4  tim.o(.data)
    tim1_cnt_5ms                             0x20000004   Data           4  tim.o(.data)
    tim1_cnt_500ms                           0x20000008   Data           4  tim.o(.data)
    uwTickPrio                               0x2000000c   Data           4  stm32g4xx_hal.o(.data)
    uwTickFreq                               0x20000010   Data           4  stm32g4xx_hal.o(.data)
    uwTick                                   0x20000014   Data           4  stm32g4xx_hal.o(.data)
    pFlash                                   0x20000018   Data          32  stm32g4xx_hal_flash.o(.data)
    SystemCoreClock                          0x20000038   Data           4  system_stm32g4xx.o(.data)
    __stdout                                 0x20000094   Data           4  stdout.o(.data)
    hi2c2                                    0x2000009c   Data          84  i2c.o(.bss)
    hspi1                                    0x200000f0   Data         100  spi.o(.bss)
    hspi3                                    0x20000154   Data         100  spi.o(.bss)
    htim1                                    0x200001b8   Data          76  tim.o(.bss)
    UserTxBufferFS                           0x20000204   Data         512  usart.o(.bss)
    huart1                                   0x20000404   Data         148  usart.o(.bss)
    hdma_usart1_rx                           0x20000498   Data          96  usart.o(.bss)
    hdma_usart1_tx                           0x200004f8   Data          96  usart.o(.bss)
    USART1_RX_BUF                            0x20000558   Data         512  usart.o(.bss)
    data_buf                                 0x20000758   Data          50  usart.o(.bss)
    my_at_cmd                                0x2000078c   Data          12  usart.o(.bss)
    myIMU1                                   0x20000798   Data         144  icm45686_task.o(.bss)
    myIMU2                                   0x20000828   Data         144  icm45686_task.o(.bss)
    myIMU_data                               0x200008b8   Data          14  icm45686_task.o(.bss)
    my_MMU                                   0x200008c8   Data         228  bmm350_task.o(.bss)
    my_ahrs                                  0x200011d4   Data         148  angle.o(.bss)
    __initial_sp                             0x20005268   Data           0  startup_stm32g431xx.o(STACK)



==============================================================================

Memory Map of the image

  Image Entry point : 0x080001d9

  Load Region LR_IROM1 (Base: 0x08000000, Size: 0x0000718c, Max: 0x00020000, ABSOLUTE)

    Execution Region ER_IROM1 (Exec base: 0x08000000, Load base: 0x08000000, Size: 0x000070f0, Max: 0x00020000, ABSOLUTE)

    Exec Addr    Load Addr    Size         Type   Attr      Idx    E Section Name        Object

    0x08000000   0x08000000   0x000001d8   Data   RO            3    RESET               startup_stm32g431xx.o
    0x080001d8   0x080001d8   0x00000000   Code   RO         5854  * .ARM.Collect$$$$00000000  mc_w.l(entry.o)
    0x080001d8   0x080001d8   0x00000004   Code   RO         6182    .ARM.Collect$$$$00000001  mc_w.l(entry2.o)
    0x080001dc   0x080001dc   0x00000004   Code   RO         6185    .ARM.Collect$$$$00000004  mc_w.l(entry5.o)
    0x080001e0   0x080001e0   0x00000000   Code   RO         6187    .ARM.Collect$$$$00000008  mc_w.l(entry7b.o)
    0x080001e0   0x080001e0   0x00000000   Code   RO         6189    .ARM.Collect$$$$0000000A  mc_w.l(entry8b.o)
    0x080001e0   0x080001e0   0x00000008   Code   RO         6190    .ARM.Collect$$$$0000000B  mc_w.l(entry9a.o)
    0x080001e8   0x080001e8   0x00000004   Code   RO         6197    .ARM.Collect$$$$0000000E  mc_w.l(entry12b.o)
    0x080001ec   0x080001ec   0x00000000   Code   RO         6192    .ARM.Collect$$$$0000000F  mc_w.l(entry10a.o)
    0x080001ec   0x080001ec   0x00000000   Code   RO         6194    .ARM.Collect$$$$00000011  mc_w.l(entry11a.o)
    0x080001ec   0x080001ec   0x00000004   Code   RO         6183    .ARM.Collect$$$$00002712  mc_w.l(entry2.o)
    0x080001f0   0x080001f0   0x00000024   Code   RO            4    .text               startup_stm32g431xx.o
    0x08000214   0x08000214   0x00000062   Code   RO         5857    .text               mc_w.l(uldiv.o)
    0x08000276   0x08000276   0x00000024   Code   RO         5859    .text               mc_w.l(memcpya.o)
    0x0800029a   0x0800029a   0x00000024   Code   RO         5861    .text               mc_w.l(memseta.o)
    0x080002be   0x080002be   0x0000014e   Code   RO         6154    .text               mf_w.l(dadd.o)
    0x0800040c   0x0800040c   0x000000de   Code   RO         6156    .text               mf_w.l(ddiv.o)
    0x080004ea   0x080004ea   0x00000026   Code   RO         6160    .text               mf_w.l(f2d.o)
    0x08000510   0x08000510   0x00000030   Code   RO         6162    .text               mf_w.l(cdrcmple.o)
    0x08000540   0x08000540   0x00000038   Code   RO         6164    .text               mf_w.l(d2f.o)
    0x08000578   0x08000578   0x0000002c   Code   RO         6199    .text               mc_w.l(uidiv.o)
    0x080005a4   0x080005a4   0x0000001e   Code   RO         6201    .text               mc_w.l(llshl.o)
    0x080005c2   0x080005c2   0x00000020   Code   RO         6203    .text               mc_w.l(llushr.o)
    0x080005e2   0x080005e2   0x00000024   Code   RO         6205    .text               mc_w.l(llsshr.o)
    0x08000606   0x08000606   0x00000000   Code   RO         6216    .text               mc_w.l(iusefp.o)
    0x08000606   0x08000606   0x0000006e   Code   RO         6217    .text               mf_w.l(fepilogue.o)
    0x08000674   0x08000674   0x000000ba   Code   RO         6219    .text               mf_w.l(depilogue.o)
    0x0800072e   0x0800072e   0x000000e4   Code   RO         6221    .text               mf_w.l(dmul.o)
    0x08000812   0x08000812   0x00000030   Code   RO         6223    .text               mf_w.l(dfixul.o)
    0x08000842   0x08000842   0x00000002   PAD
    0x08000844   0x08000844   0x00000024   Code   RO         6227    .text               mc_w.l(init.o)
    0x08000868   0x08000868   0x00000002   Code   RO          524    i.BusFault_Handler  stm32g4xx_it.o
    0x0800086a   0x0800086a   0x00000002   PAD
    0x0800086c   0x0800086c   0x0000000c   Code   RO          525    i.DMA1_Channel1_IRQHandler  stm32g4xx_it.o
    0x08000878   0x08000878   0x0000000c   Code   RO          526    i.DMA1_Channel2_IRQHandler  stm32g4xx_it.o
    0x08000884   0x08000884   0x00000040   Code   RO         2091    i.DMA_CalcDMAMUXChannelBaseAndMask  stm32g4xx_hal_dma.o
    0x080008c4   0x080008c4   0x00000024   Code   RO         2092    i.DMA_CalcDMAMUXRequestGenBaseAndMask  stm32g4xx_hal_dma.o
    0x080008e8   0x080008e8   0x00000042   Code   RO         2093    i.DMA_SetConfig     stm32g4xx_hal_dma.o
    0x0800092a   0x0800092a   0x00000002   Code   RO          527    i.DebugMon_Handler  stm32g4xx_it.o
    0x0800092c   0x0800092c   0x00000006   Code   RO          528    i.EXTI4_IRQHandler  stm32g4xx_it.o
    0x08000932   0x08000932   0x00000004   Code   RO           13    i.Error_Handler     main.o
    0x08000936   0x08000936   0x00000002   PAD
    0x08000938   0x08000938   0x0000005c   Code   RO         1786    i.FLASH_FlushCaches  stm32g4xx_hal_flash_ex.o
    0x08000994   0x08000994   0x0000001c   Code   RO         1787    i.FLASH_MassErase   stm32g4xx_hal_flash_ex.o
    0x080009b0   0x080009b0   0x00000028   Code   RO         1800    i.FLASH_PageErase   stm32g4xx_hal_flash_ex.o
    0x080009d8   0x080009d8   0x0000001c   Code   RO         1677    i.FLASH_Program_DoubleWord  stm32g4xx_hal_flash.o
    0x080009f4   0x080009f4   0x0000002c   Code   RO         1678    i.FLASH_Program_Fast  stm32g4xx_hal_flash.o
    0x08000a20   0x08000a20   0x00000068   Code   RO         1679    i.FLASH_WaitForLastOperation  stm32g4xx_hal_flash.o
    0x08000a88   0x08000a88   0x00000068   Code   RO         2094    i.HAL_DMA_Abort     stm32g4xx_hal_dma.o
    0x08000af0   0x08000af0   0x00000076   Code   RO         2095    i.HAL_DMA_Abort_IT  stm32g4xx_hal_dma.o
    0x08000b66   0x08000b66   0x00000006   Code   RO         2098    i.HAL_DMA_GetState  stm32g4xx_hal_dma.o
    0x08000b6c   0x08000b6c   0x000000cc   Code   RO         2099    i.HAL_DMA_IRQHandler  stm32g4xx_hal_dma.o
    0x08000c38   0x08000c38   0x000000c0   Code   RO         2100    i.HAL_DMA_Init      stm32g4xx_hal_dma.o
    0x08000cf8   0x08000cf8   0x00000090   Code   RO         2104    i.HAL_DMA_Start_IT  stm32g4xx_hal_dma.o
    0x08000d88   0x08000d88   0x000000f0   Code   RO         1804    i.HAL_FLASHEx_Erase  stm32g4xx_hal_flash_ex.o
    0x08000e78   0x08000e78   0x0000001c   Code   RO         1683    i.HAL_FLASH_Lock    stm32g4xx_hal_flash.o
    0x08000e94   0x08000e94   0x000000b4   Code   RO         1688    i.HAL_FLASH_Program  stm32g4xx_hal_flash.o
    0x08000f48   0x08000f48   0x00000028   Code   RO         1690    i.HAL_FLASH_Unlock  stm32g4xx_hal_flash.o
    0x08000f70   0x08000f70   0x00000028   Code   RO          245    i.HAL_GPIO_EXTI_Callback  gpio.o
    0x08000f98   0x08000f98   0x00000018   Code   RO         1955    i.HAL_GPIO_EXTI_IRQHandler  stm32g4xx_hal_gpio.o
    0x08000fb0   0x08000fb0   0x000001b0   Code   RO         1956    i.HAL_GPIO_Init     stm32g4xx_hal_gpio.o
    0x08001160   0x08001160   0x00000010   Code   RO         1959    i.HAL_GPIO_TogglePin  stm32g4xx_hal_gpio.o
    0x08001170   0x08001170   0x0000000c   Code   RO         1960    i.HAL_GPIO_WritePin  stm32g4xx_hal_gpio.o
    0x0800117c   0x0800117c   0x0000000c   Code   RO         1191    i.HAL_GetTick       stm32g4xx_hal.o
    0x08001188   0x08001188   0x0000005a   Code   RO         1126    i.HAL_I2CEx_ConfigAnalogFilter  stm32g4xx_hal_i2c_ex.o
    0x080011e2   0x080011e2   0x00000056   Code   RO         1127    i.HAL_I2CEx_ConfigDigitalFilter  stm32g4xx_hal_i2c_ex.o
    0x08001238   0x08001238   0x00000028   Code   RO         1130    i.HAL_I2CEx_EnableFastModePlus  stm32g4xx_hal_i2c_ex.o
    0x08001260   0x08001260   0x000000cc   Code   RO          665    i.HAL_I2C_Init      stm32g4xx_hal_i2c.o
    0x0800132c   0x0800132c   0x00000080   Code   RO          300    i.HAL_I2C_MspInit   i2c.o
    0x080013ac   0x080013ac   0x00000010   Code   RO         1197    i.HAL_IncTick       stm32g4xx_hal.o
    0x080013bc   0x080013bc   0x0000001e   Code   RO         1198    i.HAL_Init          stm32g4xx_hal.o
    0x080013da   0x080013da   0x00000002   PAD
    0x080013dc   0x080013dc   0x0000004c   Code   RO         1199    i.HAL_InitTick      stm32g4xx_hal.o
    0x08001428   0x08001428   0x00000078   Code   RO          630    i.HAL_MspInit       stm32g4xx_hal_msp.o
    0x080014a0   0x080014a0   0x0000001a   Code   RO         2605    i.HAL_NVIC_EnableIRQ  stm32g4xx_hal_cortex.o
    0x080014ba   0x080014ba   0x00000002   PAD
    0x080014bc   0x080014bc   0x00000040   Code   RO         2611    i.HAL_NVIC_SetPriority  stm32g4xx_hal_cortex.o
    0x080014fc   0x080014fc   0x00000024   Code   RO         2612    i.HAL_NVIC_SetPriorityGrouping  stm32g4xx_hal_cortex.o
    0x08001520   0x08001520   0x000000cc   Code   RO         2359    i.HAL_PWREx_ControlVoltageScaling  stm32g4xx_hal_pwr_ex.o
    0x080015ec   0x080015ec   0x00000010   Code   RO         2371    i.HAL_PWREx_DisableUCPDDeadBattery  stm32g4xx_hal_pwr_ex.o
    0x080015fc   0x080015fc   0x00000298   Code   RO         1563    i.HAL_RCCEx_PeriphCLKConfig  stm32g4xx_hal_rcc_ex.o
    0x08001894   0x08001894   0x000001c8   Code   RO         1433    i.HAL_RCC_ClockConfig  stm32g4xx_hal_rcc.o
    0x08001a5c   0x08001a5c   0x0000000c   Code   RO         1439    i.HAL_RCC_GetHCLKFreq  stm32g4xx_hal_rcc.o
    0x08001a68   0x08001a68   0x00000024   Code   RO         1441    i.HAL_RCC_GetPCLK1Freq  stm32g4xx_hal_rcc.o
    0x08001a8c   0x08001a8c   0x00000024   Code   RO         1442    i.HAL_RCC_GetPCLK2Freq  stm32g4xx_hal_rcc.o
    0x08001ab0   0x08001ab0   0x0000006c   Code   RO         1443    i.HAL_RCC_GetSysClockFreq  stm32g4xx_hal_rcc.o
    0x08001b1c   0x08001b1c   0x00000450   Code   RO         1446    i.HAL_RCC_OscConfig  stm32g4xx_hal_rcc.o
    0x08001f6c   0x08001f6c   0x000000ec   Code   RO         2756    i.HAL_SPI_Init      stm32g4xx_hal_spi.o
    0x08002058   0x08002058   0x000000a8   Code   RO          342    i.HAL_SPI_MspInit   spi.o
    0x08002100   0x08002100   0x00000188   Code   RO         2759    i.HAL_SPI_Receive   stm32g4xx_hal_spi.o
    0x08002288   0x08002288   0x000001c4   Code   RO         2764    i.HAL_SPI_Transmit  stm32g4xx_hal_spi.o
    0x0800244c   0x0800244c   0x00000282   Code   RO         2765    i.HAL_SPI_TransmitReceive  stm32g4xx_hal_spi.o
    0x080026ce   0x080026ce   0x0000001c   Code   RO         2614    i.HAL_SYSTICK_CLKSourceConfig  stm32g4xx_hal_cortex.o
    0x080026ea   0x080026ea   0x00000028   Code   RO         2616    i.HAL_SYSTICK_Config  stm32g4xx_hal_cortex.o
    0x08002712   0x08002712   0x00000002   Code   RO         3823    i.HAL_TIMEx_Break2Callback  stm32g4xx_hal_tim_ex.o
    0x08002714   0x08002714   0x00000002   Code   RO         3824    i.HAL_TIMEx_BreakCallback  stm32g4xx_hal_tim_ex.o
    0x08002716   0x08002716   0x00000002   Code   RO         3825    i.HAL_TIMEx_CommutCallback  stm32g4xx_hal_tim_ex.o
    0x08002718   0x08002718   0x00000002   Code   RO         3836    i.HAL_TIMEx_DirectionChangeCallback  stm32g4xx_hal_tim_ex.o
    0x0800271a   0x0800271a   0x00000002   Code   RO         3850    i.HAL_TIMEx_EncoderIndexCallback  stm32g4xx_hal_tim_ex.o
    0x0800271c   0x0800271c   0x00000002   Code   RO         3864    i.HAL_TIMEx_IndexErrorCallback  stm32g4xx_hal_tim_ex.o
    0x0800271e   0x0800271e   0x00000002   PAD
    0x08002720   0x08002720   0x00000090   Code   RO         3865    i.HAL_TIMEx_MasterConfigSynchronization  stm32g4xx_hal_tim_ex.o
    0x080027b0   0x080027b0   0x00000002   Code   RO         3886    i.HAL_TIMEx_TransitionErrorCallback  stm32g4xx_hal_tim_ex.o
    0x080027b2   0x080027b2   0x0000004e   Code   RO         3098    i.HAL_TIM_Base_Init  stm32g4xx_hal_tim.o
    0x08002800   0x08002800   0x0000003c   Code   RO          390    i.HAL_TIM_Base_MspInit  tim.o
    0x0800283c   0x0800283c   0x00000080   Code   RO         3103    i.HAL_TIM_Base_Start_IT  stm32g4xx_hal_tim.o
    0x080028bc   0x080028bc   0x0000010c   Code   RO         3107    i.HAL_TIM_ConfigClockSource  stm32g4xx_hal_tim.o
    0x080029c8   0x080029c8   0x00000002   Code   RO         3132    i.HAL_TIM_IC_CaptureCallback  stm32g4xx_hal_tim.o
    0x080029ca   0x080029ca   0x000001aa   Code   RO         3146    i.HAL_TIM_IRQHandler  stm32g4xx_hal_tim.o
    0x08002b74   0x08002b74   0x00000002   Code   RO         3149    i.HAL_TIM_OC_DelayElapsedCallback  stm32g4xx_hal_tim.o
    0x08002b76   0x08002b76   0x00000002   Code   RO         3176    i.HAL_TIM_PWM_PulseFinishedCallback  stm32g4xx_hal_tim.o
    0x08002b78   0x08002b78   0x00000088   Code   RO          391    i.HAL_TIM_PeriodElapsedCallback  tim.o
    0x08002c00   0x08002c00   0x00000002   Code   RO         3189    i.HAL_TIM_TriggerCallback  stm32g4xx_hal_tim.o
    0x08002c02   0x08002c02   0x0000003e   Code   RO         4677    i.HAL_UARTEx_DisableFifoMode  stm32g4xx_hal_uart_ex.o
    0x08002c40   0x08002c40   0x00000052   Code   RO         4683    i.HAL_UARTEx_ReceiveToIdle_DMA  stm32g4xx_hal_uart_ex.o
    0x08002c92   0x08002c92   0x00000002   PAD
    0x08002c94   0x08002c94   0x00000038   Code   RO          439    i.HAL_UARTEx_RxEventCallback  usart.o
    0x08002ccc   0x08002ccc   0x00000002   Code   RO         4685    i.HAL_UARTEx_RxFifoFullCallback  stm32g4xx_hal_uart_ex.o
    0x08002cce   0x08002cce   0x0000004c   Code   RO         4686    i.HAL_UARTEx_SetRxFifoThreshold  stm32g4xx_hal_uart_ex.o
    0x08002d1a   0x08002d1a   0x0000004c   Code   RO         4687    i.HAL_UARTEx_SetTxFifoThreshold  stm32g4xx_hal_uart_ex.o
    0x08002d66   0x08002d66   0x00000002   Code   RO         4689    i.HAL_UARTEx_TxFifoEmptyCallback  stm32g4xx_hal_uart_ex.o
    0x08002d68   0x08002d68   0x00000002   Code   RO         4690    i.HAL_UARTEx_WakeupCallback  stm32g4xx_hal_uart_ex.o
    0x08002d6a   0x08002d6a   0x00000002   Code   RO         4277    i.HAL_UART_ErrorCallback  stm32g4xx_hal_uart.o
    0x08002d6c   0x08002d6c   0x00000324   Code   RO         4280    i.HAL_UART_IRQHandler  stm32g4xx_hal_uart.o
    0x08003090   0x08003090   0x00000070   Code   RO         4281    i.HAL_UART_Init     stm32g4xx_hal_uart.o
    0x08003100   0x08003100   0x000000f4   Code   RO          441    i.HAL_UART_MspInit  usart.o
    0x080031f4   0x080031f4   0x00000002   Code   RO         4288    i.HAL_UART_RxCpltCallback  stm32g4xx_hal_uart.o
    0x080031f6   0x080031f6   0x00000002   Code   RO         4289    i.HAL_UART_RxHalfCpltCallback  stm32g4xx_hal_uart.o
    0x080031f8   0x080031f8   0x000000b8   Code   RO         4290    i.HAL_UART_Transmit  stm32g4xx_hal_uart.o
    0x080032b0   0x080032b0   0x00000090   Code   RO         4291    i.HAL_UART_Transmit_DMA  stm32g4xx_hal_uart.o
    0x08003340   0x08003340   0x00000002   Code   RO         4293    i.HAL_UART_TxCpltCallback  stm32g4xx_hal_uart.o
    0x08003342   0x08003342   0x00000002   Code   RO         4294    i.HAL_UART_TxHalfCpltCallback  stm32g4xx_hal_uart.o
    0x08003344   0x08003344   0x00000002   Code   RO          529    i.HardFault_Handler  stm32g4xx_it.o
    0x08003346   0x08003346   0x00000002   PAD
    0x08003348   0x08003348   0x000004fc   Code   RO         5541    i.IMU_Calibration   angle.o
    0x08003844   0x08003844   0x000001a8   Code   RO         5542    i.IMU_DataUpdate    angle.o
    0x080039ec   0x080039ec   0x00000452   Code   RO         5543    i.IMU_GetAngle      angle.o
    0x08003e3e   0x08003e3e   0x00000002   PAD
    0x08003e40   0x08003e40   0x0000004c   Code   RO          275    i.MX_DMA_Init       dma.o
    0x08003e8c   0x08003e8c   0x000000ec   Code   RO          246    i.MX_GPIO_Init      gpio.o
    0x08003f78   0x08003f78   0x00000060   Code   RO          301    i.MX_I2C2_Init      i2c.o
    0x08003fd8   0x08003fd8   0x00000050   Code   RO          343    i.MX_SPI1_Init      spi.o
    0x08004028   0x08004028   0x00000050   Code   RO          344    i.MX_SPI3_Init      spi.o
    0x08004078   0x08004078   0x0000006c   Code   RO          392    i.MX_TIM1_Init      tim.o
    0x080040e4   0x080040e4   0x00000068   Code   RO          442    i.MX_USART1_UART_Init  usart.o
    0x0800414c   0x0800414c   0x00000002   Code   RO          530    i.MemManage_Handler  stm32g4xx_it.o
    0x0800414e   0x0800414e   0x00000002   Code   RO          531    i.NMI_Handler       stm32g4xx_it.o
    0x08004150   0x08004150   0x00000002   Code   RO          532    i.PendSV_Handler    stm32g4xx_it.o
    0x08004152   0x08004152   0x00000002   PAD
    0x08004154   0x08004154   0x00000048   Code   RO         1447    i.RCC_GetSysClockFreqFromPLLSource  stm32g4xx_hal_rcc.o
    0x0800419c   0x0800419c   0x0000007e   Code   RO         2793    i.SPI_EndRxTransaction  stm32g4xx_hal_spi.o
    0x0800421a   0x0800421a   0x00000064   Code   RO         2794    i.SPI_EndRxTxTransaction  stm32g4xx_hal_spi.o
    0x0800427e   0x0800427e   0x00000002   PAD
    0x08004280   0x08004280   0x000000e0   Code   RO         2799    i.SPI_WaitFifoStateUntilTimeout  stm32g4xx_hal_spi.o
    0x08004360   0x08004360   0x000000bc   Code   RO         2800    i.SPI_WaitFlagStateUntilTimeout  stm32g4xx_hal_spi.o
    0x0800441c   0x0800441c   0x00000002   Code   RO          533    i.SVC_Handler       stm32g4xx_it.o
    0x0800441e   0x0800441e   0x00000004   Code   RO          534    i.SysTick_Handler   stm32g4xx_it.o
    0x08004422   0x08004422   0x00000066   Code   RO           14    i.SystemClock_Config  main.o
    0x08004488   0x08004488   0x00000010   Code   RO         4801    i.SystemInit        system_stm32g4xx.o
    0x08004498   0x08004498   0x0000000c   Code   RO          535    i.TIM1_UP_TIM16_IRQHandler  stm32g4xx_it.o
    0x080044a4   0x080044a4   0x000000c0   Code   RO         3191    i.TIM_Base_SetConfig  stm32g4xx_hal_tim.o
    0x08004564   0x08004564   0x00000014   Code   RO         3202    i.TIM_ETR_SetConfig  stm32g4xx_hal_tim.o
    0x08004578   0x08004578   0x00000014   Code   RO         3203    i.TIM_ITRx_SetConfig  stm32g4xx_hal_tim.o
    0x0800458c   0x0800458c   0x00000022   Code   RO         3211    i.TIM_TI1_ConfigInputStage  stm32g4xx_hal_tim.o
    0x080045ae   0x080045ae   0x00000024   Code   RO         3213    i.TIM_TI2_ConfigInputStage  stm32g4xx_hal_tim.o
    0x080045d2   0x080045d2   0x00000002   PAD
    0x080045d4   0x080045d4   0x00000048   Code   RO         4691    i.UARTEx_SetNbDataToProcess  stm32g4xx_hal_uart_ex.o
    0x0800461c   0x0800461c   0x000000c8   Code   RO         4295    i.UART_AdvFeatureConfig  stm32g4xx_hal_uart.o
    0x080046e4   0x080046e4   0x000000aa   Code   RO         4296    i.UART_CheckIdleState  stm32g4xx_hal_uart.o
    0x0800478e   0x0800478e   0x00000010   Code   RO         4297    i.UART_DMAAbortOnError  stm32g4xx_hal_uart.o
    0x0800479e   0x0800479e   0x00000050   Code   RO         4298    i.UART_DMAError     stm32g4xx_hal_uart.o
    0x080047ee   0x080047ee   0x00000086   Code   RO         4299    i.UART_DMAReceiveCplt  stm32g4xx_hal_uart.o
    0x08004874   0x08004874   0x00000020   Code   RO         4301    i.UART_DMARxHalfCplt  stm32g4xx_hal_uart.o
    0x08004894   0x08004894   0x00000042   Code   RO         4303    i.UART_DMATransmitCplt  stm32g4xx_hal_uart.o
    0x080048d6   0x080048d6   0x0000000a   Code   RO         4305    i.UART_DMATxHalfCplt  stm32g4xx_hal_uart.o
    0x080048e0   0x080048e0   0x00000054   Code   RO         4307    i.UART_EndRxTransfer  stm32g4xx_hal_uart.o
    0x08004934   0x08004934   0x00000024   Code   RO         4308    i.UART_EndTransmit_IT  stm32g4xx_hal_uart.o
    0x08004958   0x08004958   0x0000002e   Code   RO         4309    i.UART_EndTxTransfer  stm32g4xx_hal_uart.o
    0x08004986   0x08004986   0x00000002   PAD
    0x08004988   0x08004988   0x000002d4   Code   RO         4314    i.UART_SetConfig    stm32g4xx_hal_uart.o
    0x08004c5c   0x08004c5c   0x000000a4   Code   RO         4315    i.UART_Start_Receive_DMA  stm32g4xx_hal_uart.o
    0x08004d00   0x08004d00   0x00000098   Code   RO         4321    i.UART_WaitOnFlagUntilTimeout  stm32g4xx_hal_uart.o
    0x08004d98   0x08004d98   0x00000020   Code   RO          536    i.USART1_IRQHandler  stm32g4xx_it.o
    0x08004db8   0x08004db8   0x00000002   Code   RO          537    i.UsageFault_Handler  stm32g4xx_it.o
    0x08004dba   0x08004dba   0x00000002   PAD
    0x08004dbc   0x08004dbc   0x00000020   Code   RO         6098    i.__0printf         mc_w.l(printfa.o)
    0x08004ddc   0x08004ddc   0x00000034   Code   RO         6103    i.__0vsnprintf      mc_w.l(printfa.o)
    0x08004e10   0x08004e10   0x00000026   Code   RO         6166    i.__ARM_fpclassifyf  m_wm.l(fpclassifyf.o)
    0x08004e36   0x08004e36   0x00000020   Code   RO         2618    i.__NVIC_SetPriority  stm32g4xx_hal_cortex.o
    0x08004e56   0x08004e56   0x00000002   PAD
    0x08004e58   0x08004e58   0x000002ac   Code   RO         5810    i.__hardfp_atan2f   m_wm.l(atan2f.o)
    0x08005104   0x08005104   0x000001e8   Code   RO         5822    i.__hardfp_expf     m_wm.l(expf.o)
    0x080052ec   0x080052ec   0x00000014   Code   RO         5836    i.__hardfp_fabs     m_wm.l(fabs.o)
    0x08005300   0x08005300   0x0000003a   Code   RO         5842    i.__hardfp_sqrtf    m_wm.l(sqrtf.o)
    0x0800533a   0x0800533a   0x00000006   Code   RO         6169    i.__mathlib_flt_infnan  m_wm.l(funder.o)
    0x08005340   0x08005340   0x00000006   Code   RO         6170    i.__mathlib_flt_infnan2  m_wm.l(funder.o)
    0x08005346   0x08005346   0x00000002   PAD
    0x08005348   0x08005348   0x00000010   Code   RO         6172    i.__mathlib_flt_overflow  m_wm.l(funder.o)
    0x08005358   0x08005358   0x00000010   Code   RO         6174    i.__mathlib_flt_underflow  m_wm.l(funder.o)
    0x08005368   0x08005368   0x0000000e   Code   RO         6231    i.__scatterload_copy  mc_w.l(handlers.o)
    0x08005376   0x08005376   0x00000002   Code   RO         6232    i.__scatterload_null  mc_w.l(handlers.o)
    0x08005378   0x08005378   0x0000000e   Code   RO         6233    i.__scatterload_zeroinit  mc_w.l(handlers.o)
    0x08005386   0x08005386   0x00000002   PAD
    0x08005388   0x08005388   0x0000000c   Code   RO         6211    i.__set_errno       mc_w.l(errno.o)
    0x08005394   0x08005394   0x00000184   Code   RO         6105    i._fp_digits        mc_w.l(printfa.o)
    0x08005518   0x08005518   0x000006b4   Code   RO         6106    i._printf_core      mc_w.l(printfa.o)
    0x08005bcc   0x08005bcc   0x00000024   Code   RO         6107    i._printf_post_padding  mc_w.l(printfa.o)
    0x08005bf0   0x08005bf0   0x0000002e   Code   RO         6108    i._printf_pre_padding  mc_w.l(printfa.o)
    0x08005c1e   0x08005c1e   0x00000016   Code   RO         6109    i._snputc           mc_w.l(printfa.o)
    0x08005c34   0x08005c34   0x0000005c   Code   RO         5006    i.check_out_of_bounds_mreg  inv_imu_transport.o
    0x08005c90   0x08005c90   0x00000014   Code   RO         5488    i.delay_init        delay.o
    0x08005ca4   0x08005ca4   0x00000036   Code   RO         5489    i.delay_ms          delay.o
    0x08005cda   0x08005cda   0x00000002   PAD
    0x08005cdc   0x08005cdc   0x00000038   Code   RO         5490    i.delay_us          delay.o
    0x08005d14   0x08005d14   0x00000014   Code   RO           15    i.flash_param_read  main.o
    0x08005d28   0x08005d28   0x00000018   Code   RO          443    i.fputc             usart.o
    0x08005d40   0x08005d40   0x00000248   Code   RO         5064    i.icm45686_data_update  icm45686_task.o
    0x08005f88   0x08005f88   0x000003f8   Code   RO         5065    i.imu_init          icm45686_task.o
    0x08006380   0x08006380   0x0000002c   Code   RO         5667    i.invSqrt           hana_math.o
    0x080063ac   0x080063ac   0x00000022   Code   RO         4837    i.inv_imu_get_endianness  inv_imu_driver.o
    0x080063ce   0x080063ce   0x000000ce   Code   RO         4842    i.inv_imu_get_register_data  inv_imu_driver.o
    0x0800649c   0x0800649c   0x0000002e   Code   RO         4844    i.inv_imu_get_who_am_i  inv_imu_driver.o
    0x080064ca   0x080064ca   0x00000010   Code   RO         5007    i.inv_imu_read_reg  inv_imu_transport.o
    0x080064da   0x080064da   0x00000032   Code   RO         4845    i.inv_imu_select_accel_lp_clk  inv_imu_driver.o
    0x0800650c   0x0800650c   0x0000002e   Code   RO         4846    i.inv_imu_set_accel_frequency  inv_imu_driver.o
    0x0800653a   0x0800653a   0x0000002e   Code   RO         4847    i.inv_imu_set_accel_fsr  inv_imu_driver.o
    0x08006568   0x08006568   0x00000032   Code   RO         4848    i.inv_imu_set_accel_ln_bw  inv_imu_driver.o
    0x0800659a   0x0800659a   0x00000038   Code   RO         4850    i.inv_imu_set_accel_mode  inv_imu_driver.o
    0x080065d2   0x080065d2   0x000000a0   Code   RO         4851    i.inv_imu_set_config_int  inv_imu_driver.o
    0x08006672   0x08006672   0x0000002e   Code   RO         4853    i.inv_imu_set_gyro_frequency  inv_imu_driver.o
    0x080066a0   0x080066a0   0x0000002e   Code   RO         4854    i.inv_imu_set_gyro_fsr  inv_imu_driver.o
    0x080066ce   0x080066ce   0x00000032   Code   RO         4855    i.inv_imu_set_gyro_ln_bw  inv_imu_driver.o
    0x08006700   0x08006700   0x00000038   Code   RO         4857    i.inv_imu_set_gyro_mode  inv_imu_driver.o
    0x08006738   0x08006738   0x00000050   Code   RO         4858    i.inv_imu_set_pin_config_int  inv_imu_driver.o
    0x08006788   0x08006788   0x0000000c   Code   RO         4859    i.inv_imu_sleep_us  inv_imu_driver.o
    0x08006794   0x08006794   0x00000088   Code   RO         4860    i.inv_imu_soft_reset  inv_imu_driver.o
    0x0800681c   0x0800681c   0x0000000e   Code   RO         5009    i.inv_imu_write_reg  inv_imu_transport.o
    0x0800682a   0x0800682a   0x0000005a   Code   RO         5594    i.kalman1_filter    filter.o
    0x08006884   0x08006884   0x00000098   Code   RO           16    i.main              main.o
    0x0800691c   0x0800691c   0x00000018   Code   RO         5011    i.read_dreg         inv_imu_transport.o
    0x08006934   0x08006934   0x00000062   Code   RO         5012    i.read_mreg         inv_imu_transport.o
    0x08006996   0x08006996   0x00000002   PAD
    0x08006998   0x08006998   0x0000005c   Code   RO         5066    i.si_io_imu1_read_reg  icm45686_task.o
    0x080069f4   0x080069f4   0x00000058   Code   RO         5067    i.si_io_imu1_write_reg  icm45686_task.o
    0x08006a4c   0x08006a4c   0x00000060   Code   RO         5068    i.si_io_imu2_read_reg  icm45686_task.o
    0x08006aac   0x08006aac   0x0000005c   Code   RO         5069    i.si_io_imu2_write_reg  icm45686_task.o
    0x08006b08   0x08006b08   0x00000004   Code   RO         5070    i.si_sleep_us       icm45686_task.o
    0x08006b0c   0x08006b0c   0x00000006   Code   RO         5676    i.sq                hana_math.o
    0x08006b12   0x08006b12   0x00000032   Code   RO         5439    i.stmflash_erase_page  stmflash.o
    0x08006b44   0x08006b44   0x0000001e   Code   RO         5440    i.stmflash_read     stmflash.o
    0x08006b62   0x08006b62   0x00000002   PAD
    0x08006b64   0x08006b64   0x00000204   Code   RO         5441    i.stmflash_write    stmflash.o
    0x08006d68   0x08006d68   0x00000056   Code   RO         5442    i.stmflash_write_without_check  stmflash.o
    0x08006dbe   0x08006dbe   0x00000002   PAD
    0x08006dc0   0x08006dc0   0x0000005c   Code   RO          445    i.uart_AT_cmd_decoder  usart.o
    0x08006e1c   0x08006e1c   0x00000034   Code   RO          446    i.uart_printf       usart.o
    0x08006e50   0x08006e50   0x0000018c   Code   RO          447    i.uart_send_IMU_data  usart.o
    0x08006fdc   0x08006fdc   0x00000018   Code   RO         5013    i.write_dreg        inv_imu_transport.o
    0x08006ff4   0x08006ff4   0x0000006c   Code   RO         5014    i.write_mreg        inv_imu_transport.o
    0x08007060   0x08007060   0x00000018   Data   RO         4322    .constdata          stm32g4xx_hal_uart.o
    0x08007078   0x08007078   0x00000010   Data   RO         4693    .constdata          stm32g4xx_hal_uart_ex.o
    0x08007088   0x08007088   0x00000010   Data   RO         4802    .constdata          system_stm32g4xx.o
    0x08007098   0x08007098   0x00000008   Data   RO         4803    .constdata          system_stm32g4xx.o
    0x080070a0   0x080070a0   0x00000030   Data   RO         5825    .constdata          m_wm.l(expf.o)
    0x080070d0   0x080070d0   0x00000020   Data   RO         6229    Region$$Table       anon$$obj.o


    Execution Region RW_IRAM1 (Exec base: 0x20000000, Load base: 0x080070f0, Size: 0x00005268, Max: 0x00008000, ABSOLUTE)

    Exec Addr    Load Addr    Size         Type   Attr      Idx    E Section Name        Object

    0x20000000   0x080070f0   0x0000000c   Data   RW          394    .data               tim.o
    0x2000000c   0x080070fc   0x0000000c   Data   RW         1218    .data               stm32g4xx_hal.o
    0x20000018   0x08007108   0x00000020   Data   RW         1691    .data               stm32g4xx_hal_flash.o
    0x20000038   0x08007128   0x00000004   Data   RW         4804    .data               system_stm32g4xx.o
    0x2000003c   0x0800712c   0x00000004   Data   RW         5491    .data               delay.o
    0x20000040   0x08007130   0x00000054   Data   RW         5545    .data               angle.o
    0x20000094   0x08007184   0x00000004   Data   RW         6198    .data               mc_w.l(stdout.o)
    0x20000098   0x08007188   0x00000004   Data   RW         6212    .data               mc_w.l(errno.o)
    0x2000009c        -       0x00000054   Zero   RW          302    .bss                i2c.o
    0x200000f0        -       0x000000c8   Zero   RW          345    .bss                spi.o
    0x200001b8        -       0x0000004c   Zero   RW          393    .bss                tim.o
    0x20000204        -       0x00000594   Zero   RW          448    .bss                usart.o
    0x20000798        -       0x0000012e   Zero   RW         5071    .bss                icm45686_task.o
    0x200008c6   0x0800718c   0x00000002   PAD
    0x200008c8        -       0x000000e4   Zero   RW         5139    .bss                bmm350_task.o
    0x200009ac   0x0800718c   0x00000004   PAD
    0x200009b0        -       0x00000800   Zero   RW         5443    .bss                stmflash.o
    0x200011b0        -       0x000000b8   Zero   RW         5544    .bss                angle.o
    0x20001268        -       0x00004000   Zero   RW            1    STACK               startup_stm32g431xx.o


==============================================================================

Image component sizes


      Code (inc. data)   RO Data    RW Data    ZI Data      Debug   Object Name

      2806        228          0         84        184       5596   angle.o
         0          0          0          0        228        909   bmm350_task.o
       130         10          0          4          0       2147   delay.o
        76          4          0          0          0        862   dma.o
        90          0          0          0          0       1629   filter.o
       276         18          0          0          0       1684   gpio.o
        50          4          0          0          0       1207   hana_math.o
       224         22          0          0         84       1833   i2c.o
      1972         82          0          0        302       8077   icm45686_task.o
      1120          0          0          0          0      15046   inv_imu_driver.o
       376          0          0          0          0       6195   inv_imu_transport.o
       278         30          0          0          0     734885   main.o
       328         36          0          0        200       2522   spi.o
        36          8        472          0      16384        860   startup_stm32g431xx.o
       134         18          0         12          0       3825   stm32g4xx_hal.o
       226         14          0          0          0      34721   stm32g4xx_hal_cortex.o
       934         28          0          0          0       7393   stm32g4xx_hal_dma.o
       424         48          0         32          0      23282   stm32g4xx_hal_flash.o
       400         28          0          0          0       3330   stm32g4xx_hal_flash_ex.o
       484         38          0          0          0       3636   stm32g4xx_hal_gpio.o
       204          6          0          0          0       2843   stm32g4xx_hal_i2c.o
       216         10          0          0          0       2750   stm32g4xx_hal_i2c_ex.o
       120          4          0          0          0        942   stm32g4xx_hal_msp.o
       220         18          0          0          0       1513   stm32g4xx_hal_pwr_ex.o
      1824         90          0          0          0       8280   stm32g4xx_hal_rcc.o
       664          8          0          0          0       2020   stm32g4xx_hal_rcc_ex.o
      2360         10          0          0          0      10034   stm32g4xx_hal_spi.o
      1210         76          0          0          0      10539   stm32g4xx_hal_tim.o
       158         24          0          0          0       5808   stm32g4xx_hal_tim_ex.o
      3168        110         24          0          0      39258   stm32g4xx_hal_uart.o
       374          6         16          0          0       6577   stm32g4xx_hal_uart_ex.o
        94         26          0          0          0       6906   stm32g4xx_it.o
       682          8          0          0       2048       4849   stmflash.o
        16          4         24          4          0       1199   system_stm32g4xx.o
       304         36          0         12         76       2717   tim.o
       968        140          0          0       1428       8246   usart.o

    ----------------------------------------------------------------------
     22982       1192        568        148      20940     974120   Object Totals
         0          0         32          0          0          0   (incl. Generated)
        36          0          0          0          6          0   (incl. Padding)

    ----------------------------------------------------------------------

      Code (inc. data)   RO Data    RW Data    ZI Data      Debug   Library Member Name

       684         90          0          0          0        208   atan2f.o
       488         62         48          0          0        236   expf.o
        20          0          0          0          0        124   fabs.o
        38          0          0          0          0        116   fpclassifyf.o
        44         12          0          0          0        464   funder.o
        58          0          0          0          0        136   sqrtf.o
         0          0          0          0          0          0   entry.o
         0          0          0          0          0          0   entry10a.o
         0          0          0          0          0          0   entry11a.o
         4          0          0          0          0          0   entry12b.o
         8          4          0          0          0          0   entry2.o
         4          0          0          0          0          0   entry5.o
         0          0          0          0          0          0   entry7b.o
         0          0          0          0          0          0   entry8b.o
         8          4          0          0          0          0   entry9a.o
        12          6          0          4          0         68   errno.o
        30          0          0          0          0          0   handlers.o
        36          8          0          0          0         68   init.o
         0          0          0          0          0          0   iusefp.o
        30          0          0          0          0         68   llshl.o
        36          0          0          0          0         68   llsshr.o
        32          0          0          0          0         68   llushr.o
        36          0          0          0          0         68   memcpya.o
        36          0          0          0          0        108   memseta.o
      2292         96          0          0          0        612   printfa.o
         0          0          0          4          0          0   stdout.o
        44          0          0          0          0         80   uidiv.o
        98          0          0          0          0         92   uldiv.o
        48          0          0          0          0         68   cdrcmple.o
        56          0          0          0          0         88   d2f.o
       334          0          0          0          0        148   dadd.o
       222          0          0          0          0        100   ddiv.o
       186          0          0          0          0        176   depilogue.o
        48          0          0          0          0         68   dfixul.o
       228          0          0          0          0         96   dmul.o
        38          0          0          0          0         68   f2d.o
       110          0          0          0          0        168   fepilogue.o

    ----------------------------------------------------------------------
      5314        282         48          8          0       3564   Library Totals
         6          0          0          0          0          0   (incl. Padding)

    ----------------------------------------------------------------------

      Code (inc. data)   RO Data    RW Data    ZI Data      Debug   Library Name

      1332        164         48          0          0       1284   m_wm.l
      2706        118          0          8          0       1300   mc_w.l
      1270          0          0          0          0        980   mf_w.l

    ----------------------------------------------------------------------
      5314        282         48          8          0       3564   Library Totals

    ----------------------------------------------------------------------

==============================================================================


      Code (inc. data)   RO Data    RW Data    ZI Data      Debug   

     28296       1474        616        156      20940     957944   Grand Totals
     28296       1474        616        156      20940     957944   ELF Image Totals
     28296       1474        616        156          0          0   ROM Totals

==============================================================================

    Total RO  Size (Code + RO Data)                28912 (  28.23kB)
    Total RW  Size (RW Data + ZI Data)             21096 (  20.60kB)
    Total ROM Size (Code + RO Data + RW Data)      29068 (  28.39kB)

==============================================================================

