Component: ARM Compiler 5.06 update 7 (build 960) Tool: armlink [4d3601]

==============================================================================

Section Cross References

    startup_stm32g431xx.o(RESET) refers to startup_stm32g431xx.o(STACK) for __initial_sp
    startup_stm32g431xx.o(RESET) refers to startup_stm32g431xx.o(.text) for Reset_Handler
    startup_stm32g431xx.o(RESET) refers to stm32g4xx_it.o(i.NMI_Handler) for NMI_Handler
    startup_stm32g431xx.o(RESET) refers to stm32g4xx_it.o(i.HardFault_Handler) for HardFault_Handler
    startup_stm32g431xx.o(RESET) refers to stm32g4xx_it.o(i.MemManage_Handler) for MemManage_Handler
    startup_stm32g431xx.o(RESET) refers to stm32g4xx_it.o(i.BusFault_Handler) for BusFault_Handler
    startup_stm32g431xx.o(RESET) refers to stm32g4xx_it.o(i.UsageFault_Handler) for UsageFault_Handler
    startup_stm32g431xx.o(RESET) refers to stm32g4xx_it.o(i.SVC_Handler) for SVC_Handler
    startup_stm32g431xx.o(RESET) refers to stm32g4xx_it.o(i.DebugMon_Handler) for DebugMon_Handler
    startup_stm32g431xx.o(RESET) refers to stm32g4xx_it.o(i.PendSV_Handler) for PendSV_Handler
    startup_stm32g431xx.o(RESET) refers to stm32g4xx_it.o(i.SysTick_Handler) for SysTick_Handler
    startup_stm32g431xx.o(RESET) refers to stm32g4xx_it.o(i.EXTI4_IRQHandler) for EXTI4_IRQHandler
    startup_stm32g431xx.o(RESET) refers to stm32g4xx_it.o(i.DMA1_Channel1_IRQHandler) for DMA1_Channel1_IRQHandler
    startup_stm32g431xx.o(RESET) refers to stm32g4xx_it.o(i.DMA1_Channel2_IRQHandler) for DMA1_Channel2_IRQHandler
    startup_stm32g431xx.o(RESET) refers to stm32g4xx_it.o(i.TIM1_UP_TIM16_IRQHandler) for TIM1_UP_TIM16_IRQHandler
    startup_stm32g431xx.o(RESET) refers to stm32g4xx_it.o(i.USART1_IRQHandler) for USART1_IRQHandler
    startup_stm32g431xx.o(.text) refers to system_stm32g4xx.o(i.SystemInit) for SystemInit
    startup_stm32g431xx.o(.text) refers to entry.o(.ARM.Collect$$$$00000000) for __main
    main.o(i.SystemClock_Config) refers to memseta.o(.text) for __aeabi_memclr4
    main.o(i.SystemClock_Config) refers to stm32g4xx_hal_pwr_ex.o(i.HAL_PWREx_ControlVoltageScaling) for HAL_PWREx_ControlVoltageScaling
    main.o(i.SystemClock_Config) refers to stm32g4xx_hal_rcc.o(i.HAL_RCC_OscConfig) for HAL_RCC_OscConfig
    main.o(i.SystemClock_Config) refers to stm32g4xx_hal_rcc.o(i.HAL_RCC_ClockConfig) for HAL_RCC_ClockConfig
    main.o(i.flash_param_read) refers to stmflash.o(i.stmflash_read) for stmflash_read
    main.o(i.flash_param_read) refers to stmflash.o(i.stmflash_write) for stmflash_write
    main.o(i.flash_param_read) refers to usart.o(.data) for flash_data_store
    main.o(i.flash_param_read) refers to usart.o(.bss) for my_at_cmd
    main.o(i.main) refers to stm32g4xx_hal.o(i.HAL_Init) for HAL_Init
    main.o(i.main) refers to main.o(i.SystemClock_Config) for SystemClock_Config
    main.o(i.main) refers to delay.o(i.delay_init) for delay_init
    main.o(i.main) refers to gpio.o(i.MX_GPIO_Init) for MX_GPIO_Init
    main.o(i.main) refers to dma.o(i.MX_DMA_Init) for MX_DMA_Init
    main.o(i.main) refers to spi.o(i.MX_SPI1_Init) for MX_SPI1_Init
    main.o(i.main) refers to spi.o(i.MX_SPI3_Init) for MX_SPI3_Init
    main.o(i.main) refers to usart.o(i.MX_USART1_UART_Init) for MX_USART1_UART_Init
    main.o(i.main) refers to tim.o(i.MX_TIM1_Init) for MX_TIM1_Init
    main.o(i.main) refers to i2c.o(i.MX_I2C2_Init) for MX_I2C2_Init
    main.o(i.main) refers to stm32g4xx_hal_gpio.o(i.HAL_GPIO_WritePin) for HAL_GPIO_WritePin
    main.o(i.main) refers to main.o(i.flash_param_read) for flash_param_read
    main.o(i.main) refers to stm32g4xx_hal_uart_ex.o(i.HAL_UARTEx_ReceiveToIdle_DMA) for HAL_UARTEx_ReceiveToIdle_DMA
    main.o(i.main) refers to icm45686_task.o(i.imu_init) for imu_init
    main.o(i.main) refers to stm32g4xx_hal_gpio.o(i.HAL_GPIO_TogglePin) for HAL_GPIO_TogglePin
    main.o(i.main) refers to delay.o(i.delay_ms) for delay_ms
    main.o(i.main) refers to angle.o(i.IMU_Calibration) for IMU_Calibration
    main.o(i.main) refers to bmm350_task.o(i.mmu_init) for mmu_init
    main.o(i.main) refers to stm32g4xx_hal_tim.o(i.HAL_TIM_Base_Start_IT) for HAL_TIM_Base_Start_IT
    main.o(i.main) refers to angle.o(i.mmu_angle_update) for mmu_angle_update
    main.o(i.main) refers to usart.o(.bss) for USART1_RX_BUF
    main.o(i.main) refers to icm45686_task.o(.bss) for myIMU1
    main.o(i.main) refers to tim.o(.bss) for htim1
    gpio.o(i.HAL_GPIO_EXTI_Callback) refers to angle.o(i.IMU_DataUpdate) for IMU_DataUpdate
    gpio.o(i.HAL_GPIO_EXTI_Callback) refers to icm45686_task.o(.bss) for myIMU1
    gpio.o(i.MX_GPIO_Init) refers to memseta.o(.text) for __aeabi_memclr4
    gpio.o(i.MX_GPIO_Init) refers to stm32g4xx_hal_gpio.o(i.HAL_GPIO_WritePin) for HAL_GPIO_WritePin
    gpio.o(i.MX_GPIO_Init) refers to stm32g4xx_hal_gpio.o(i.HAL_GPIO_Init) for HAL_GPIO_Init
    gpio.o(i.MX_GPIO_Init) refers to stm32g4xx_hal_cortex.o(i.HAL_NVIC_SetPriority) for HAL_NVIC_SetPriority
[...]
    read_mreg                                0x08007cef   Thumb Code    94  inv_imu_transport.o(i.read_mreg)
    i.read_otp_word                          0x08007d4c   Section        0  bmm350.o(i.read_otp_word)
    read_otp_word                            0x08007d4d   Thumb Code   216  bmm350.o(i.read_otp_word)
    i.read_out_raw_data                      0x08007e24   Section        0  bmm350.o(i.read_out_raw_data)
    read_out_raw_data                        0x08007e25   Thumb Code   206  bmm350.o(i.read_out_raw_data)
    i.set_powermode                          0x08007f04   Section        0  bmm350.o(i.set_powermode)
    set_powermode                            0x08007f05   Thumb Code   128  bmm350.o(i.set_powermode)
    i.si_io_imu1_read_reg                    0x08007f88   Section        0  icm45686_task.o(i.si_io_imu1_read_reg)
    i.si_io_imu1_write_reg                   0x08007fe0   Section        0  icm45686_task.o(i.si_io_imu1_write_reg)
    i.si_io_imu2_read_reg                    0x08008034   Section        0  icm45686_task.o(i.si_io_imu2_read_reg)
    i.si_io_imu2_write_reg                   0x08008090   Section        0  icm45686_task.o(i.si_io_imu2_write_reg)
    i.si_sleep_us                            0x080080e8   Section        0  icm45686_task.o(i.si_sleep_us)
    i.sq                                     0x080080ec   Section        0  hana_math.o(i.sq)
    i.stmflash_erase_page                    0x080080f2   Section        0  stmflash.o(i.stmflash_erase_page)
    i.stmflash_read                          0x08008124   Section        0  stmflash.o(i.stmflash_read)
    i.stmflash_write                         0x08008148   Section        0  stmflash.o(i.stmflash_write)
    i.stmflash_write_without_check           0x08008334   Section        0  stmflash.o(i.stmflash_write_without_check)
    stmflash_write_without_check             0x08008335   Thumb Code    88  stmflash.o(i.stmflash_write_without_check)
    i.uart_AT_cmd_decoder                    0x0800838c   Section        0  usart.o(i.uart_AT_cmd_decoder)
    i.uart_printf                            0x08008514   Section        0  usart.o(i.uart_printf)
    i.uart_send_IMU_data                     0x08008544   Section        0  usart.o(i.uart_send_IMU_data)
    i.update_default_coefiecents             0x08008bf8   Section        0  bmm350.o(i.update_default_coefiecents)
    update_default_coefiecents               0x08008bf9   Thumb Code    30  bmm350.o(i.update_default_coefiecents)
    i.update_mag_off_sens                    0x08008c24   Section        0  bmm350.o(i.update_mag_off_sens)
    update_mag_off_sens                      0x08008c25   Thumb Code   574  bmm350.o(i.update_mag_off_sens)
    i.write_dreg                             0x08008e80   Section        0  inv_imu_transport.o(i.write_dreg)
    write_dreg                               0x08008e81   Thumb Code    22  inv_imu_transport.o(i.write_dreg)
    i.write_mreg                             0x08008e96   Section        0  inv_imu_transport.o(i.write_mreg)
    write_mreg                               0x08008e97   Thumb Code   106  inv_imu_transport.o(i.write_mreg)
    .constdata                               0x08008f00   Section       24  stm32g4xx_hal_uart.o(.constdata)
    .constdata                               0x08008f18   Section       16  stm32g4xx_hal_uart_ex.o(.constdata)
    numerator                                0x08008f18   Data           8  stm32g4xx_hal_uart_ex.o(.constdata)
    denominator                              0x08008f20   Data           8  stm32g4xx_hal_uart_ex.o(.constdata)
    .constdata                               0x08008f28   Section       16  system_stm32g4xx.o(.constdata)
    .constdata                               0x08008f38   Section        8  system_stm32g4xx.o(.constdata)
    .constdata                               0x08008f40   Section       32  bmm350.o(.constdata)
    .constdata                               0x08008f60   Section       48  expf.o(.constdata)
    twotokover4top                           0x08008f60   Data          16  expf.o(.constdata)
    twotokover4bot                           0x08008f70   Data          16  expf.o(.constdata)
    twotokover4all                           0x08008f80   Data          16  expf.o(.constdata)
    .constdata                               0x08008f90   Section       32  rredf.o(.constdata)
    twooverpi                                0x08008f90   Data          32  rredf.o(.constdata)
    .conststring                             0x08008fb0   Section       67  bmm350_task.o(.conststring)
    .data                                    0x20000000   Section       12  tim.o(.data)
    .data                                    0x2000000c   Section        8  usart.o(.data)
    time_1ms_cnt                             0x20000010   Data           4  usart.o(.data)
    .data                                    0x20000014   Section       12  stm32g4xx_hal.o(.data)
    .data                                    0x20000020   Section       32  stm32g4xx_hal_flash.o(.data)
    .data                                    0x20000040   Section        4  system_stm32g4xx.o(.data)
    .data                                    0x20000044   Section        4  delay.o(.data)
    g_fac_us                                 0x20000044   Data           4  delay.o(.data)
    .data                                    0x20000048   Section       88  angle.o(.data)
    mmu_yaw_init_flag                        0x20000048   Data           1  angle.o(.data)
    ekf                                      0x2000004c   Data          84  angle.o(.data)
    .data                                    0x200000a0   Section        4  stdout.o(.data)
    .data                                    0x200000a4   Section        4  mvars.o(.data)
    .data                                    0x200000a8   Section        4  mvars.o(.data)
    .data                                    0x200000ac   Section        4  errno.o(.data)
    _errno                                   0x200000ac   Data           4  errno.o(.data)
    .bss                                     0x200000b0   Section       84  i2c.o(.bss)
    .bss                                     0x20000104   Section      200  spi.o(.bss)
    .bss                                     0x200001cc   Section       76  tim.o(.bss)
    .bss                                     0x20000218   Section     1488  usart.o(.bss)
    str_buf                                  0x20000218   Data          20  usart.o(.bss)
    .bss                                     0x200007e8   Section      302  icm45686_task.o(.bss)
    .bss                                     0x20000918   Section      228  bmm350_task.o(.bss)
    .bss                                     0x20000a00   Section     2048  stmflash.o(.bss)
    page_buf                                 0x20000a00   Data        2048  stmflash.o(.bss)
    .bss                                     0x20001200   Section      184  angle.o(.bss)
    last_out                                 0x20001200   Data          12  angle.o(.bss)
    lastlast_out                             0x2000120c   Data          12  angle.o(.bss)
    GyroIntegError                           0x20001218   Data          12  angle.o(.bss)
    HEAP                                     0x200012b8   Section     8192  startup_stm32g431xx.o(HEAP)
    STACK                                    0x200032b8   Section    16384  startup_stm32g431xx.o(STACK)

    Global Symbols

    Symbol Name                              Value     Ov Type        Size  Object(Section)

    BuildAttributes$$THM_ISAv4$E$P$D$K$B$S$7EM$VFPi3$EXTD16$VFPS$VFMA$PE$A:L22UL41UL21$X:L11$S22US41US21$IEEE1$IW$USESV6$~STKCKD$USESV7$~SHL$OTIME$ROPI$IEEEX$EBA8$MICROLIB$REQ8$PRES8$EABIv2 0x00000000   Number         0  anon$$obj.o ABSOLUTE
    __ARM_use_no_argv                        0x00000000   Number         0  main.o ABSOLUTE
    _printf_a                                0x00000000   Number         0  stubs.o ABSOLUTE
    _printf_c                                0x00000000   Number         0  stubs.o ABSOLUTE
    _printf_charcount                        0x00000000   Number         0  stubs.o ABSOLUTE
    _printf_d                                0x00000000   Number         0  stubs.o ABSOLUTE
    _printf_e                                0x00000000   Number         0  stubs.o ABSOLUTE
    _printf_f                                0x00000000   Number         0  stubs.o ABSOLUTE
    _printf_flags                            0x00000000   Number         0  stubs.o ABSOLUTE
    _printf_fp_dec                           0x00000000   Number         0  stubs.o ABSOLUTE
    _printf_fp_hex                           0x00000000   Number         0  stubs.o ABSOLUTE
    _printf_g                                0x00000000   Number         0  stubs.o ABSOLUTE
    _printf_i                                0x00000000   Number         0  stubs.o ABSOLUTE
    _printf_int_dec                          0x00000000   Number         0  stubs.o ABSOLUTE
    _printf_l                                0x00000000   Number         0  stubs.o ABSOLUTE
    _printf_lc                               0x00000000   Number         0  stubs.o ABSOLUTE
    _printf_ll                               0x00000000   Number         0  stubs.o ABSOLUTE
    _printf_lld                              0x00000000   Number         0  stubs.o ABSOLUTE
    _printf_lli                              0x00000000   Number         0  stubs.o ABSOLUTE
    _printf_llo                              0x00000000   Number         0  stubs.o ABSOLUTE
    _printf_llu                              0x00000000   Number         0  stubs.o ABSOLUTE
    _printf_llx                              0x00000000   Number         0  stubs.o ABSOLUTE
    _printf_longlong_dec                     0x00000000   Number         0  stubs.o ABSOLUTE
    _printf_longlong_hex                     0x00000000   Number         0  stubs.o ABSOLUTE
    _printf_longlong_oct                     0x00000000   Number         0  stubs.o ABSOLUTE
    _printf_ls                               0x00000000   Number         0  stubs.o ABSOLUTE
    _printf_mbtowc                           0x00000000   Number         0  stubs.o ABSOLUTE
    _printf_n                                0x00000000   Number         0  stubs.o ABSOLUTE
    _printf_o                                0x00000000   Number         0  stubs.o ABSOLUTE
    _printf_p                                0x00000000   Number         0  stubs.o ABSOLUTE
    _printf_percent                          0x00000000   Number         0  stubs.o ABSOLUTE
    _printf_pre_padding                      0x00000000   Number         0  stubs.o ABSOLUTE
    _printf_return_value                     0x00000000   Number         0  stubs.o ABSOLUTE
    _printf_s                                0x00000000   Number         0  stubs.o ABSOLUTE
    _printf_sizespec                         0x00000000   Number         0  stubs.o ABSOLUTE
    _printf_str                              0x00000000   Number         0  stubs.o ABSOLUTE
    _printf_truncate_signed                  0x00000000   Number         0  stubs.o ABSOLUTE
    _printf_truncate_unsigned                0x00000000   Number         0  stubs.o ABSOLUTE
    _printf_u                                0x00000000   Number         0  stubs.o ABSOLUTE
    _printf_wc                               0x00000000   Number         0  stubs.o ABSOLUTE
    _printf_wctomb                           0x00000000   Number         0  stubs.o ABSOLUTE
    _printf_widthprec                        0x00000000   Number         0  stubs.o ABSOLUTE
    _printf_x                                0x00000000   Number         0  stubs.o ABSOLUTE
    __arm_fini_                               - Undefined Weak Reference
    __cpp_initialize__aeabi_                  - Undefined Weak Reference
    __cxa_finalize                            - Undefined Weak Reference
    __decompress                              - Undefined Weak Reference
    _clock_init                               - Undefined Weak Reference
    _microlib_exit                            - Undefined Weak Reference
    __Vectors_Size                           0x000001d8   Number         0  startup_stm32g431xx.o ABSOLUTE
    __Vectors                                0x08000000   Data           4  startup_stm32g431xx.o(RESET)
    __Vectors_End                            0x080001d8   Data           0  startup_stm32g431xx.o(RESET)
    __main                                   0x080001d9   Thumb Code     0  entry.o(.ARM.Collect$$$$00000000)
    _main_stk                                0x080001d9   Thumb Code     0  entry2.o(.ARM.Collect$$$$00000001)
    _main_scatterload                        0x080001dd   Thumb Code     0  entry5.o(.ARM.Collect$$$$00000004)
    __main_after_scatterload                 0x080001e1   Thumb Code     0  entry5.o(.ARM.Collect$$$$00000004)
    _main_clock                              0x080001e1   Thumb Code     0  entry7b.o(.ARM.Collect$$$$00000008)
    _main_cpp_init                           0x080001e1   Thumb Code     0  entry8b.o(.ARM.Collect$$$$0000000A)
    _main_init                               0x080001e1   Thumb Code     0  entry9a.o(.ARM.Collect$$$$0000000B)
    __rt_lib_shutdown_fini                   0x080001e9   Thumb Code     0  entry12b.o(.ARM.Collect$$$$0000000E)
    __rt_final_cpp                           0x080001ed   Thumb Code     0  entry10a.o(.ARM.Collect$$$$0000000F)
    __rt_final_exit                          0x080001ed   Thumb Code     0  entry11a.o(.ARM.Collect$$$$00000011)
    Reset_Handler                            0x080001f1   Thumb Code     8  startup_stm32g431xx.o(.text)
    ADC1_2_IRQHandler                        0x0800020b   Thumb Code     0  startup_stm32g431xx.o(.text)
    COMP1_2_3_IRQHandler                     0x0800020b   Thumb Code     0  startup_stm32g431xx.o(.text)
    COMP4_IRQHandler                         0x0800020b   Thumb Code     0  startup_stm32g431xx.o(.text)
    CORDIC_IRQHandler                        0x0800020b   Thumb Code     0  startup_stm32g431xx.o(.text)
    CRS_IRQHandler                           0x0800020b   Thumb Code     0  startup_stm32g431xx.o(.text)
    DMA1_Channel3_IRQHandler                 0x0800020b   Thumb Code     0  startup_stm32g431xx.o(.text)
    DMA1_Channel4_IRQHandler                 0x0800020b   Thumb Code     0  startup_stm32g431xx.o(.text)
    DMA1_Channel5_IRQHandler                 0x0800020b   Thumb Code     0  startup_stm32g431xx.o(.text)
    DMA1_Channel6_IRQHandler                 0x0800020b   Thumb Code     0  startup_stm32g431xx.o(.text)
    DMA2_Channel1_IRQHandler                 0x0800020b   Thumb Code     0  startup_stm32g431xx.o(.text)
    DMA2_Channel2_IRQHandler                 0x0800020b   Thumb Code     0  startup_stm32g431xx.o(.text)
    DMA2_Channel3_IRQHandler                 0x0800020b   Thumb Code     0  startup_stm32g431xx.o(.text)
    DMA2_Channel4_IRQHandler                 0x0800020b   Thumb Code     0  startup_stm32g431xx.o(.text)
    DMA2_Channel5_IRQHandler                 0x0800020b   Thumb Code     0  startup_stm32g431xx.o(.text)
    DMA2_Channel6_IRQHandler                 0x0800020b   Thumb Code     0  startup_stm32g431xx.o(.text)
    DMAMUX_OVR_IRQHandler                    0x0800020b   Thumb Code     0  startup_stm32g431xx.o(.text)
    EXTI0_IRQHandler                         0x0800020b   Thumb Code     0  startup_stm32g431xx.o(.text)
    EXTI15_10_IRQHandler                     0x0800020b   Thumb Code     0  startup_stm32g431xx.o(.text)
    EXTI1_IRQHandler                         0x0800020b   Thumb Code     0  startup_stm32g431xx.o(.text)
    EXTI2_IRQHandler                         0x0800020b   Thumb Code     0  startup_stm32g431xx.o(.text)
    EXTI3_IRQHandler                         0x0800020b   Thumb Code     0  startup_stm32g431xx.o(.text)
    EXTI9_5_IRQHandler                       0x0800020b   Thumb Code     0  startup_stm32g431xx.o(.text)
    FDCAN1_IT0_IRQHandler                    0x0800020b   Thumb Code     0  startup_stm32g431xx.o(.text)
    FDCAN1_IT1_IRQHandler                    0x0800020b   Thumb Code     0  startup_stm32g431xx.o(.text)
    FLASH_IRQHandler                         0x0800020b   Thumb Code     0  startup_stm32g431xx.o(.text)
    FMAC_IRQHandler                          0x0800020b   Thumb Code     0  startup_stm32g431xx.o(.text)
    FPU_IRQHandler                           0x0800020b   Thumb Code     0  startup_stm32g431xx.o(.text)
    I2C1_ER_IRQHandler                       0x0800020b   Thumb Code     0  startup_stm32g431xx.o(.text)
    I2C1_EV_IRQHandler                       0x0800020b   Thumb Code     0  startup_stm32g431xx.o(.text)
    I2C2_ER_IRQHandler                       0x0800020b   Thumb Code     0  startup_stm32g431xx.o(.text)
    I2C2_EV_IRQHandler                       0x0800020b   Thumb Code     0  startup_stm32g431xx.o(.text)
    I2C3_ER_IRQHandler                       0x0800020b   Thumb Code     0  startup_stm32g431xx.o(.text)
    I2C3_EV_IRQHandler                       0x0800020b   Thumb Code     0  startup_stm32g431xx.o(.text)
    LPTIM1_IRQHandler                        0x0800020b   Thumb Code     0  startup_stm32g431xx.o(.text)
    LPUART1_IRQHandler                       0x0800020b   Thumb Code     0  startup_stm32g431xx.o(.text)
    PVD_PVM_IRQHandler                       0x0800020b   Thumb Code     0  startup_stm32g431xx.o(.text)
    RCC_IRQHandler                           0x0800020b   Thumb Code     0  startup_stm32g431xx.o(.text)
    RNG_IRQHandler                           0x0800020b   Thumb Code     0  startup_stm32g431xx.o(.text)
    RTC_Alarm_IRQHandler                     0x0800020b   Thumb Code     0  startup_stm32g431xx.o(.text)
    RTC_TAMP_LSECSS_IRQHandler               0x0800020b   Thumb Code     0  startup_stm32g431xx.o(.text)
    RTC_WKUP_IRQHandler                      0x0800020b   Thumb Code     0  startup_stm32g431xx.o(.text)
    SAI1_IRQHandler                          0x0800020b   Thumb Code     0  startup_stm32g431xx.o(.text)
    SPI1_IRQHandler                          0x0800020b   Thumb Code     0  startup_stm32g431xx.o(.text)
    SPI2_IRQHandler                          0x0800020b   Thumb Code     0  startup_stm32g431xx.o(.text)
    SPI3_IRQHandler                          0x0800020b   Thumb Code     0  startup_stm32g431xx.o(.text)
    TIM1_BRK_TIM15_IRQHandler                0x0800020b   Thumb Code     0  startup_stm32g431xx.o(.text)
    TIM1_CC_IRQHandler                       0x0800020b   Thumb Code     0  startup_stm32g431xx.o(.text)
    TIM1_TRG_COM_TIM17_IRQHandler            0x0800020b   Thumb Code     0  startup_stm32g431xx.o(.text)
    TIM2_IRQHandler                          0x0800020b   Thumb Code     0  startup_stm32g431xx.o(.text)
    TIM3_IRQHandler                          0x0800020b   Thumb Code     0  startup_stm32g431xx.o(.text)
    TIM4_IRQHandler                          0x0800020b   Thumb Code     0  startup_stm32g431xx.o(.text)
    TIM6_DAC_IRQHandler                      0x0800020b   Thumb Code     0  startup_stm32g431xx.o(.text)
    TIM7_IRQHandler                          0x0800020b   Thumb Code     0  startup_stm32g431xx.o(.text)
    TIM8_BRK_IRQHandler                      0x0800020b   Thumb Code     0  startup_stm32g431xx.o(.text)
    TIM8_CC_IRQHandler                       0x0800020b   Thumb Code     0  startup_stm32g431xx.o(.text)
    TIM8_TRG_COM_IRQHandler                  0x0800020b   Thumb Code     0  startup_stm32g431xx.o(.text)
    TIM8_UP_IRQHandler                       0x0800020b   Thumb Code     0  startup_stm32g431xx.o(.text)
    UART4_IRQHandler                         0x0800020b   Thumb Code     0  startup_stm32g431xx.o(.text)
    UCPD1_IRQHandler                         0x0800020b   Thumb Code     0  startup_stm32g431xx.o(.text)
    USART2_IRQHandler                        0x0800020b   Thumb Code     0  startup_stm32g431xx.o(.text)
    USART3_IRQHandler                        0x0800020b   Thumb Code     0  startup_stm32g431xx.o(.text)
    USBWakeUp_IRQHandler                     0x0800020b   Thumb Code     0  startup_stm32g431xx.o(.text)
    USB_HP_IRQHandler                        0x0800020b   Thumb Code     0  startup_stm32g431xx.o(.text)
    USB_LP_IRQHandler                        0x0800020b   Thumb Code     0  startup_stm32g431xx.o(.text)
    WWDG_IRQHandler                          0x0800020b   Thumb Code     0  startup_stm32g431xx.o(.text)
    __aeabi_uldivmod                         0x08000215   Thumb Code    98  uldiv.o(.text)
    __aeabi_memcpy                           0x08000277   Thumb Code    36  memcpya.o(.text)
    __aeabi_memcpy4                          0x08000277   Thumb Code     0  memcpya.o(.text)
    __aeabi_memcpy8                          0x08000277   Thumb Code     0  memcpya.o(.text)
    __aeabi_memset                           0x0800029b   Thumb Code    14  memseta.o(.text)
    __aeabi_memset4                          0x0800029b   Thumb Code     0  memseta.o(.text)
    __aeabi_memset8                          0x0800029b   Thumb Code     0  memseta.o(.text)
    __aeabi_memclr                           0x080002a9   Thumb Code     4  memseta.o(.text)
    __aeabi_memclr4                          0x080002a9   Thumb Code     0  memseta.o(.text)
    __aeabi_memclr8                          0x080002a9   Thumb Code     0  memseta.o(.text)
    _memset$wrapper                          0x080002ad   Thumb Code    18  memseta.o(.text)
    strcmp                                   0x080002bf   Thumb Code    28  strcmp.o(.text)
    __aeabi_dadd                             0x080002db   Thumb Code   322  dadd.o(.text)
    __aeabi_dsub                             0x0800041d   Thumb Code     6  dadd.o(.text)
    __aeabi_drsub                            0x08000423   Thumb Code     6  dadd.o(.text)
    __aeabi_ddiv                             0x08000429   Thumb Code   222  ddiv.o(.text)
    __aeabi_f2d                              0x08000507   Thumb Code    38  f2d.o(.text)
    __aeabi_d2f                              0x0800052d   Thumb Code    56  d2f.o(.text)
    __aeabi_uidiv                            0x08000565   Thumb Code     0  uidiv.o(.text)
    __aeabi_uidivmod                         0x08000565   Thumb Code    44  uidiv.o(.text)
    __aeabi_llsl                             0x08000591   Thumb Code    30  llshl.o(.text)
    _ll_shift_l                              0x08000591   Thumb Code     0  llshl.o(.text)
    __aeabi_llsr                             0x080005af   Thumb Code    32  llushr.o(.text)
    _ll_ushift_r                             0x080005af   Thumb Code     0  llushr.o(.text)
    __aeabi_lasr                             0x080005cf   Thumb Code    36  llsshr.o(.text)
    _ll_sshift_r                             0x080005cf   Thumb Code     0  llsshr.o(.text)
    __I$use$fp                               0x080005f3   Thumb Code     0  iusefp.o(.text)
    _float_round                             0x080005f3   Thumb Code    18  fepilogue.o(.text)
    _float_epilogue                          0x08000605   Thumb Code    92  fepilogue.o(.text)
    _double_round                            0x08000661   Thumb Code    30  depilogue.o(.text)
    _double_epilogue                         0x0800067f   Thumb Code   156  depilogue.o(.text)
    __aeabi_dmul                             0x0800071b   Thumb Code   228  dmul.o(.text)
    __aeabi_d2ulz                            0x080007ff   Thumb Code    48  dfixul.o(.text)
    __aeabi_cdrcmple                         0x08000831   Thumb Code    48  cdrcmple.o(.text)
    __scatterload                            0x08000861   Thumb Code    28  init.o(.text)
    __scatterload_rt2                        0x08000861   Thumb Code     0  init.o(.text)
    BusFault_Handler                         0x08000885   Thumb Code     2  stm32g4xx_it.o(i.BusFault_Handler)
    DMA1_Channel1_IRQHandler                 0x08000889   Thumb Code     6  stm32g4xx_it.o(i.DMA1_Channel1_IRQHandler)
    DMA1_Channel2_IRQHandler                 0x08000895   Thumb Code     6  stm32g4xx_it.o(i.DMA1_Channel2_IRQHandler)
    DebugMon_Handler                         0x08000943   Thumb Code     2  stm32g4xx_it.o(i.DebugMon_Handler)
    EXTI4_IRQHandler                         0x08000945   Thumb Code     6  stm32g4xx_it.o(i.EXTI4_IRQHandler)
    Error_Handler                            0x0800094b   Thumb Code     4  main.o(i.Error_Handler)
    FLASH_FlushCaches                        0x08000951   Thumb Code    84  stm32g4xx_hal_flash_ex.o(i.FLASH_FlushCaches)
    FLASH_PageErase                          0x080009c9   Thumb Code    34  stm32g4xx_hal_flash_ex.o(i.FLASH_PageErase)
    FLASH_WaitForLastOperation               0x08000a39   Thumb Code    86  stm32g4xx_hal_flash.o(i.FLASH_WaitForLastOperation)
    HAL_DMA_Abort                            0x08000a99   Thumb Code   106  stm32g4xx_hal_dma.o(i.HAL_DMA_Abort)
    HAL_DMA_Abort_IT                         0x08000b03   Thumb Code   120  stm32g4xx_hal_dma.o(i.HAL_DMA_Abort_IT)
    HAL_DMA_GetState                         0x08000b7b   Thumb Code     6  stm32g4xx_hal_dma.o(i.HAL_DMA_GetState)
    HAL_DMA_IRQHandler                       0x08000b81   Thumb Code   186  stm32g4xx_hal_dma.o(i.HAL_DMA_IRQHandler)
    HAL_DMA_Init                             0x08000c3d   Thumb Code   178  stm32g4xx_hal_dma.o(i.HAL_DMA_Init)
    HAL_DMA_Start_IT                         0x08000cfd   Thumb Code   140  stm32g4xx_hal_dma.o(i.HAL_DMA_Start_IT)
    HAL_FLASHEx_Erase                        0x08000d89   Thumb Code   202  stm32g4xx_hal_flash_ex.o(i.HAL_FLASHEx_Erase)
    HAL_FLASH_Lock                           0x08000e5d   Thumb Code    22  stm32g4xx_hal_flash.o(i.HAL_FLASH_Lock)
    HAL_FLASH_Program                        0x08000e79   Thumb Code   156  stm32g4xx_hal_flash.o(i.HAL_FLASH_Program)
    HAL_FLASH_Unlock                         0x08000f1d   Thumb Code    28  stm32g4xx_hal_flash.o(i.HAL_FLASH_Unlock)
    HAL_GPIO_EXTI_Callback                   0x08000f45   Thumb Code    30  gpio.o(i.HAL_GPIO_EXTI_Callback)
    HAL_GPIO_EXTI_IRQHandler                 0x08000f6d   Thumb Code    18  stm32g4xx_hal_gpio.o(i.HAL_GPIO_EXTI_IRQHandler)
    HAL_GPIO_Init                            0x08000f85   Thumb Code   550  stm32g4xx_hal_gpio.o(i.HAL_GPIO_Init)
    HAL_GPIO_TogglePin                       0x080011cd   Thumb Code    16  stm32g4xx_hal_gpio.o(i.HAL_GPIO_TogglePin)
    HAL_GPIO_WritePin                        0x080011dd   Thumb Code    10  stm32g4xx_hal_gpio.o(i.HAL_GPIO_WritePin)
    HAL_GetTick                              0x080011e9   Thumb Code     6  stm32g4xx_hal.o(i.HAL_GetTick)
    HAL_I2CEx_ConfigAnalogFilter             0x080011f5   Thumb Code    86  stm32g4xx_hal_i2c_ex.o(i.HAL_I2CEx_ConfigAnalogFilter)
    HAL_I2CEx_ConfigDigitalFilter            0x0800124b   Thumb Code    82  stm32g4xx_hal_i2c_ex.o(i.HAL_I2CEx_ConfigDigitalFilter)
    HAL_I2CEx_EnableFastModePlus             0x0800129d   Thumb Code    30  stm32g4xx_hal_i2c_ex.o(i.HAL_I2CEx_EnableFastModePlus)
    HAL_I2C_Init                             0x080012c5   Thumb Code   184  stm32g4xx_hal_i2c.o(i.HAL_I2C_Init)
    HAL_I2C_Master_Receive                   0x08001381   Thumb Code   282  stm32g4xx_hal_i2c.o(i.HAL_I2C_Master_Receive)
    HAL_I2C_Master_Transmit                  0x080014a5   Thumb Code   324  stm32g4xx_hal_i2c.o(i.HAL_I2C_Master_Transmit)
    HAL_I2C_MspInit                          0x080015f1   Thumb Code   120  i2c.o(i.HAL_I2C_MspInit)
    HAL_IncTick                              0x08001671   Thumb Code    12  stm32g4xx_hal.o(i.HAL_IncTick)
    HAL_Init                                 0x08001681   Thumb Code    30  stm32g4xx_hal.o(i.HAL_Init)
    HAL_InitTick                             0x080016a1   Thumb Code    58  stm32g4xx_hal.o(i.HAL_InitTick)
    HAL_MspInit                              0x080016e5   Thumb Code   116  stm32g4xx_hal_msp.o(i.HAL_MspInit)
    HAL_NVIC_EnableIRQ                       0x0800175d   Thumb Code    26  stm32g4xx_hal_cortex.o(i.HAL_NVIC_EnableIRQ)
    HAL_NVIC_SetPriority                     0x08001779   Thumb Code    60  stm32g4xx_hal_cortex.o(i.HAL_NVIC_SetPriority)
    HAL_NVIC_SetPriorityGrouping             0x080017b9   Thumb Code    26  stm32g4xx_hal_cortex.o(i.HAL_NVIC_SetPriorityGrouping)
    HAL_PWREx_ControlVoltageScaling          0x080017dd   Thumb Code   174  stm32g4xx_hal_pwr_ex.o(i.HAL_PWREx_ControlVoltageScaling)
    HAL_PWREx_DisableUCPDDeadBattery         0x08001899   Thumb Code    12  stm32g4xx_hal_pwr_ex.o(i.HAL_PWREx_DisableUCPDDeadBattery)
    HAL_RCCEx_PeriphCLKConfig                0x080018a9   Thumb Code   638  stm32g4xx_hal_rcc_ex.o(i.HAL_RCCEx_PeriphCLKConfig)
    HAL_RCC_ClockConfig                      0x08001b31   Thumb Code   428  stm32g4xx_hal_rcc.o(i.HAL_RCC_ClockConfig)
    HAL_RCC_GetPCLK1Freq                     0x08001cf9   Thumb Code    24  stm32g4xx_hal_rcc.o(i.HAL_RCC_GetPCLK1Freq)
    HAL_RCC_GetPCLK2Freq                     0x08001d1d   Thumb Code    24  stm32g4xx_hal_rcc.o(i.HAL_RCC_GetPCLK2Freq)
    HAL_RCC_GetSysClockFreq                  0x08001d41   Thumb Code    80  stm32g4xx_hal_rcc.o(i.HAL_RCC_GetSysClockFreq)
    HAL_RCC_OscConfig                        0x08001d99   Thumb Code  1028  stm32g4xx_hal_rcc.o(i.HAL_RCC_OscConfig)
    HAL_SPI_Init                             0x0800219d   Thumb Code   234  stm32g4xx_hal_spi.o(i.HAL_SPI_Init)
    HAL_SPI_MspInit                          0x08002289   Thumb Code   148  spi.o(i.HAL_SPI_MspInit)
    HAL_SPI_Receive                          0x0800232d   Thumb Code   382  stm32g4xx_hal_spi.o(i.HAL_SPI_Receive)
    HAL_SPI_Transmit                         0x080024ab   Thumb Code   398  stm32g4xx_hal_spi.o(i.HAL_SPI_Transmit)
    HAL_SPI_TransmitReceive                  0x08002639   Thumb Code   626  stm32g4xx_hal_spi.o(i.HAL_SPI_TransmitReceive)
    HAL_SYSTICK_CLKSourceConfig              0x080028ab   Thumb Code    24  stm32g4xx_hal_cortex.o(i.HAL_SYSTICK_CLKSourceConfig)
    HAL_SYSTICK_Config                       0x080028c3   Thumb Code    40  stm32g4xx_hal_cortex.o(i.HAL_SYSTICK_Config)
    HAL_TIMEx_Break2Callback                 0x080028eb   Thumb Code     2  stm32g4xx_hal_tim_ex.o(i.HAL_TIMEx_Break2Callback)
    HAL_TIMEx_BreakCallback                  0x080028ed   Thumb Code     2  stm32g4xx_hal_tim_ex.o(i.HAL_TIMEx_BreakCallback)
    HAL_TIMEx_CommutCallback                 0x080028ef   Thumb Code     2  stm32g4xx_hal_tim_ex.o(i.HAL_TIMEx_CommutCallback)
    HAL_TIMEx_DirectionChangeCallback        0x080028f1   Thumb Code     2  stm32g4xx_hal_tim_ex.o(i.HAL_TIMEx_DirectionChangeCallback)
    HAL_TIMEx_EncoderIndexCallback           0x080028f3   Thumb Code     2  stm32g4xx_hal_tim_ex.o(i.HAL_TIMEx_EncoderIndexCallback)
    HAL_TIMEx_IndexErrorCallback             0x080028f5   Thumb Code     2  stm32g4xx_hal_tim_ex.o(i.HAL_TIMEx_IndexErrorCallback)
    HAL_TIMEx_MasterConfigSynchronization    0x080028f9   Thumb Code   132  stm32g4xx_hal_tim_ex.o(i.HAL_TIMEx_MasterConfigSynchronization)
    HAL_TIMEx_TransitionErrorCallback        0x08002995   Thumb Code     2  stm32g4xx_hal_tim_ex.o(i.HAL_TIMEx_TransitionErrorCallback)
    HAL_TIM_Base_Init                        0x08002997   Thumb Code    98  stm32g4xx_hal_tim.o(i.HAL_TIM_Base_Init)
    HAL_TIM_Base_MspInit                     0x080029f9   Thumb Code    50  tim.o(i.HAL_TIM_Base_MspInit)
    HAL_TIM_Base_Start_IT                    0x08002a35   Thumb Code    94  stm32g4xx_hal_tim.o(i.HAL_TIM_Base_Start_IT)
    HAL_TIM_ConfigClockSource                0x08002aad   Thumb Code   246  stm32g4xx_hal_tim.o(i.HAL_TIM_ConfigClockSource)
    HAL_TIM_IC_CaptureCallback               0x08002bad   Thumb Code     2  stm32g4xx_hal_tim.o(i.HAL_TIM_IC_CaptureCallback)
    HAL_TIM_IRQHandler                       0x08002baf   Thumb Code   418  stm32g4xx_hal_tim.o(i.HAL_TIM_IRQHandler)
    HAL_TIM_OC_DelayElapsedCallback          0x08002d51   Thumb Code     2  stm32g4xx_hal_tim.o(i.HAL_TIM_OC_DelayElapsedCallback)
    HAL_TIM_PWM_PulseFinishedCallback        0x08002d53   Thumb Code     2  stm32g4xx_hal_tim.o(i.HAL_TIM_PWM_PulseFinishedCallback)
    HAL_TIM_PeriodElapsedCallback            0x08002d55   Thumb Code    84  tim.o(i.HAL_TIM_PeriodElapsedCallback)
    HAL_TIM_TriggerCallback                  0x08002db5   Thumb Code     2  stm32g4xx_hal_tim.o(i.HAL_TIM_TriggerCallback)
    HAL_UARTEx_DisableFifoMode               0x08002db7   Thumb Code    62  stm32g4xx_hal_uart_ex.o(i.HAL_UARTEx_DisableFifoMode)
    HAL_UARTEx_ReceiveToIdle_DMA             0x08002df5   Thumb Code    74  stm32g4xx_hal_uart_ex.o(i.HAL_UARTEx_ReceiveToIdle_DMA)
    HAL_UARTEx_RxEventCallback               0x08002e41   Thumb Code    46  usart.o(i.HAL_UARTEx_RxEventCallback)
    HAL_UARTEx_RxFifoFullCallback            0x08002e79   Thumb Code     2  stm32g4xx_hal_uart_ex.o(i.HAL_UARTEx_RxFifoFullCallback)
    HAL_UARTEx_SetRxFifoThreshold            0x08002e7b   Thumb Code    76  stm32g4xx_hal_uart_ex.o(i.HAL_UARTEx_SetRxFifoThreshold)
    HAL_UARTEx_SetTxFifoThreshold            0x08002ec7   Thumb Code    76  stm32g4xx_hal_uart_ex.o(i.HAL_UARTEx_SetTxFifoThreshold)
    HAL_UARTEx_TxFifoEmptyCallback           0x08002f13   Thumb Code     2  stm32g4xx_hal_uart_ex.o(i.HAL_UARTEx_TxFifoEmptyCallback)
    HAL_UARTEx_WakeupCallback                0x08002f15   Thumb Code     2  stm32g4xx_hal_uart_ex.o(i.HAL_UARTEx_WakeupCallback)
    HAL_UART_ErrorCallback                   0x08002f17   Thumb Code     2  stm32g4xx_hal_uart.o(i.HAL_UART_ErrorCallback)
    HAL_UART_IRQHandler                      0x08002f19   Thumb Code   782  stm32g4xx_hal_uart.o(i.HAL_UART_IRQHandler)
    HAL_UART_Init                            0x08003235   Thumb Code   106  stm32g4xx_hal_uart.o(i.HAL_UART_Init)
    HAL_UART_MspInit                         0x080032a1   Thumb Code   224  usart.o(i.HAL_UART_MspInit)
    HAL_UART_RxCpltCallback                  0x08003395   Thumb Code     2  stm32g4xx_hal_uart.o(i.HAL_UART_RxCpltCallback)
    HAL_UART_RxHalfCpltCallback              0x08003397   Thumb Code     2  stm32g4xx_hal_uart.o(i.HAL_UART_RxHalfCpltCallback)
    HAL_UART_Transmit                        0x08003399   Thumb Code   174  stm32g4xx_hal_uart.o(i.HAL_UART_Transmit)
    HAL_UART_Transmit_DMA                    0x08003449   Thumb Code   132  stm32g4xx_hal_uart.o(i.HAL_UART_Transmit_DMA)
    HAL_UART_TxCpltCallback                  0x080034d9   Thumb Code     2  stm32g4xx_hal_uart.o(i.HAL_UART_TxCpltCallback)
    HAL_UART_TxHalfCpltCallback              0x080034db   Thumb Code     2  stm32g4xx_hal_uart.o(i.HAL_UART_TxHalfCpltCallback)
    HardFault_Handler                        0x080034dd   Thumb Code     2  stm32g4xx_it.o(i.HardFault_Handler)
    IMU_Calibration                          0x08003811   Thumb Code   892  angle.o(i.IMU_Calibration)
    IMU_DataUpdate                           0x08003c35   Thumb Code   400  angle.o(i.IMU_DataUpdate)
    IMU_GetAngle                             0x08003ddd   Thumb Code  1170  angle.o(i.IMU_GetAngle)
    MX_DMA_Init                              0x0800427d   Thumb Code    72  dma.o(i.MX_DMA_Init)
    MX_GPIO_Init                             0x080042c9   Thumb Code   224  gpio.o(i.MX_GPIO_Init)
    MX_I2C2_Init                             0x080043b1   Thumb Code    82  i2c.o(i.MX_I2C2_Init)
    MX_SPI1_Init                             0x08004411   Thumb Code    70  spi.o(i.MX_SPI1_Init)
    MX_SPI3_Init                             0x08004461   Thumb Code    70  spi.o(i.MX_SPI3_Init)
    MX_TIM1_Init                             0x080044b1   Thumb Code   100  tim.o(i.MX_TIM1_Init)
    MX_USART1_UART_Init                      0x0800451d   Thumb Code    94  usart.o(i.MX_USART1_UART_Init)
    MemManage_Handler                        0x08004585   Thumb Code     2  stm32g4xx_it.o(i.MemManage_Handler)
    NMI_Handler                              0x08004587   Thumb Code     2  stm32g4xx_it.o(i.NMI_Handler)
    PendSV_Handler                           0x08004589   Thumb Code     2  stm32g4xx_it.o(i.PendSV_Handler)
    SVC_Handler                              0x080047e1   Thumb Code     2  stm32g4xx_it.o(i.SVC_Handler)
    SysTick_Handler                          0x080047e3   Thumb Code     4  stm32g4xx_it.o(i.SysTick_Handler)
    SystemClock_Config                       0x080047e7   Thumb Code   102  main.o(i.SystemClock_Config)
    SystemInit                               0x0800484d   Thumb Code    12  system_stm32g4xx.o(i.SystemInit)
    TIM1_UP_TIM16_IRQHandler                 0x0800485d   Thumb Code     6  stm32g4xx_it.o(i.TIM1_UP_TIM16_IRQHandler)
    TIM_Base_SetConfig                       0x08004869   Thumb Code   160  stm32g4xx_hal_tim.o(i.TIM_Base_SetConfig)
    TIM_ETR_SetConfig                        0x08004925   Thumb Code    20  stm32g4xx_hal_tim.o(i.TIM_ETR_SetConfig)
    UART_AdvFeatureConfig                    0x080049d9   Thumb Code   200  stm32g4xx_hal_uart.o(i.UART_AdvFeatureConfig)
    UART_CheckIdleState                      0x08004aa1   Thumb Code   172  stm32g4xx_hal_uart.o(i.UART_CheckIdleState)
    UART_SetConfig                           0x08004d25   Thumb Code   582  stm32g4xx_hal_uart.o(i.UART_SetConfig)
    UART_Start_Receive_DMA                   0x08004f99   Thumb Code   156  stm32g4xx_hal_uart.o(i.UART_Start_Receive_DMA)
    UART_WaitOnFlagUntilTimeout              0x08005041   Thumb Code   148  stm32g4xx_hal_uart.o(i.UART_WaitOnFlagUntilTimeout)
    USART1_IRQHandler                        0x080050d5   Thumb Code    24  stm32g4xx_it.o(i.USART1_IRQHandler)
    UsageFault_Handler                       0x080050f5   Thumb Code     2  stm32g4xx_it.o(i.UsageFault_Handler)
    __0printf                                0x080050f9   Thumb Code    22  printfa.o(i.__0printf)
    __1printf                                0x080050f9   Thumb Code     0  printfa.o(i.__0printf)
    __2printf                                0x080050f9   Thumb Code     0  printfa.o(i.__0printf)
    __c89printf                              0x080050f9   Thumb Code     0  printfa.o(i.__0printf)
    printf                                   0x080050f9   Thumb Code     0  printfa.o(i.__0printf)
    __0vsnprintf                             0x08005119   Thumb Code    46  printfa.o(i.__0vsnprintf)
    __1vsnprintf                             0x08005119   Thumb Code     0  printfa.o(i.__0vsnprintf)
    __2vsnprintf                             0x08005119   Thumb Code     0  printfa.o(i.__0vsnprintf)
    __c89vsnprintf                           0x08005119   Thumb Code     0  printfa.o(i.__0vsnprintf)
    vsnprintf                                0x08005119   Thumb Code     0  printfa.o(i.__0vsnprintf)
    __ARM_fpclassifyf                        0x0800514d   Thumb Code    38  fpclassifyf.o(i.__ARM_fpclassifyf)
    __hardfp_atan2f                          0x08005195   Thumb Code   594  atan2f.o(i.__hardfp_atan2f)
    __hardfp_cosf                            0x08005441   Thumb Code   280  cosf.o(i.__hardfp_cosf)
    __hardfp_expf                            0x08005591   Thumb Code   426  expf.o(i.__hardfp_expf)
    __mathlib_expf                           0x08005591   Thumb Code     0  expf.o(i.__hardfp_expf)
    __hardfp_sinf                            0x08005779   Thumb Code   344  sinf.o(i.__hardfp_sinf)
    __hardfp_sqrtf                           0x08005909   Thumb Code    58  sqrtf.o(i.__hardfp_sqrtf)
    __mathlib_flt_infnan                     0x08005943   Thumb Code     6  funder.o(i.__mathlib_flt_infnan)
    __mathlib_flt_infnan2                    0x08005949   Thumb Code     6  funder.o(i.__mathlib_flt_infnan2)
    __mathlib_flt_invalid                    0x08005951   Thumb Code    10  funder.o(i.__mathlib_flt_invalid)
    __mathlib_flt_overflow                   0x08005961   Thumb Code    10  funder.o(i.__mathlib_flt_overflow)
    __mathlib_flt_underflow                  0x08005971   Thumb Code    10  funder.o(i.__mathlib_flt_underflow)
    __mathlib_rredf2                         0x08005981   Thumb Code   316  rredf.o(i.__mathlib_rredf2)
    __scatterload_copy                       0x08005ad5   Thumb Code    14  handlers.o(i.__scatterload_copy)
    __scatterload_null                       0x08005ae3   Thumb Code     2  handlers.o(i.__scatterload_null)
    __scatterload_zeroinit                   0x08005ae5   Thumb Code    14  handlers.o(i.__scatterload_zeroinit)
    __set_errno                              0x08005af5   Thumb Code     6  errno.o(i.__set_errno)
    bmm350_delay_us                          0x080063a1   Thumb Code    28  bmm350.o(i.bmm350_delay_us)
    bmm350_enable_axes                       0x080063bd   Thumb Code    76  bmm350.o(i.bmm350_enable_axes)
    bmm350_enable_interrupt                  0x08006409   Thumb Code    54  bmm350.o(i.bmm350_enable_interrupt)
    bmm350_get_compensated_mag_xyz_temp_data 0x08006441   Thumb Code   470  bmm350.o(i.bmm350_get_compensated_mag_xyz_temp_data)
    bmm350_get_pmu_cmd_status_0              0x0800661d   Thumb Code    74  bmm350.o(i.bmm350_get_pmu_cmd_status_0)
    bmm350_get_regs                          0x08006667   Thumb Code    94  bmm350.o(i.bmm350_get_regs)
    bmm350_init                              0x080066c5   Thumb Code   192  bmm350.o(i.bmm350_init)
    bmm350_magnetic_reset_and_wait           0x08006785   Thumb Code   212  bmm350.o(i.bmm350_magnetic_reset_and_wait)
    bmm350_read_uncomp_mag_temp_data         0x08006859   Thumb Code   202  bmm350.o(i.bmm350_read_uncomp_mag_temp_data)
    bmm350_set_odr_performance               0x08006923   Thumb Code   120  bmm350.o(i.bmm350_set_odr_performance)
    bmm350_set_pad_drive                     0x0800699b   Thumb Code    34  bmm350.o(i.bmm350_set_pad_drive)
    bmm350_set_powermode                     0x080069bd   Thumb Code   100  bmm350.o(i.bmm350_set_powermode)
    bmm350_set_regs                          0x08006a21   Thumb Code    58  bmm350.o(i.bmm350_set_regs)
    delay_init                               0x08006aad   Thumb Code    16  delay.o(i.delay_init)
    delay_ms                                 0x08006ac1   Thumb Code    54  delay.o(i.delay_ms)
    delay_us                                 0x08006af9   Thumb Code    48  delay.o(i.delay_us)
    flash_param_read                         0x08006b71   Thumb Code    58  main.o(i.flash_param_read)
    fputc                                    0x08006bb9   Thumb Code    20  usart.o(i.fputc)
    free                                     0x08006bd1   Thumb Code    76  malloc.o(i.free)
    icm45686_data_update                     0x08006c21   Thumb Code   592  icm45686_task.o(i.icm45686_data_update)
    imu_init                                 0x08006e75   Thumb Code   954  icm45686_task.o(i.imu_init)
    invSqrt                                  0x0800725d   Thumb Code    40  hana_math.o(i.invSqrt)
    inv_imu_get_endianness                   0x08007289   Thumb Code    32  inv_imu_driver.o(i.inv_imu_get_endianness)
    inv_imu_get_register_data                0x080072a9   Thumb Code   102  inv_imu_driver.o(i.inv_imu_get_register_data)
    inv_imu_get_who_am_i                     0x0800730f   Thumb Code    44  inv_imu_driver.o(i.inv_imu_get_who_am_i)
    inv_imu_read_reg                         0x0800733b   Thumb Code    16  inv_imu_transport.o(i.inv_imu_read_reg)
    inv_imu_select_accel_lp_clk              0x0800734b   Thumb Code    50  inv_imu_driver.o(i.inv_imu_select_accel_lp_clk)
    inv_imu_set_accel_frequency              0x0800737d   Thumb Code    46  inv_imu_driver.o(i.inv_imu_set_accel_frequency)
    inv_imu_set_accel_fsr                    0x080073ab   Thumb Code    46  inv_imu_driver.o(i.inv_imu_set_accel_fsr)
    inv_imu_set_accel_ln_bw                  0x080073d9   Thumb Code    50  inv_imu_driver.o(i.inv_imu_set_accel_ln_bw)
    inv_imu_set_accel_mode                   0x0800740b   Thumb Code    54  inv_imu_driver.o(i.inv_imu_set_accel_mode)
    inv_imu_set_config_int                   0x08007441   Thumb Code   158  inv_imu_driver.o(i.inv_imu_set_config_int)
    inv_imu_set_gyro_frequency               0x080074df   Thumb Code    46  inv_imu_driver.o(i.inv_imu_set_gyro_frequency)
    inv_imu_set_gyro_fsr                     0x0800750d   Thumb Code    46  inv_imu_driver.o(i.inv_imu_set_gyro_fsr)
    inv_imu_set_gyro_ln_bw                   0x0800753b   Thumb Code    50  inv_imu_driver.o(i.inv_imu_set_gyro_ln_bw)
    inv_imu_set_gyro_mode                    0x0800756d   Thumb Code    54  inv_imu_driver.o(i.inv_imu_set_gyro_mode)
    inv_imu_set_pin_config_int               0x080075a3   Thumb Code    78  inv_imu_driver.o(i.inv_imu_set_pin_config_int)
    inv_imu_sleep_us                         0x080075f1   Thumb Code    12  inv_imu_driver.o(i.inv_imu_sleep_us)
    inv_imu_soft_reset                       0x080075fd   Thumb Code   134  inv_imu_driver.o(i.inv_imu_soft_reset)
    inv_imu_write_reg                        0x08007683   Thumb Code    14  inv_imu_transport.o(i.inv_imu_write_reg)
    kalman1_filter                           0x08007691   Thumb Code    82  filter.o(i.kalman1_filter)
    main                                     0x080076e5   Thumb Code   168  main.o(i.main)
    malloc                                   0x080077a5   Thumb Code    92  malloc.o(i.malloc)
    mmu_angle_update                         0x08007811   Thumb Code   308  angle.o(i.mmu_angle_update)
    mmu_data_update                          0x0800796d   Thumb Code   142  bmm350_task.o(i.mmu_data_update)
    mmu_delay_us                             0x08007a01   Thumb Code     4  bmm350_task.o(i.mmu_delay_us)
    mmu_i2c_read                             0x08007a05   Thumb Code    54  bmm350_task.o(i.mmu_i2c_read)
    mmu_i2c_write                            0x08007a41   Thumb Code    78  bmm350_task.o(i.mmu_i2c_write)
    mmu_init                                 0x08007a95   Thumb Code   234  bmm350_task.o(i.mmu_init)
    si_io_imu1_read_reg                      0x08007f89   Thumb Code    78  icm45686_task.o(i.si_io_imu1_read_reg)
    si_io_imu1_write_reg                     0x08007fe1   Thumb Code    74  icm45686_task.o(i.si_io_imu1_write_reg)
    si_io_imu2_read_reg                      0x08008035   Thumb Code    86  icm45686_task.o(i.si_io_imu2_read_reg)
    si_io_imu2_write_reg                     0x08008091   Thumb Code    82  icm45686_task.o(i.si_io_imu2_write_reg)
    si_sleep_us                              0x080080e9   Thumb Code     4  icm45686_task.o(i.si_sleep_us)
    sq                                       0x080080ed   Thumb Code     6  hana_math.o(i.sq)
    stmflash_erase_page                      0x080080f3   Thumb Code    50  stmflash.o(i.stmflash_erase_page)
    stmflash_read                            0x08008125   Thumb Code    34  stmflash.o(i.stmflash_read)
    stmflash_write                           0x08008149   Thumb Code   484  stmflash.o(i.stmflash_write)
    uart_AT_cmd_decoder                      0x0800838d   Thumb Code   248  usart.o(i.uart_AT_cmd_decoder)
    uart_printf                              0x08008515   Thumb Code    44  usart.o(i.uart_printf)
    uart_send_IMU_data                       0x08008545   Thumb Code  1708  usart.o(i.uart_send_IMU_data)
    UARTPrescTable                           0x08008f00   Data          24  stm32g4xx_hal_uart.o(.constdata)
    AHBPrescTable                            0x08008f28   Data          16  system_stm32g4xx.o(.constdata)
    APBPrescTable                            0x08008f38   Data           8  system_stm32g4xx.o(.constdata)
    Region$$Table$$Base                      0x08008ff4   Number         0  anon$$obj.o(Region$$Table)
    Region$$Table$$Limit                     0x08009014   Number         0  anon$$obj.o(Region$$Table)
    tim1_cnt_2ms                             0x20000000   Data           4  tim.o(.data)
    tim1_cnt_5ms                             0x20000004   Data           4  tim.o(.data)
    tim1_cnt_500ms                           0x20000008   Data           4  tim.o(.data)
    flash_data_store                         0x2000000c   Data           4  usart.o(.data)
    uwTickPrio                               0x20000014   Data           4  stm32g4xx_hal.o(.data)
    uwTickFreq                               0x20000018   Data           4  stm32g4xx_hal.o(.data)
    uwTick                                   0x2000001c   Data           4  stm32g4xx_hal.o(.data)
    pFlash                                   0x20000020   Data          32  stm32g4xx_hal_flash.o(.data)
    SystemCoreClock                          0x20000040   Data           4  system_stm32g4xx.o(.data)
    __stdout                                 0x200000a0   Data           4  stdout.o(.data)
    __microlib_freelist                      0x200000a4   Data           4  mvars.o(.data)
    __microlib_freelist_initialised          0x200000a8   Data           4  mvars.o(.data)
    hi2c2                                    0x200000b0   Data          84  i2c.o(.bss)
    hspi1                                    0x20000104   Data         100  spi.o(.bss)
    hspi3                                    0x20000168   Data         100  spi.o(.bss)
    htim1                                    0x200001cc   Data          76  tim.o(.bss)
    UserTxBufferFS                           0x2000022c   Data         512  usart.o(.bss)
    huart1                                   0x2000042c   Data         148  usart.o(.bss)
    hdma_usart1_rx                           0x200004c0   Data          96  usart.o(.bss)
    hdma_usart1_tx                           0x20000520   Data          96  usart.o(.bss)
    USART1_RX_BUF                            0x20000580   Data         512  usart.o(.bss)
    data_buf                                 0x20000780   Data          50  usart.o(.bss)
    my_uartIMUdata                           0x200007b4   Data          40  usart.o(.bss)
    my_at_cmd                                0x200007dc   Data          12  usart.o(.bss)
    myIMU1                                   0x200007e8   Data         144  icm45686_task.o(.bss)
    myIMU2                                   0x20000878   Data         144  icm45686_task.o(.bss)
    myIMU_data                               0x20000908   Data          14  icm45686_task.o(.bss)
    my_MMU                                   0x20000918   Data         228  bmm350_task.o(.bss)
    my_ahrs                                  0x20001224   Data         148  angle.o(.bss)
    __heap_base                              0x200012b8   Data           0  startup_stm32g431xx.o(HEAP)
    __heap_limit                             0x200032b8   Data           0  startup_stm32g431xx.o(HEAP)
    __initial_sp                             0x200072b8   Data           0  startup_stm32g431xx.o(STACK)



==============================================================================

Memory Map of the image

  Image Entry point : 0x080001d9

  Load Region LR_IROM1 (Base: 0x08000000, Size: 0x000090c4, Max: 0x00020000, ABSOLUTE)

    Execution Region ER_IROM1 (Exec base: 0x08000000, Load base: 0x08000000, Size: 0x00009014, Max: 0x00020000, ABSOLUTE)

    Exec Addr    Load Addr    Size         Type   Attr      Idx    E Section Name        Object

    0x08000000   0x08000000   0x000001d8   Data   RO            3    RESET               startup_stm32g431xx.o
    0x080001d8   0x080001d8   0x00000000   Code   RO         5776  * .ARM.Collect$$$$00000000  mc_w.l(entry.o)
    0x080001d8   0x080001d8   0x00000004   Code   RO         6107    .ARM.Collect$$$$00000001  mc_w.l(entry2.o)
    0x080001dc   0x080001dc   0x00000004   Code   RO         6110    .ARM.Collect$$$$00000004  mc_w.l(entry5.o)
    0x080001e0   0x080001e0   0x00000000   Code   RO         6112    .ARM.Collect$$$$00000008  mc_w.l(entry7b.o)
    0x080001e0   0x080001e0   0x00000000   Code   RO         6114    .ARM.Collect$$$$0000000A  mc_w.l(entry8b.o)
    0x080001e0   0x080001e0   0x00000008   Code   RO         6115    .ARM.Collect$$$$0000000B  mc_w.l(entry9a.o)
    0x080001e8   0x080001e8   0x00000004   Code   RO         6122    .ARM.Collect$$$$0000000E  mc_w.l(entry12b.o)
    0x080001ec   0x080001ec   0x00000000   Code   RO         6117    .ARM.Collect$$$$0000000F  mc_w.l(entry10a.o)
    0x080001ec   0x080001ec   0x00000000   Code   RO         6119    .ARM.Collect$$$$00000011  mc_w.l(entry11a.o)
    0x080001ec   0x080001ec   0x00000004   Code   RO         6108    .ARM.Collect$$$$00002712  mc_w.l(entry2.o)
    0x080001f0   0x080001f0   0x00000024   Code   RO            4    .text               startup_stm32g431xx.o
    0x08000214   0x08000214   0x00000062   Code   RO         5779    .text               mc_w.l(uldiv.o)
    0x08000276   0x08000276   0x00000024   Code   RO         5781    .text               mc_w.l(memcpya.o)
    0x0800029a   0x0800029a   0x00000024   Code   RO         5783    .text               mc_w.l(memseta.o)
    0x080002be   0x080002be   0x0000001c   Code   RO         5785    .text               mc_w.l(strcmp.o)
    0x080002da   0x080002da   0x0000014e   Code   RO         6078    .text               mf_w.l(dadd.o)
    0x08000428   0x08000428   0x000000de   Code   RO         6080    .text               mf_w.l(ddiv.o)
    0x08000506   0x08000506   0x00000026   Code   RO         6084    .text               mf_w.l(f2d.o)
    0x0800052c   0x0800052c   0x00000038   Code   RO         6086    .text               mf_w.l(d2f.o)
    0x08000564   0x08000564   0x0000002c   Code   RO         6124    .text               mc_w.l(uidiv.o)
    0x08000590   0x08000590   0x0000001e   Code   RO         6126    .text               mc_w.l(llshl.o)
    0x080005ae   0x080005ae   0x00000020   Code   RO         6128    .text               mc_w.l(llushr.o)
    0x080005ce   0x080005ce   0x00000024   Code   RO         6130    .text               mc_w.l(llsshr.o)
    0x080005f2   0x080005f2   0x00000000   Code   RO         6141    .text               mc_w.l(iusefp.o)
    0x080005f2   0x080005f2   0x0000006e   Code   RO         6142    .text               mf_w.l(fepilogue.o)
    0x08000660   0x08000660   0x000000ba   Code   RO         6144    .text               mf_w.l(depilogue.o)
    0x0800071a   0x0800071a   0x000000e4   Code   RO         6146    .text               mf_w.l(dmul.o)
    0x080007fe   0x080007fe   0x00000030   Code   RO         6148    .text               mf_w.l(dfixul.o)
    0x0800082e   0x0800082e   0x00000002   PAD
    0x08000830   0x08000830   0x00000030   Code   RO         6150    .text               mf_w.l(cdrcmple.o)
    0x08000860   0x08000860   0x00000024   Code   RO         6154    .text               mc_w.l(init.o)
    0x08000884   0x08000884   0x00000002   Code   RO          519    i.BusFault_Handler  stm32g4xx_it.o
    0x08000886   0x08000886   0x00000002   PAD
    0x08000888   0x08000888   0x0000000c   Code   RO          520    i.DMA1_Channel1_IRQHandler  stm32g4xx_it.o
    0x08000894   0x08000894   0x0000000c   Code   RO          521    i.DMA1_Channel2_IRQHandler  stm32g4xx_it.o
    0x080008a0   0x080008a0   0x00000040   Code   RO         2026    i.DMA_CalcDMAMUXChannelBaseAndMask  stm32g4xx_hal_dma.o
    0x080008e0   0x080008e0   0x00000024   Code   RO         2027    i.DMA_CalcDMAMUXRequestGenBaseAndMask  stm32g4xx_hal_dma.o
    0x08000904   0x08000904   0x0000003e   Code   RO         2028    i.DMA_SetConfig     stm32g4xx_hal_dma.o
    0x08000942   0x08000942   0x00000002   Code   RO          522    i.DebugMon_Handler  stm32g4xx_it.o
    0x08000944   0x08000944   0x00000006   Code   RO          523    i.EXTI4_IRQHandler  stm32g4xx_it.o
    0x0800094a   0x0800094a   0x00000004   Code   RO           13    i.Error_Handler     main.o
    0x0800094e   0x0800094e   0x00000002   PAD
    0x08000950   0x08000950   0x0000005c   Code   RO         1776    i.FLASH_FlushCaches  stm32g4xx_hal_flash_ex.o
    0x080009ac   0x080009ac   0x0000001c   Code   RO         1777    i.FLASH_MassErase   stm32g4xx_hal_flash_ex.o
    0x080009c8   0x080009c8   0x00000028   Code   RO         1779    i.FLASH_PageErase   stm32g4xx_hal_flash_ex.o
    0x080009f0   0x080009f0   0x0000001c   Code   RO         1667    i.FLASH_Program_DoubleWord  stm32g4xx_hal_flash.o
    0x08000a0c   0x08000a0c   0x0000002c   Code   RO         1668    i.FLASH_Program_Fast  stm32g4xx_hal_flash.o
    0x08000a38   0x08000a38   0x00000060   Code   RO         1669    i.FLASH_WaitForLastOperation  stm32g4xx_hal_flash.o
    0x08000a98   0x08000a98   0x0000006a   Code   RO         2029    i.HAL_DMA_Abort     stm32g4xx_hal_dma.o
    0x08000b02   0x08000b02   0x00000078   Code   RO         2030    i.HAL_DMA_Abort_IT  stm32g4xx_hal_dma.o
    0x08000b7a   0x08000b7a   0x00000006   Code   RO         2033    i.HAL_DMA_GetState  stm32g4xx_hal_dma.o
    0x08000b80   0x08000b80   0x000000ba   Code   RO         2034    i.HAL_DMA_IRQHandler  stm32g4xx_hal_dma.o
    0x08000c3a   0x08000c3a   0x00000002   PAD
    0x08000c3c   0x08000c3c   0x000000c0   Code   RO         2035    i.HAL_DMA_Init      stm32g4xx_hal_dma.o
    0x08000cfc   0x08000cfc   0x0000008c   Code   RO         2039    i.HAL_DMA_Start_IT  stm32g4xx_hal_dma.o
    0x08000d88   0x08000d88   0x000000d4   Code   RO         1783    i.HAL_FLASHEx_Erase  stm32g4xx_hal_flash_ex.o
    0x08000e5c   0x08000e5c   0x0000001c   Code   RO         1673    i.HAL_FLASH_Lock    stm32g4xx_hal_flash.o
    0x08000e78   0x08000e78   0x000000a4   Code   RO         1678    i.HAL_FLASH_Program  stm32g4xx_hal_flash.o
    0x08000f1c   0x08000f1c   0x00000028   Code   RO         1680    i.HAL_FLASH_Unlock  stm32g4xx_hal_flash.o
    0x08000f44   0x08000f44   0x00000028   Code   RO          245    i.HAL_GPIO_EXTI_Callback  gpio.o
    0x08000f6c   0x08000f6c   0x00000018   Code   RO         1890    i.HAL_GPIO_EXTI_IRQHandler  stm32g4xx_hal_gpio.o
    0x08000f84   0x08000f84   0x00000248   Code   RO         1891    i.HAL_GPIO_Init     stm32g4xx_hal_gpio.o
    0x080011cc   0x080011cc   0x00000010   Code   RO         1894    i.HAL_GPIO_TogglePin  stm32g4xx_hal_gpio.o
    0x080011dc   0x080011dc   0x0000000a   Code   RO         1895    i.HAL_GPIO_WritePin  stm32g4xx_hal_gpio.o
    0x080011e6   0x080011e6   0x00000002   PAD
    0x080011e8   0x080011e8   0x0000000c   Code   RO         1186    i.HAL_GetTick       stm32g4xx_hal.o
    0x080011f4   0x080011f4   0x00000056   Code   RO         1121    i.HAL_I2CEx_ConfigAnalogFilter  stm32g4xx_hal_i2c_ex.o
    0x0800124a   0x0800124a   0x00000052   Code   RO         1122    i.HAL_I2CEx_ConfigDigitalFilter  stm32g4xx_hal_i2c_ex.o
    0x0800129c   0x0800129c   0x00000028   Code   RO         1125    i.HAL_I2CEx_EnableFastModePlus  stm32g4xx_hal_i2c_ex.o
    0x080012c4   0x080012c4   0x000000bc   Code   RO          660    i.HAL_I2C_Init      stm32g4xx_hal_i2c.o
    0x08001380   0x08001380   0x00000124   Code   RO          666    i.HAL_I2C_Master_Receive  stm32g4xx_hal_i2c.o
    0x080014a4   0x080014a4   0x0000014c   Code   RO          673    i.HAL_I2C_Master_Transmit  stm32g4xx_hal_i2c.o
    0x080015f0   0x080015f0   0x00000080   Code   RO          300    i.HAL_I2C_MspInit   i2c.o
    0x08001670   0x08001670   0x00000010   Code   RO         1192    i.HAL_IncTick       stm32g4xx_hal.o
    0x08001680   0x08001680   0x0000001e   Code   RO         1193    i.HAL_Init          stm32g4xx_hal.o
    0x0800169e   0x0800169e   0x00000002   PAD
    0x080016a0   0x080016a0   0x00000044   Code   RO         1194    i.HAL_InitTick      stm32g4xx_hal.o
    0x080016e4   0x080016e4   0x00000078   Code   RO          625    i.HAL_MspInit       stm32g4xx_hal_msp.o
    0x0800175c   0x0800175c   0x0000001a   Code   RO         2540    i.HAL_NVIC_EnableIRQ  stm32g4xx_hal_cortex.o
    0x08001776   0x08001776   0x00000002   PAD
    0x08001778   0x08001778   0x00000040   Code   RO         2546    i.HAL_NVIC_SetPriority  stm32g4xx_hal_cortex.o
    0x080017b8   0x080017b8   0x00000024   Code   RO         2547    i.HAL_NVIC_SetPriorityGrouping  stm32g4xx_hal_cortex.o
    0x080017dc   0x080017dc   0x000000bc   Code   RO         2294    i.HAL_PWREx_ControlVoltageScaling  stm32g4xx_hal_pwr_ex.o
    0x08001898   0x08001898   0x00000010   Code   RO         2306    i.HAL_PWREx_DisableUCPDDeadBattery  stm32g4xx_hal_pwr_ex.o
    0x080018a8   0x080018a8   0x00000288   Code   RO         1553    i.HAL_RCCEx_PeriphCLKConfig  stm32g4xx_hal_rcc_ex.o
    0x08001b30   0x08001b30   0x000001c8   Code   RO         1428    i.HAL_RCC_ClockConfig  stm32g4xx_hal_rcc.o
    0x08001cf8   0x08001cf8   0x00000024   Code   RO         1436    i.HAL_RCC_GetPCLK1Freq  stm32g4xx_hal_rcc.o
    0x08001d1c   0x08001d1c   0x00000024   Code   RO         1437    i.HAL_RCC_GetPCLK2Freq  stm32g4xx_hal_rcc.o
    0x08001d40   0x08001d40   0x00000058   Code   RO         1438    i.HAL_RCC_GetSysClockFreq  stm32g4xx_hal_rcc.o
    0x08001d98   0x08001d98   0x00000404   Code   RO         1441    i.HAL_RCC_OscConfig  stm32g4xx_hal_rcc.o
    0x0800219c   0x0800219c   0x000000ea   Code   RO         2691    i.HAL_SPI_Init      stm32g4xx_hal_spi.o
    0x08002286   0x08002286   0x00000002   PAD
    0x08002288   0x08002288   0x000000a4   Code   RO          342    i.HAL_SPI_MspInit   spi.o
    0x0800232c   0x0800232c   0x0000017e   Code   RO         2694    i.HAL_SPI_Receive   stm32g4xx_hal_spi.o
    0x080024aa   0x080024aa   0x0000018e   Code   RO         2699    i.HAL_SPI_Transmit  stm32g4xx_hal_spi.o
    0x08002638   0x08002638   0x00000272   Code   RO         2700    i.HAL_SPI_TransmitReceive  stm32g4xx_hal_spi.o
    0x080028aa   0x080028aa   0x00000018   Code   RO         2549    i.HAL_SYSTICK_CLKSourceConfig  stm32g4xx_hal_cortex.o
    0x080028c2   0x080028c2   0x00000028   Code   RO         2551    i.HAL_SYSTICK_Config  stm32g4xx_hal_cortex.o
    0x080028ea   0x080028ea   0x00000002   Code   RO         3747    i.HAL_TIMEx_Break2Callback  stm32g4xx_hal_tim_ex.o
    0x080028ec   0x080028ec   0x00000002   Code   RO         3748    i.HAL_TIMEx_BreakCallback  stm32g4xx_hal_tim_ex.o
    0x080028ee   0x080028ee   0x00000002   Code   RO         3749    i.HAL_TIMEx_CommutCallback  stm32g4xx_hal_tim_ex.o
    0x080028f0   0x080028f0   0x00000002   Code   RO         3760    i.HAL_TIMEx_DirectionChangeCallback  stm32g4xx_hal_tim_ex.o
    0x080028f2   0x080028f2   0x00000002   Code   RO         3774    i.HAL_TIMEx_EncoderIndexCallback  stm32g4xx_hal_tim_ex.o
    0x080028f4   0x080028f4   0x00000002   Code   RO         3788    i.HAL_TIMEx_IndexErrorCallback  stm32g4xx_hal_tim_ex.o
    0x080028f6   0x080028f6   0x00000002   PAD
    0x080028f8   0x080028f8   0x0000009c   Code   RO         3789    i.HAL_TIMEx_MasterConfigSynchronization  stm32g4xx_hal_tim_ex.o
    0x08002994   0x08002994   0x00000002   Code   RO         3810    i.HAL_TIMEx_TransitionErrorCallback  stm32g4xx_hal_tim_ex.o
    0x08002996   0x08002996   0x00000062   Code   RO         3033    i.HAL_TIM_Base_Init  stm32g4xx_hal_tim.o
    0x080029f8   0x080029f8   0x0000003c   Code   RO          390    i.HAL_TIM_Base_MspInit  tim.o
    0x08002a34   0x08002a34   0x00000078   Code   RO         3038    i.HAL_TIM_Base_Start_IT  stm32g4xx_hal_tim.o
    0x08002aac   0x08002aac   0x00000100   Code   RO         3042    i.HAL_TIM_ConfigClockSource  stm32g4xx_hal_tim.o
    0x08002bac   0x08002bac   0x00000002   Code   RO         3067    i.HAL_TIM_IC_CaptureCallback  stm32g4xx_hal_tim.o
    0x08002bae   0x08002bae   0x000001a2   Code   RO         3081    i.HAL_TIM_IRQHandler  stm32g4xx_hal_tim.o
    0x08002d50   0x08002d50   0x00000002   Code   RO         3084    i.HAL_TIM_OC_DelayElapsedCallback  stm32g4xx_hal_tim.o
    0x08002d52   0x08002d52   0x00000002   Code   RO         3111    i.HAL_TIM_PWM_PulseFinishedCallback  stm32g4xx_hal_tim.o
    0x08002d54   0x08002d54   0x00000060   Code   RO          391    i.HAL_TIM_PeriodElapsedCallback  tim.o
    0x08002db4   0x08002db4   0x00000002   Code   RO         3124    i.HAL_TIM_TriggerCallback  stm32g4xx_hal_tim.o
    0x08002db6   0x08002db6   0x0000003e   Code   RO         4596    i.HAL_UARTEx_DisableFifoMode  stm32g4xx_hal_uart_ex.o
    0x08002df4   0x08002df4   0x0000004a   Code   RO         4602    i.HAL_UARTEx_ReceiveToIdle_DMA  stm32g4xx_hal_uart_ex.o
    0x08002e3e   0x08002e3e   0x00000002   PAD
    0x08002e40   0x08002e40   0x00000038   Code   RO          439    i.HAL_UARTEx_RxEventCallback  usart.o
    0x08002e78   0x08002e78   0x00000002   Code   RO         4604    i.HAL_UARTEx_RxFifoFullCallback  stm32g4xx_hal_uart_ex.o
    0x08002e7a   0x08002e7a   0x0000004c   Code   RO         4605    i.HAL_UARTEx_SetRxFifoThreshold  stm32g4xx_hal_uart_ex.o
    0x08002ec6   0x08002ec6   0x0000004c   Code   RO         4606    i.HAL_UARTEx_SetTxFifoThreshold  stm32g4xx_hal_uart_ex.o
    0x08002f12   0x08002f12   0x00000002   Code   RO         4608    i.HAL_UARTEx_TxFifoEmptyCallback  stm32g4xx_hal_uart_ex.o
    0x08002f14   0x08002f14   0x00000002   Code   RO         4609    i.HAL_UARTEx_WakeupCallback  stm32g4xx_hal_uart_ex.o
    0x08002f16   0x08002f16   0x00000002   Code   RO         4201    i.HAL_UART_ErrorCallback  stm32g4xx_hal_uart.o
    0x08002f18   0x08002f18   0x0000031c   Code   RO         4204    i.HAL_UART_IRQHandler  stm32g4xx_hal_uart.o
    0x08003234   0x08003234   0x0000006a   Code   RO         4205    i.HAL_UART_Init     stm32g4xx_hal_uart.o
    0x0800329e   0x0800329e   0x00000002   PAD
    0x080032a0   0x080032a0   0x000000f4   Code   RO          441    i.HAL_UART_MspInit  usart.o
    0x08003394   0x08003394   0x00000002   Code   RO         4212    i.HAL_UART_RxCpltCallback  stm32g4xx_hal_uart.o
    0x08003396   0x08003396   0x00000002   Code   RO         4213    i.HAL_UART_RxHalfCpltCallback  stm32g4xx_hal_uart.o
    0x08003398   0x08003398   0x000000ae   Code   RO         4214    i.HAL_UART_Transmit  stm32g4xx_hal_uart.o
    0x08003446   0x08003446   0x00000002   PAD
    0x08003448   0x08003448   0x00000090   Code   RO         4215    i.HAL_UART_Transmit_DMA  stm32g4xx_hal_uart.o
    0x080034d8   0x080034d8   0x00000002   Code   RO         4217    i.HAL_UART_TxCpltCallback  stm32g4xx_hal_uart.o
    0x080034da   0x080034da   0x00000002   Code   RO         4218    i.HAL_UART_TxHalfCpltCallback  stm32g4xx_hal_uart.o
    0x080034dc   0x080034dc   0x00000002   Code   RO          524    i.HardFault_Handler  stm32g4xx_it.o
    0x080034de   0x080034de   0x00000022   Code   RO          707    i.I2C_Flush_TXDR    stm32g4xx_hal_i2c.o
    0x08003500   0x08003500   0x0000010c   Code   RO          715    i.I2C_IsErrorOccurred  stm32g4xx_hal_i2c.o
    0x0800360c   0x0800360c   0x00000030   Code   RO          724    i.I2C_TransferConfig  stm32g4xx_hal_i2c.o
    0x0800363c   0x0800363c   0x0000007a   Code   RO          726    i.I2C_WaitOnFlagUntilTimeout  stm32g4xx_hal_i2c.o
    0x080036b6   0x080036b6   0x00000002   PAD
    0x080036b8   0x080036b8   0x000000a8   Code   RO          727    i.I2C_WaitOnRXNEFlagUntilTimeout  stm32g4xx_hal_i2c.o
    0x08003760   0x08003760   0x00000056   Code   RO          728    i.I2C_WaitOnSTOPFlagUntilTimeout  stm32g4xx_hal_i2c.o
    0x080037b6   0x080037b6   0x0000005a   Code   RO          729    i.I2C_WaitOnTXISFlagUntilTimeout  stm32g4xx_hal_i2c.o
    0x08003810   0x08003810   0x00000424   Code   RO         5439    i.IMU_Calibration   angle.o
    0x08003c34   0x08003c34   0x000001a8   Code   RO         5440    i.IMU_DataUpdate    angle.o
    0x08003ddc   0x08003ddc   0x000004a0   Code   RO         5441    i.IMU_GetAngle      angle.o
    0x0800427c   0x0800427c   0x0000004c   Code   RO          275    i.MX_DMA_Init       dma.o
    0x080042c8   0x080042c8   0x000000e8   Code   RO          246    i.MX_GPIO_Init      gpio.o
    0x080043b0   0x080043b0   0x00000060   Code   RO          301    i.MX_I2C2_Init      i2c.o
    0x08004410   0x08004410   0x00000050   Code   RO          343    i.MX_SPI1_Init      spi.o
    0x08004460   0x08004460   0x00000050   Code   RO          344    i.MX_SPI3_Init      spi.o
    0x080044b0   0x080044b0   0x0000006c   Code   RO          392    i.MX_TIM1_Init      tim.o
    0x0800451c   0x0800451c   0x00000068   Code   RO          442    i.MX_USART1_UART_Init  usart.o
    0x08004584   0x08004584   0x00000002   Code   RO          525    i.MemManage_Handler  stm32g4xx_it.o
    0x08004586   0x08004586   0x00000002   Code   RO          526    i.NMI_Handler       stm32g4xx_it.o
    0x08004588   0x08004588   0x00000002   Code   RO          527    i.PendSV_Handler    stm32g4xx_it.o
    0x0800458a   0x0800458a   0x00000074   Code   RO         2728    i.SPI_EndRxTransaction  stm32g4xx_hal_spi.o
    0x080045fe   0x080045fe   0x00000048   Code   RO         2729    i.SPI_EndRxTxTransaction  stm32g4xx_hal_spi.o
    0x08004646   0x08004646   0x00000002   PAD
    0x08004648   0x08004648   0x000000e0   Code   RO         2734    i.SPI_WaitFifoStateUntilTimeout  stm32g4xx_hal_spi.o
    0x08004728   0x08004728   0x000000b8   Code   RO         2735    i.SPI_WaitFlagStateUntilTimeout  stm32g4xx_hal_spi.o
    0x080047e0   0x080047e0   0x00000002   Code   RO          528    i.SVC_Handler       stm32g4xx_it.o
    0x080047e2   0x080047e2   0x00000004   Code   RO          529    i.SysTick_Handler   stm32g4xx_it.o
    0x080047e6   0x080047e6   0x00000066   Code   RO           14    i.SystemClock_Config  main.o
    0x0800484c   0x0800484c   0x00000010   Code   RO         4715    i.SystemInit        system_stm32g4xx.o
    0x0800485c   0x0800485c   0x0000000c   Code   RO          530    i.TIM1_UP_TIM16_IRQHandler  stm32g4xx_it.o
    0x08004868   0x08004868   0x000000bc   Code   RO         3126    i.TIM_Base_SetConfig  stm32g4xx_hal_tim.o
    0x08004924   0x08004924   0x00000014   Code   RO         3137    i.TIM_ETR_SetConfig  stm32g4xx_hal_tim.o
    0x08004938   0x08004938   0x00000014   Code   RO         3138    i.TIM_ITRx_SetConfig  stm32g4xx_hal_tim.o
    0x0800494c   0x0800494c   0x00000022   Code   RO         3146    i.TIM_TI1_ConfigInputStage  stm32g4xx_hal_tim.o
    0x0800496e   0x0800496e   0x00000024   Code   RO         3148    i.TIM_TI2_ConfigInputStage  stm32g4xx_hal_tim.o
    0x08004992   0x08004992   0x00000002   PAD
    0x08004994   0x08004994   0x00000044   Code   RO         4610    i.UARTEx_SetNbDataToProcess  stm32g4xx_hal_uart_ex.o
    0x080049d8   0x080049d8   0x000000c8   Code   RO         4219    i.UART_AdvFeatureConfig  stm32g4xx_hal_uart.o
    0x08004aa0   0x08004aa0   0x000000ac   Code   RO         4220    i.UART_CheckIdleState  stm32g4xx_hal_uart.o
    0x08004b4c   0x08004b4c   0x00000010   Code   RO         4221    i.UART_DMAAbortOnError  stm32g4xx_hal_uart.o
    0x08004b5c   0x08004b5c   0x00000050   Code   RO         4222    i.UART_DMAError     stm32g4xx_hal_uart.o
    0x08004bac   0x08004bac   0x00000086   Code   RO         4223    i.UART_DMAReceiveCplt  stm32g4xx_hal_uart.o
    0x08004c32   0x08004c32   0x00000020   Code   RO         4225    i.UART_DMARxHalfCplt  stm32g4xx_hal_uart.o
    0x08004c52   0x08004c52   0x00000042   Code   RO         4227    i.UART_DMATransmitCplt  stm32g4xx_hal_uart.o
    0x08004c94   0x08004c94   0x0000000a   Code   RO         4229    i.UART_DMATxHalfCplt  stm32g4xx_hal_uart.o
    0x08004c9e   0x08004c9e   0x00000002   PAD
    0x08004ca0   0x08004ca0   0x00000054   Code   RO         4231    i.UART_EndRxTransfer  stm32g4xx_hal_uart.o
    0x08004cf4   0x08004cf4   0x0000002e   Code   RO         4232    i.UART_EndTxTransfer  stm32g4xx_hal_uart.o
    0x08004d22   0x08004d22   0x00000002   PAD
    0x08004d24   0x08004d24   0x00000274   Code   RO         4237    i.UART_SetConfig    stm32g4xx_hal_uart.o
    0x08004f98   0x08004f98   0x000000a8   Code   RO         4238    i.UART_Start_Receive_DMA  stm32g4xx_hal_uart.o
    0x08005040   0x08005040   0x00000094   Code   RO         4244    i.UART_WaitOnFlagUntilTimeout  stm32g4xx_hal_uart.o
    0x080050d4   0x080050d4   0x00000020   Code   RO          531    i.USART1_IRQHandler  stm32g4xx_it.o
    0x080050f4   0x080050f4   0x00000002   Code   RO          532    i.UsageFault_Handler  stm32g4xx_it.o
    0x080050f6   0x080050f6   0x00000002   PAD
    0x080050f8   0x080050f8   0x00000020   Code   RO         6022    i.__0printf         mc_w.l(printfa.o)
    0x08005118   0x08005118   0x00000034   Code   RO         6027    i.__0vsnprintf      mc_w.l(printfa.o)
    0x0800514c   0x0800514c   0x00000026   Code   RO         6088    i.__ARM_fpclassifyf  m_wm.l(fpclassifyf.o)
    0x08005172   0x08005172   0x00000020   Code   RO         2553    i.__NVIC_SetPriority  stm32g4xx_hal_cortex.o
    0x08005192   0x08005192   0x00000002   PAD
    0x08005194   0x08005194   0x000002ac   Code   RO         5714    i.__hardfp_atan2f   m_wm.l(atan2f.o)
    0x08005440   0x08005440   0x00000150   Code   RO         5726    i.__hardfp_cosf     m_wm.l(cosf.o)
    0x08005590   0x08005590   0x000001e8   Code   RO         5738    i.__hardfp_expf     m_wm.l(expf.o)
    0x08005778   0x08005778   0x00000190   Code   RO         5752    i.__hardfp_sinf     m_wm.l(sinf.o)
    0x08005908   0x08005908   0x0000003a   Code   RO         5764    i.__hardfp_sqrtf    m_wm.l(sqrtf.o)
    0x08005942   0x08005942   0x00000006   Code   RO         6091    i.__mathlib_flt_infnan  m_wm.l(funder.o)
    0x08005948   0x08005948   0x00000006   Code   RO         6092    i.__mathlib_flt_infnan2  m_wm.l(funder.o)
    0x0800594e   0x0800594e   0x00000002   PAD
    0x08005950   0x08005950   0x00000010   Code   RO         6093    i.__mathlib_flt_invalid  m_wm.l(funder.o)
    0x08005960   0x08005960   0x00000010   Code   RO         6094    i.__mathlib_flt_overflow  m_wm.l(funder.o)
    0x08005970   0x08005970   0x00000010   Code   RO         6096    i.__mathlib_flt_underflow  m_wm.l(funder.o)
    0x08005980   0x08005980   0x00000154   Code   RO         6104    i.__mathlib_rredf2  m_wm.l(rredf.o)
    0x08005ad4   0x08005ad4   0x0000000e   Code   RO         6158    i.__scatterload_copy  mc_w.l(handlers.o)
    0x08005ae2   0x08005ae2   0x00000002   Code   RO         6159    i.__scatterload_null  mc_w.l(handlers.o)
    0x08005ae4   0x08005ae4   0x0000000e   Code   RO         6160    i.__scatterload_zeroinit  mc_w.l(handlers.o)
    0x08005af2   0x08005af2   0x00000002   PAD
    0x08005af4   0x08005af4   0x0000000c   Code   RO         6136    i.__set_errno       mc_w.l(errno.o)
    0x08005b00   0x08005b00   0x00000184   Code   RO         6029    i._fp_digits        mc_w.l(printfa.o)
    0x08005c84   0x08005c84   0x000006b4   Code   RO         6030    i._printf_core      mc_w.l(printfa.o)
    0x08006338   0x08006338   0x00000024   Code   RO         6031    i._printf_post_padding  mc_w.l(printfa.o)
    0x0800635c   0x0800635c   0x0000002e   Code   RO         6032    i._printf_pre_padding  mc_w.l(printfa.o)
    0x0800638a   0x0800638a   0x00000016   Code   RO         6033    i._snputc           mc_w.l(printfa.o)
    0x080063a0   0x080063a0   0x0000001c   Code   RO         5103    i.bmm350_delay_us   bmm350.o
    0x080063bc   0x080063bc   0x0000004c   Code   RO         5104    i.bmm350_enable_axes  bmm350.o
    0x08006408   0x08006408   0x00000036   Code   RO         5105    i.bmm350_enable_interrupt  bmm350.o
    0x0800643e   0x0800643e   0x00000002   PAD
    0x08006440   0x08006440   0x000001dc   Code   RO         5106    i.bmm350_get_compensated_mag_xyz_temp_data  bmm350.o
    0x0800661c   0x0800661c   0x0000004a   Code   RO         5108    i.bmm350_get_pmu_cmd_status_0  bmm350.o
    0x08006666   0x08006666   0x0000005e   Code   RO         5109    i.bmm350_get_regs   bmm350.o
    0x080066c4   0x080066c4   0x000000c0   Code   RO         5110    i.bmm350_init       bmm350.o
    0x08006784   0x08006784   0x000000d4   Code   RO         5111    i.bmm350_magnetic_reset_and_wait  bmm350.o
    0x08006858   0x08006858   0x000000ca   Code   RO         5114    i.bmm350_read_uncomp_mag_temp_data  bmm350.o
    0x08006922   0x08006922   0x00000078   Code   RO         5118    i.bmm350_set_odr_performance  bmm350.o
    0x0800699a   0x0800699a   0x00000022   Code   RO         5119    i.bmm350_set_pad_drive  bmm350.o
    0x080069bc   0x080069bc   0x00000064   Code   RO         5120    i.bmm350_set_powermode  bmm350.o
    0x08006a20   0x08006a20   0x0000003a   Code   RO         5121    i.bmm350_set_regs   bmm350.o
    0x08006a5a   0x08006a5a   0x00000052   Code   RO         4919    i.check_out_of_bounds_mreg  inv_imu_transport.o
    0x08006aac   0x08006aac   0x00000014   Code   RO         5386    i.delay_init        delay.o
    0x08006ac0   0x08006ac0   0x00000036   Code   RO         5387    i.delay_ms          delay.o
    0x08006af6   0x08006af6   0x00000002   PAD
    0x08006af8   0x08006af8   0x00000034   Code   RO         5388    i.delay_us          delay.o
    0x08006b2c   0x08006b2c   0x00000042   Code   RO         5124    i.fix_sign          bmm350.o
    0x08006b6e   0x08006b6e   0x00000002   PAD
    0x08006b70   0x08006b70   0x00000048   Code   RO           15    i.flash_param_read  main.o
    0x08006bb8   0x08006bb8   0x00000018   Code   RO          443    i.fputc             usart.o
    0x08006bd0   0x08006bd0   0x00000050   Code   RO         6050    i.free              mc_w.l(malloc.o)
    0x08006c20   0x08006c20   0x00000254   Code   RO         4977    i.icm45686_data_update  icm45686_task.o
    0x08006e74   0x08006e74   0x000003e8   Code   RO         4978    i.imu_init          icm45686_task.o
    0x0800725c   0x0800725c   0x0000002c   Code   RO         5571    i.invSqrt           hana_math.o
    0x08007288   0x08007288   0x00000020   Code   RO         4751    i.inv_imu_get_endianness  inv_imu_driver.o
    0x080072a8   0x080072a8   0x00000066   Code   RO         4756    i.inv_imu_get_register_data  inv_imu_driver.o
    0x0800730e   0x0800730e   0x0000002c   Code   RO         4758    i.inv_imu_get_who_am_i  inv_imu_driver.o
    0x0800733a   0x0800733a   0x00000010   Code   RO         4920    i.inv_imu_read_reg  inv_imu_transport.o
    0x0800734a   0x0800734a   0x00000032   Code   RO         4759    i.inv_imu_select_accel_lp_clk  inv_imu_driver.o
    0x0800737c   0x0800737c   0x0000002e   Code   RO         4760    i.inv_imu_set_accel_frequency  inv_imu_driver.o
    0x080073aa   0x080073aa   0x0000002e   Code   RO         4761    i.inv_imu_set_accel_fsr  inv_imu_driver.o
    0x080073d8   0x080073d8   0x00000032   Code   RO         4762    i.inv_imu_set_accel_ln_bw  inv_imu_driver.o
    0x0800740a   0x0800740a   0x00000036   Code   RO         4764    i.inv_imu_set_accel_mode  inv_imu_driver.o
    0x08007440   0x08007440   0x0000009e   Code   RO         4765    i.inv_imu_set_config_int  inv_imu_driver.o
    0x080074de   0x080074de   0x0000002e   Code   RO         4767    i.inv_imu_set_gyro_frequency  inv_imu_driver.o
    0x0800750c   0x0800750c   0x0000002e   Code   RO         4768    i.inv_imu_set_gyro_fsr  inv_imu_driver.o
    0x0800753a   0x0800753a   0x00000032   Code   RO         4769    i.inv_imu_set_gyro_ln_bw  inv_imu_driver.o
    0x0800756c   0x0800756c   0x00000036   Code   RO         4771    i.inv_imu_set_gyro_mode  inv_imu_driver.o
    0x080075a2   0x080075a2   0x0000004e   Code   RO         4772    i.inv_imu_set_pin_config_int  inv_imu_driver.o
    0x080075f0   0x080075f0   0x0000000c   Code   RO         4773    i.inv_imu_sleep_us  inv_imu_driver.o
    0x080075fc   0x080075fc   0x00000086   Code   RO         4774    i.inv_imu_soft_reset  inv_imu_driver.o
    0x08007682   0x08007682   0x0000000e   Code   RO         4922    i.inv_imu_write_reg  inv_imu_transport.o
    0x08007690   0x08007690   0x00000052   Code   RO         5498    i.kalman1_filter    filter.o
    0x080076e2   0x080076e2   0x00000002   PAD
    0x080076e4   0x080076e4   0x000000c0   Code   RO           16    i.main              main.o
    0x080077a4   0x080077a4   0x0000006c   Code   RO         6051    i.malloc            mc_w.l(malloc.o)
    0x08007810   0x08007810   0x0000015c   Code   RO         5442    i.mmu_angle_update  angle.o
    0x0800796c   0x0800796c   0x00000094   Code   RO         5047    i.mmu_data_update   bmm350_task.o
    0x08007a00   0x08007a00   0x00000004   Code   RO         5048    i.mmu_delay_us      bmm350_task.o
    0x08007a04   0x08007a04   0x0000003c   Code   RO         5049    i.mmu_i2c_read      bmm350_task.o
    0x08007a40   0x08007a40   0x00000054   Code   RO         5050    i.mmu_i2c_write     bmm350_task.o
    0x08007a94   0x08007a94   0x0000022c   Code   RO         5051    i.mmu_init          bmm350_task.o
    0x08007cc0   0x08007cc0   0x00000018   Code   RO         5125    i.null_ptr_check    bmm350.o
    0x08007cd8   0x08007cd8   0x00000016   Code   RO         4924    i.read_dreg         inv_imu_transport.o
    0x08007cee   0x08007cee   0x0000005e   Code   RO         4925    i.read_mreg         inv_imu_transport.o
    0x08007d4c   0x08007d4c   0x000000d8   Code   RO         5126    i.read_otp_word     bmm350.o
    0x08007e24   0x08007e24   0x000000e0   Code   RO         5127    i.read_out_raw_data  bmm350.o
    0x08007f04   0x08007f04   0x00000084   Code   RO         5130    i.set_powermode     bmm350.o
    0x08007f88   0x08007f88   0x00000058   Code   RO         4979    i.si_io_imu1_read_reg  icm45686_task.o
    0x08007fe0   0x08007fe0   0x00000054   Code   RO         4980    i.si_io_imu1_write_reg  icm45686_task.o
    0x08008034   0x08008034   0x0000005c   Code   RO         4981    i.si_io_imu2_read_reg  icm45686_task.o
    0x08008090   0x08008090   0x00000058   Code   RO         4982    i.si_io_imu2_write_reg  icm45686_task.o
    0x080080e8   0x080080e8   0x00000004   Code   RO         4983    i.si_sleep_us       icm45686_task.o
    0x080080ec   0x080080ec   0x00000006   Code   RO         5580    i.sq                hana_math.o
    0x080080f2   0x080080f2   0x00000032   Code   RO         5337    i.stmflash_erase_page  stmflash.o
    0x08008124   0x08008124   0x00000022   Code   RO         5338    i.stmflash_read     stmflash.o
    0x08008146   0x08008146   0x00000002   PAD
    0x08008148   0x08008148   0x000001ec   Code   RO         5339    i.stmflash_write    stmflash.o
    0x08008334   0x08008334   0x00000058   Code   RO         5340    i.stmflash_write_without_check  stmflash.o
    0x0800838c   0x0800838c   0x00000188   Code   RO          444    i.uart_AT_cmd_decoder  usart.o
    0x08008514   0x08008514   0x00000030   Code   RO          445    i.uart_printf       usart.o
    0x08008544   0x08008544   0x000006b4   Code   RO          446    i.uart_send_IMU_data  usart.o
    0x08008bf8   0x08008bf8   0x0000002c   Code   RO         5131    i.update_default_coefiecents  bmm350.o
    0x08008c24   0x08008c24   0x0000025c   Code   RO         5132    i.update_mag_off_sens  bmm350.o
    0x08008e80   0x08008e80   0x00000016   Code   RO         4926    i.write_dreg        inv_imu_transport.o
    0x08008e96   0x08008e96   0x0000006a   Code   RO         4927    i.write_mreg        inv_imu_transport.o
    0x08008f00   0x08008f00   0x00000018   Data   RO         4245    .constdata          stm32g4xx_hal_uart.o
    0x08008f18   0x08008f18   0x00000010   Data   RO         4611    .constdata          stm32g4xx_hal_uart_ex.o
    0x08008f28   0x08008f28   0x00000010   Data   RO         4716    .constdata          system_stm32g4xx.o
    0x08008f38   0x08008f38   0x00000008   Data   RO         4717    .constdata          system_stm32g4xx.o
    0x08008f40   0x08008f40   0x00000020   Data   RO         5133    .constdata          bmm350.o
    0x08008f60   0x08008f60   0x00000030   Data   RO         5741    .constdata          m_wm.l(expf.o)
    0x08008f90   0x08008f90   0x00000020   Data   RO         6105    .constdata          m_wm.l(rredf.o)
    0x08008fb0   0x08008fb0   0x00000043   Data   RO         5053    .conststring        bmm350_task.o
    0x08008ff3   0x08008ff3   0x00000001   PAD
    0x08008ff4   0x08008ff4   0x00000020   Data   RO         6156    Region$$Table       anon$$obj.o


    Execution Region RW_IRAM1 (Exec base: 0x20000000, Load base: 0x08009014, Size: 0x000072b8, Max: 0x00008000, ABSOLUTE)

    Exec Addr    Load Addr    Size         Type   Attr      Idx    E Section Name        Object

    0x20000000   0x08009014   0x0000000c   Data   RW          394    .data               tim.o
    0x2000000c   0x08009020   0x00000008   Data   RW          448    .data               usart.o
    0x20000014   0x08009028   0x0000000c   Data   RW         1213    .data               stm32g4xx_hal.o
    0x20000020   0x08009034   0x00000020   Data   RW         1681    .data               stm32g4xx_hal_flash.o
    0x20000040   0x08009054   0x00000004   Data   RW         4718    .data               system_stm32g4xx.o
    0x20000044   0x08009058   0x00000004   Data   RW         5389    .data               delay.o
    0x20000048   0x0800905c   0x00000058   Data   RW         5444    .data               angle.o
    0x200000a0   0x080090b4   0x00000004   Data   RW         6123    .data               mc_w.l(stdout.o)
    0x200000a4   0x080090b8   0x00000004   Data   RW         6132    .data               mc_w.l(mvars.o)
    0x200000a8   0x080090bc   0x00000004   Data   RW         6133    .data               mc_w.l(mvars.o)
    0x200000ac   0x080090c0   0x00000004   Data   RW         6137    .data               mc_w.l(errno.o)
    0x200000b0        -       0x00000054   Zero   RW          302    .bss                i2c.o
    0x20000104        -       0x000000c8   Zero   RW          345    .bss                spi.o
    0x200001cc        -       0x0000004c   Zero   RW          393    .bss                tim.o
    0x20000218        -       0x000005d0   Zero   RW          447    .bss                usart.o
    0x200007e8        -       0x0000012e   Zero   RW         4984    .bss                icm45686_task.o
    0x20000916   0x080090c4   0x00000002   PAD
    0x20000918        -       0x000000e4   Zero   RW         5052    .bss                bmm350_task.o
    0x200009fc   0x080090c4   0x00000004   PAD
    0x20000a00        -       0x00000800   Zero   RW         5341    .bss                stmflash.o
    0x20001200        -       0x000000b8   Zero   RW         5443    .bss                angle.o
    0x200012b8        -       0x00002000   Zero   RW            2    HEAP                startup_stm32g431xx.o
    0x200032b8        -       0x00004000   Zero   RW            1    STACK               startup_stm32g431xx.o


==============================================================================

Image component sizes


      Code (inc. data)   RO Data    RW Data    ZI Data      Debug   Object Name

      3016        282          0         88        184       6407   angle.o
      3030         72         32          0          0      46343   bmm350.o
       852        340         67          0        228       5200   bmm350_task.o
       126          8          0          4          0       2195   delay.o
        76          4          0          0          0        866   dma.o
        82          0          0          0          0       1649   filter.o
       272         18          0          0          0       1668   gpio.o
        50          4          0          0          0       1543   hana_math.o
       224         22          0          0         84       1833   i2c.o
      1952         82          0          0        302       8025   icm45686_task.o
      1002          0          0          0          0      14560   inv_imu_driver.o
       356          0          0          0          0       5963   inv_imu_transport.o
       370         38          0          0          0     741069   main.o
       324         36          0          0        200       2490   spi.o
        36          8        472          0      24576        860   startup_stm32g431xx.o
       126         20          0         12          0       3821   stm32g4xx_hal.o
       222         14          0          0          0      34621   stm32g4xx_hal_cortex.o
       912         30          0          0          0       7385   stm32g4xx_hal_dma.o
       400         48          0         32          0      23430   stm32g4xx_hal_flash.o
       372         28          0          0          0       4326   stm32g4xx_hal_flash_ex.o
       634         40          0          0          0       3736   stm32g4xx_hal_gpio.o
      1628         36          0          0          0      11886   stm32g4xx_hal_i2c.o
       208         10          0          0          0       2682   stm32g4xx_hal_i2c_ex.o
       120          4          0          0          0        946   stm32g4xx_hal_msp.o
       204         18          0          0          0       1449   stm32g4xx_hal_pwr_ex.o
      1644         82          0          0          0       6356   stm32g4xx_hal_rcc.o
       648         10          0          0          0       1932   stm32g4xx_hal_rcc_ex.o
      2236         10          0          0          0      10066   stm32g4xx_hal_spi.o
      1198         76          0          0          0      10849   stm32g4xx_hal_tim.o
       170         24          0          0          0       5632   stm32g4xx_hal_tim_ex.o
      3014        110         24          0          0      38002   stm32g4xx_hal_uart.o
       362          6         16          0          0       6489   stm32g4xx_hal_uart_ex.o
        94         26          0          0          0       6906   stm32g4xx_it.o
       664          8          0          0       2048       4845   stmflash.o
        16          4         24          4          0       1199   system_stm32g4xx.o
       264         30          0         12         76       2693   tim.o
      2584        278          0          8       1488       9282   usart.o

    ----------------------------------------------------------------------
     29534       1826        668        160      29192    1039204   Object Totals
         0          0         32          0          0          0   (incl. Generated)
        46          0          1          0          6          0   (incl. Padding)

    ----------------------------------------------------------------------

      Code (inc. data)   RO Data    RW Data    ZI Data      Debug   Library Member Name

       684         90          0          0          0        208   atan2f.o
       336         56          0          0          0        136   cosf.o
       488         62         48          0          0        236   expf.o
        38          0          0          0          0        116   fpclassifyf.o
        60         18          0          0          0        580   funder.o
       340         24         32          0          0        160   rredf.o
       400         56          0          0          0        212   sinf.o
        58          0          0          0          0        136   sqrtf.o
         0          0          0          0          0          0   entry.o
         0          0          0          0          0          0   entry10a.o
         0          0          0          0          0          0   entry11a.o
         4          0          0          0          0          0   entry12b.o
         8          4          0          0          0          0   entry2.o
         4          0          0          0          0          0   entry5.o
         0          0          0          0          0          0   entry7b.o
         0          0          0          0          0          0   entry8b.o
         8          4          0          0          0          0   entry9a.o
        12          6          0          4          0         68   errno.o
        30          0          0          0          0          0   handlers.o
        36          8          0          0          0         68   init.o
         0          0          0          0          0          0   iusefp.o
        30          0          0          0          0         68   llshl.o
        36          0          0          0          0         68   llsshr.o
        32          0          0          0          0         68   llushr.o
       188         20          0          0          0        160   malloc.o
        36          0          0          0          0         68   memcpya.o
        36          0          0          0          0        108   memseta.o
         0          0          0          8          0          0   mvars.o
      2292         96          0          0          0        612   printfa.o
         0          0          0          4          0          0   stdout.o
        28          0          0          0          0         76   strcmp.o
        44          0          0          0          0         80   uidiv.o
        98          0          0          0          0         92   uldiv.o
        48          0          0          0          0         68   cdrcmple.o
        56          0          0          0          0         88   d2f.o
       334          0          0          0          0        148   dadd.o
       222          0          0          0          0        100   ddiv.o
       186          0          0          0          0        176   depilogue.o
        48          0          0          0          0         68   dfixul.o
       228          0          0          0          0         96   dmul.o
        38          0          0          0          0         68   f2d.o
       110          0          0          0          0        168   fepilogue.o

    ----------------------------------------------------------------------
      6602        444         80         16          0       4300   Library Totals
         6          0          0          0          0          0   (incl. Padding)

    ----------------------------------------------------------------------

      Code (inc. data)   RO Data    RW Data    ZI Data      Debug   Library Name

      2404        306         80          0          0       1784   m_wm.l
      2922        138          0         16          0       1536   mc_w.l
      1270          0          0          0          0        980   mf_w.l

    ----------------------------------------------------------------------
      6602        444         80         16          0       4300   Library Totals

    ----------------------------------------------------------------------

==============================================================================


      Code (inc. data)   RO Data    RW Data    ZI Data      Debug   

     36136       2270        748        176      29192    1020208   Grand Totals
     36136       2270        748        176      29192    1020208   ELF Image Totals
     36136       2270        748        176          0          0   ROM Totals

==============================================================================

    Total RO  Size (Code + RO Data)                36884 (  36.02kB)
    Total RW  Size (RW Data + ZI Data)             29368 (  28.68kB)
    Total ROM Size (Code + RO Data + RW Data)      37060 (  36.19kB)

==============================================================================

